66.249.70.107 - - [07/May/2023:13:32:52 -0400] "GET /wp-includes/js/wp-util.min.js?ver=6.2 HTTP/1.1" 200 690 "https://ovaltechstore.com.pe/producto/silla-gamer-rgb-con-masajeador-lumbar-blazze-pro-negro/" "Mozilla/5.0 AppleWebKit/537.36 (KHTML, like Gecko; compatible; Googlebot/2.1; +http://www.google.com/bot.html) Chrome/112.0.5615.142 Safari/537.36"
66.249.70.107 - - [07/May/2023:13:32:53 -0400] "GET /wp-content/plugins/woocommerce/assets/js/zoom/jquery.zoom.min.js?ver=1.7.21-wc.7.0.1 HTTP/1.1" 200 1041 "https://ovaltechstore.com.pe/producto/silla-gamer-rgb-con-masajeador-lumbar-blazze-pro-negro/" "Mozilla/5.0 AppleWebKit/537.36 (KHTML, like Gecko; compatible; Googlebot/2.1; +http://www.google.com/bot.html) Chrome/112.0.5615.142 Safari/537.36"
66.249.70.107 - - [07/May/2023:13:32:53 -0400] "GET /wp-content/plugins/woocommerce/assets/js/photoswipe/photoswipe.min.js?ver=4.1.1-wc.7.0.1 HTTP/1.1" 200 11613 "https://ovaltechstore.com.pe/producto/silla-gamer-rgb-con-masajeador-lumbar-blazze-pro-negro/" "Mozilla/5.0 AppleWebKit/537.36 (KHTML, like Gecko; compatible; Googlebot/2.1; +http://www.google.com/bot.html) Chrome/112.0.5615.142 Safari/537.36"
66.249.70.107 - - [07/May/2023:13:32:54 -0400] "GET /wp-content/plugins/woocommerce/assets/js/photoswipe/photoswipe-ui-default.min.js?ver=4.1.1-wc.7.0.1 HTTP/1.1" 200 3432 "https://ovaltechstore.com.pe/producto/silla-gamer-rgb-con-masajeador-lumbar-blazze-pro-negro/" "Mozilla/5.0 AppleWebKit/537.36 (KHTML, like Gecko; compatible; Googlebot/2.1; +http://www.google.com/bot.html) Chrome/112.0.5615.142 Safari/537.36"
69.46.23.98 - - [07/May/2023:13:32:56 -0400] "POST /wp-cron.php?doing_wp_cron=1683480776.9262709617614746093750 HTTP/1.1" 200 0 "-" "WordPress/6.2; https://ovaltechstore.com.pe"
66.249.70.107 - - [07/May/2023:13:32:54 -0400] "POST /?wc-ajax=get_refreshed_fragments&elementor_page_id=527 HTTP/1.1" 200 182 "https://ovaltechstore.com.pe/producto/silla-gamer-rgb-con-masajeador-lumbar-blazze-pro-negro/" "Mozilla/5.0 AppleWebKit/537.36 (KHTML, like Gecko; compatible; Googlebot/2.1; +http://www.google.com/bot.html) Chrome/112.0.5615.142 Safari/537.36"
66.249.70.107 - - [07/May/2023:13:32:56 -0400] "GET /wp-content/plugins/elementor/assets/js/lightbox.2d166d71ba2a6a9e66fd.bundle.min.js HTTP/1.1" 200 9020 "https://ovaltechstore.com.pe/producto/silla-gamer-rgb-con-masajeador-lumbar-blazze-pro-negro/" "Mozilla/5.0 AppleWebKit/537.36 (KHTML, like Gecko; compatible; Googlebot/2.1; +http://www.google.com/bot.html) Chrome/112.0.5615.142 Safari/537.36"
66.249.70.107 - - [07/May/2023:13:32:58 -0400] "GET /wp-content/plugins/elementor/assets/lib/dialog/dialog.min.js?ver=4.9.0 HTTP/1.1" 200 3268 "https://ovaltechstore.com.pe/producto/silla-gamer-rgb-con-masajeador-lumbar-blazze-pro-negro/" "Mozilla/5.0 AppleWebKit/537.36 (KHTML, like Gecko; compatible; Googlebot/2.1; +http://www.google.com/bot.html) Chrome/112.0.5615.142 Safari/537.36"
66.249.70.107 - - [07/May/2023:13:32:59 -0400] "GET /wp-content/plugins/elementor/assets/lib/share-link/share-link.min.js?ver=3.8.0 HTTP/1.1" 200 1047 "https://ovaltechstore.com.pe/producto/silla-gamer-rgb-con-masajeador-lumbar-blazze-pro-negro/" "Mozilla/5.0 AppleWebKit/537.36 (KHTML, like Gecko; compatible; Googlebot/2.1; +http://www.google.com/bot.html) Chrome/112.0.5615.142 Safari/537.36"
69.46.23.98 - - [07/May/2023:13:36:44 -0400] "POST /wp-cron.php?doing_wp_cron=1683481004.1996710300445556640625 HTTP/1.1" 200 0 "-" "WordPress/6.2; https://ovaltechstore.com.pe"
66.249.70.109 - - [07/May/2023:13:36:43 -0400] "GET /wp-sitemap-taxonomies-product_cat-1.xml HTTP/1.1" 200 251 "-" "Mozilla/5.0 (compatible; Googlebot/2.1; +http://www.google.com/bot.html)"
69.46.23.98 - - [07/May/2023:14:10:26 -0400] "POST /wp-cron.php?doing_wp_cron=1683483026.1594579219818115234375 HTTP/1.1" 200 0 "-" "WordPress/6.2; https://ovaltechstore.com.pe"
17.241.219.45 - - [07/May/2023:14:10:24 -0400] "GET /robots.txt HTTP/1.1" 200 114 "-" "Mozilla/5.0 (Macintosh; Intel Mac OS X 10_15_5) AppleWebKit/605.1.15 (KHTML, like Gecko) Version/13.1.1 Safari/605.1.15 (Applebot/0.1; +http://www.apple.com/go/applebot)"
17.241.219.45 - - [07/May/2023:14:10:26 -0400] "GET /wp-content/uploads/2022/11/cb8a76f5-76f2-46af-9fcf-26cbcc724434.jpg HTTP/1.1" 200 12670 "-" "Mozilla/5.0 (Macintosh; Intel Mac OS X 10_15_5) AppleWebKit/605.1.15 (KHTML, like Gecko) Version/13.1.1 Safari/605.1.15 (Applebot/0.1; +http://www.apple.com/go/applebot)"
69.46.23.98 - - [07/May/2023:15:05:51 -0400] "POST /wp-cron.php?doing_wp_cron=1683486351.3400430679321289062500 HTTP/1.1" 200 0 "-" "WordPress/6.2; https://ovaltechstore.com.pe"
66.249.70.111 - - [07/May/2023:15:05:50 -0400] "GET /robots.txt HTTP/1.1" 200 98 "-" "Mozilla/5.0 (compatible; Googlebot/2.1; +http://www.google.com/bot.html)"
66.249.70.107 - - [07/May/2023:15:05:52 -0400] "GET / HTTP/1.1" 200 24866 "-" "Mozilla/5.0 (compatible; Googlebot/2.1; +http://www.google.com/bot.html)"
66.249.70.111 - - [07/May/2023:16:26:17 -0400] "GET /wp-content/plugins/elementor/assets/lib/eicons/css/elementor-icons.min.css?ver=5.16.0 HTTP/1.1" 200 3629 "https://ovaltechstore.com.pe/" "Mozilla/5.0 AppleWebKit/537.36 (KHTML, like Gecko; compatible; Googlebot/2.1; +http://www.google.com/bot.html) Chrome/112.0.5615.142 Safari/537.36"
66.249.70.111 - - [07/May/2023:16:26:17 -0400] "GET /wp-content/plugins/jetpack/css/jetpack.css?ver=11.5.1 HTTP/1.1" 200 15569 "https://ovaltechstore.com.pe/" "Mozilla/5.0 AppleWebKit/537.36 (KHTML, like Gecko; compatible; Googlebot/2.1; +http://www.google.com/bot.html) Chrome/112.0.5615.142 Safari/537.36"
66.249.70.109 - - [07/May/2023:16:26:18 -0400] "GET /wp-content/uploads/elementor/css/post-58.css?ver=1669226245 HTTP/1.1" 200 1361 "https://ovaltechstore.com.pe/" "Mozilla/5.0 AppleWebKit/537.36 (KHTML, like Gecko; compatible; Googlebot/2.1; +http://www.google.com/bot.html) Chrome/112.0.5615.142 Safari/537.36"
66.249.70.109 - - [07/May/2023:16:26:19 -0400] "GET /wp-content/plugins/wp-whatsapp/assets/dist/css/style.css?ver=6.2 HTTP/1.1" 200 4985 "https://ovaltechstore.com.pe/" "Mozilla/5.0 AppleWebKit/537.36 (KHTML, like Gecko; compatible; Googlebot/2.1; +http://www.google.com/bot.html) Chrome/112.0.5615.142 Safari/537.36"
66.249.70.109 - - [07/May/2023:16:26:19 -0400] "GET /wp-content/uploads/elementor/css/post-6.css?ver=1667620506 HTTP/1.1" 200 327 "https://ovaltechstore.com.pe/" "Mozilla/5.0 AppleWebKit/537.36 (KHTML, like Gecko; compatible; Googlebot/2.1; +http://www.google.com/bot.html) Chrome/112.0.5615.142 Safari/537.36"
66.249.70.109 - - [07/May/2023:16:26:20 -0400] "GET /wp-includes/js/mediaelement/wp-mediaelement.min.css?ver=6.2 HTTP/1.1" 200 982 "https://ovaltechstore.com.pe/" "Mozilla/5.0 AppleWebKit/537.36 (KHTML, like Gecko; compatible; Googlebot/2.1; +http://www.google.com/bot.html) Chrome/112.0.5615.142 Safari/537.36"
66.249.70.109 - - [07/May/2023:16:26:20 -0400] "GET /wp-includes/css/dist/block-library/style.min.css?ver=6.2 HTTP/1.1" 200 11775 "https://ovaltechstore.com.pe/" "Mozilla/5.0 AppleWebKit/537.36 (KHTML, like Gecko; compatible; Googlebot/2.1; +http://www.google.com/bot.html) Chrome/112.0.5615.142 Safari/537.36"
66.249.70.107 - - [07/May/2023:16:26:21 -0400] "GET /wp-includes/css/dashicons.min.css?ver=6.2 HTTP/1.1" 200 35110 "https://ovaltechstore.com.pe/" "Mozilla/5.0 AppleWebKit/537.36 (KHTML, like Gecko; compatible; Googlebot/2.1; +http://www.google.com/bot.html) Chrome/112.0.5615.142 Safari/537.36"
66.249.70.109 - - [07/May/2023:16:26:21 -0400] "GET /wp-includes/css/classic-themes.min.css?ver=6.2 HTTP/1.1" 200 164 "https://ovaltechstore.com.pe/" "Mozilla/5.0 AppleWebKit/537.36 (KHTML, like Gecko; compatible; Googlebot/2.1; +http://www.google.com/bot.html) Chrome/112.0.5615.142 Safari/537.36"
66.249.70.107 - - [07/May/2023:16:26:22 -0400] "GET /wp-content/plugins/elementor/assets/lib/font-awesome/css/brands.min.css?ver=5.15.3 HTTP/1.1" 200 284 "https://ovaltechstore.com.pe/" "Mozilla/5.0 AppleWebKit/537.36 (KHTML, like Gecko; compatible; Googlebot/2.1; +http://www.google.com/bot.html) Chrome/112.0.5615.142 Safari/537.36"
66.249.70.107 - - [07/May/2023:16:26:22 -0400] "GET /wp-content/plugins/elementor-pro/assets/css/frontend-lite.min.css?ver=3.7.7 HTTP/1.1" 200 1533 "https://ovaltechstore.com.pe/" "Mozilla/5.0 AppleWebKit/537.36 (KHTML, like Gecko; compatible; Googlebot/2.1; +http://www.google.com/bot.html) Chrome/112.0.5615.142 Safari/537.36"
66.249.70.109 - - [07/May/2023:16:26:23 -0400] "GET /wp-includes/js/jquery/jquery-migrate.min.js?ver=3.4.0 HTTP/1.1" 200 4603 "https://ovaltechstore.com.pe/" "Mozilla/5.0 AppleWebKit/537.36 (KHTML, like Gecko; compatible; Googlebot/2.1; +http://www.google.com/bot.html) Chrome/112.0.5615.142 Safari/537.36"
66.249.70.107 - - [07/May/2023:16:26:23 -0400] "GET /wp-includes/js/jquery/jquery.min.js?ver=3.6.3 HTTP/1.1" 200 30376 "https://ovaltechstore.com.pe/" "Mozilla/5.0 AppleWebKit/537.36 (KHTML, like Gecko; compatible; Googlebot/2.1; +http://www.google.com/bot.html) Chrome/112.0.5615.142 Safari/537.36"
66.249.70.107 - - [07/May/2023:16:26:24 -0400] "GET /wp-content/themes/top-store/inc/woocommerce/quick-view/css/quick-view.css?ver=6.2 HTTP/1.1" 200 1953 "https://ovaltechstore.com.pe/" "Mozilla/5.0 AppleWebKit/537.36 (KHTML, like Gecko; compatible; Googlebot/2.1; +http://www.google.com/bot.html) Chrome/112.0.5615.142 Safari/537.36"
66.249.70.107 - - [07/May/2023:16:26:24 -0400] "GET /wp-content/themes/top-store/style.css?ver=1.3.2 HTTP/1.1" 200 35757 "https://ovaltechstore.com.pe/" "Mozilla/5.0 AppleWebKit/537.36 (KHTML, like Gecko; compatible; Googlebot/2.1; +http://www.google.com/bot.html) Chrome/112.0.5615.142 Safari/537.36"
66.249.70.109 - - [07/May/2023:16:26:25 -0400] "GET /wp-content/plugins/elementor/assets/lib/animations/animations.min.css?ver=3.8.0 HTTP/1.1" 200 2442 "https://ovaltechstore.com.pe/" "Mozilla/5.0 AppleWebKit/537.36 (KHTML, like Gecko; compatible; Googlebot/2.1; +http://www.google.com/bot.html) Chrome/112.0.5615.142 Safari/537.36"
66.249.70.107 - - [07/May/2023:16:26:25 -0400] "GET /wp-content/plugins/woocommerce/assets/js/jquery-blockui/jquery.blockUI.min.js?ver=2.7.0-wc.7.0.1 HTTP/1.1" 200 3245 "https://ovaltechstore.com.pe/" "Mozilla/5.0 AppleWebKit/537.36 (KHTML, like Gecko; compatible; Googlebot/2.1; +http://www.google.com/bot.html) Chrome/112.0.5615.142 Safari/537.36"
66.249.70.107 - - [07/May/2023:16:26:26 -0400] "GET /wp-content/plugins/woocommerce/assets/js/frontend/add-to-cart-variation.min.js?ver=7.0.1 HTTP/1.1" 200 3436 "https://ovaltechstore.com.pe/" "Mozilla/5.0 AppleWebKit/537.36 (KHTML, like Gecko; compatible; Googlebot/2.1; +http://www.google.com/bot.html) Chrome/112.0.5615.142 Safari/537.36"
66.249.70.107 - - [07/May/2023:16:26:27 -0400] "GET /wp-content/plugins/woocommerce/assets/js/frontend/cart-fragments.min.js?ver=7.0.1 HTTP/1.1" 200 934 "https://ovaltechstore.com.pe/" "Mozilla/5.0 AppleWebKit/537.36 (KHTML, like Gecko; compatible; Googlebot/2.1; +http://www.google.com/bot.html) Chrome/112.0.5615.142 Safari/537.36"
66.249.70.107 - - [07/May/2023:16:26:27 -0400] "GET /wp-includes/js/jquery/ui/autocomplete.min.js?ver=1.13.2 HTTP/1.1" 200 2677 "https://ovaltechstore.com.pe/" "Mozilla/5.0 AppleWebKit/537.36 (KHTML, like Gecko; compatible; Googlebot/2.1; +http://www.google.com/bot.html) Chrome/112.0.5615.142 Safari/537.36"
66.249.70.107 - - [07/May/2023:16:26:28 -0400] "GET /wp-includes/js/jquery/ui/menu.min.js?ver=1.13.2 HTTP/1.1" 200 2883 "https://ovaltechstore.com.pe/" "Mozilla/5.0 AppleWebKit/537.36 (KHTML, like Gecko; compatible; Googlebot/2.1; +http://www.google.com/bot.html) Chrome/112.0.5615.142 Safari/537.36"
66.249.70.107 - - [07/May/2023:16:26:28 -0400] "GET /wp-includes/js/imagesloaded.min.js?ver=4.1.4 HTTP/1.1" 200 1733 "https://ovaltechstore.com.pe/" "Mozilla/5.0 AppleWebKit/537.36 (KHTML, like Gecko; compatible; Googlebot/2.1; +http://www.google.com/bot.html) Chrome/112.0.5615.142 Safari/537.36"
66.249.70.107 - - [07/May/2023:16:26:29 -0400] "GET /wp-content/plugins/wp-whatsapp/assets/js/whatsapp-button.js?ver=3.2 HTTP/1.1" 200 389 "https://ovaltechstore.com.pe/" "Mozilla/5.0 AppleWebKit/537.36 (KHTML, like Gecko; compatible; Googlebot/2.1; +http://www.google.com/bot.html) Chrome/112.0.5615.142 Safari/537.36"
66.249.70.107 - - [07/May/2023:16:26:29 -0400] "GET /wp-content/plugins/wp-whatsapp/assets/js/whatsapp-popup.js?ver=6.2 HTTP/1.1" 200 248 "https://ovaltechstore.com.pe/" "Mozilla/5.0 AppleWebKit/537.36 (KHTML, like Gecko; compatible; Googlebot/2.1; +http://www.google.com/bot.html) Chrome/112.0.5615.142 Safari/537.36"
66.249.70.107 - - [07/May/2023:16:26:30 -0400] "GET /wp-content/plugins/elementor-pro/assets/js/webpack-pro.runtime.min.js?ver=3.7.7 HTTP/1.1" 200 2188 "https://ovaltechstore.com.pe/" "Mozilla/5.0 AppleWebKit/537.36 (KHTML, like Gecko; compatible; Googlebot/2.1; +http://www.google.com/bot.html) Chrome/112.0.5615.142 Safari/537.36"
66.249.70.107 - - [07/May/2023:16:26:30 -0400] "GET /wp-includes/js/dist/vendor/regenerator-runtime.min.js?ver=0.13.11 HTTP/1.1" 200 2398 "https://ovaltechstore.com.pe/" "Mozilla/5.0 AppleWebKit/537.36 (KHTML, like Gecko; compatible; Googlebot/2.1; +http://www.google.com/bot.html) Chrome/112.0.5615.142 Safari/537.36"
66.249.70.107 - - [07/May/2023:16:26:31 -0400] "GET /wp-includes/js/dist/vendor/wp-polyfill-inert.min.js?ver=3.1.2 HTTP/1.1" 200 2320 "https://ovaltechstore.com.pe/" "Mozilla/5.0 AppleWebKit/537.36 (KHTML, like Gecko; compatible; Googlebot/2.1; +http://www.google.com/bot.html) Chrome/112.0.5615.142 Safari/537.36"
66.249.70.107 - - [07/May/2023:16:26:31 -0400] "GET /wp-includes/js/dist/vendor/wp-polyfill.min.js?ver=3.15.0 HTTP/1.1" 200 6335 "https://ovaltechstore.com.pe/" "Mozilla/5.0 AppleWebKit/537.36 (KHTML, like Gecko; compatible; Googlebot/2.1; +http://www.google.com/bot.html) Chrome/112.0.5615.142 Safari/537.36"
66.249.70.107 - - [07/May/2023:16:26:32 -0400] "GET /wp-includes/js/wp-util.min.js?ver=6.2 HTTP/1.1" 200 690 "https://ovaltechstore.com.pe/" "Mozilla/5.0 AppleWebKit/537.36 (KHTML, like Gecko; compatible; Googlebot/2.1; +http://www.google.com/bot.html) Chrome/112.0.5615.142 Safari/537.36"
66.249.70.107 - - [07/May/2023:16:26:32 -0400] "GET /wp-content/plugins/elementor/assets/js/frontend.min.js?ver=3.8.0 HTTP/1.1" 200 11702 "https://ovaltechstore.com.pe/" "Mozilla/5.0 AppleWebKit/537.36 (KHTML, like Gecko; compatible; Googlebot/2.1; +http://www.google.com/bot.html) Chrome/112.0.5615.142 Safari/537.36"
66.249.70.107 - - [07/May/2023:16:26:33 -0400] "GET /wp-content/plugins/elementor/assets/lib/waypoints/waypoints.min.js?ver=4.0.2 HTTP/1.1" 200 2867 "https://ovaltechstore.com.pe/" "Mozilla/5.0 AppleWebKit/537.36 (KHTML, like Gecko; compatible; Googlebot/2.1; +http://www.google.com/bot.html) Chrome/112.0.5615.142 Safari/537.36"
66.249.70.107 - - [07/May/2023:16:26:34 -0400] "GET /wp-content/plugins/woocommerce/assets/js/flexslider/jquery.flexslider.min.js?ver=2.7.2-wc.7.0.1 HTTP/1.1" 200 6252 "https://ovaltechstore.com.pe/" "Mozilla/5.0 AppleWebKit/537.36 (KHTML, like Gecko; compatible; Googlebot/2.1; +http://www.google.com/bot.html) Chrome/112.0.5615.142 Safari/537.36"
66.249.70.107 - - [07/May/2023:16:26:35 -0400] "GET /wp-content/themes/top-store/inc/woocommerce/quick-view/js/quick-view.js?ver=6.2 HTTP/1.1" 200 1850 "https://ovaltechstore.com.pe/" "Mozilla/5.0 AppleWebKit/537.36 (KHTML, like Gecko; compatible; Googlebot/2.1; +http://www.google.com/bot.html) Chrome/112.0.5615.142 Safari/537.36"
66.249.70.107 - - [07/May/2023:16:26:35 -0400] "GET /wp-content/plugins/elementor/assets/js/webpack.runtime.min.js?ver=3.8.0 HTTP/1.1" 200 2044 "https://ovaltechstore.com.pe/" "Mozilla/5.0 AppleWebKit/537.36 (KHTML, like Gecko; compatible; Googlebot/2.1; +http://www.google.com/bot.html) Chrome/112.0.5615.142 Safari/537.36"
66.249.70.107 - - [07/May/2023:16:26:36 -0400] "GET /wp-content/plugins/elementor-pro/assets/js/frontend.min.js?ver=3.7.7 HTTP/1.1" 200 5506 "https://ovaltechstore.com.pe/" "Mozilla/5.0 AppleWebKit/537.36 (KHTML, like Gecko; compatible; Googlebot/2.1; +http://www.google.com/bot.html) Chrome/112.0.5615.142 Safari/537.36"
69.46.23.98 - - [07/May/2023:16:26:39 -0400] "POST /wp-cron.php?doing_wp_cron=1683491199.4593451023101806640625 HTTP/1.1" 200 0 "-" "WordPress/6.2; https://ovaltechstore.com.pe"
66.249.70.107 - - [07/May/2023:16:26:38 -0400] "POST /?wc-ajax=get_refreshed_fragments&elementor_page_id=58 HTTP/1.1" 200 182 "https://ovaltechstore.com.pe/" "Mozilla/5.0 AppleWebKit/537.36 (KHTML, like Gecko; compatible; Googlebot/2.1; +http://www.google.com/bot.html) Chrome/112.0.5615.142 Safari/537.36"
66.249.70.107 - - [07/May/2023:16:26:41 -0400] "GET /wp-content/plugins/elementor/assets/js/text-editor.2c35aafbe5bf0e127950.bundle.min.js HTTP/1.1" 200 599 "https://ovaltechstore.com.pe/" "Mozilla/5.0 AppleWebKit/537.36 (KHTML, like Gecko; compatible; Googlebot/2.1; +http://www.google.com/bot.html) Chrome/112.0.5615.142 Safari/537.36"
66.249.70.107 - - [07/May/2023:16:26:42 -0400] "GET /wp-content/plugins/elementor/assets/js/image-carousel.e02695895b33b77d89de.bundle.min.js HTTP/1.1" 200 1107 "https://ovaltechstore.com.pe/" "Mozilla/5.0 AppleWebKit/537.36 (KHTML, like Gecko; compatible; Googlebot/2.1; +http://www.google.com/bot.html) Chrome/112.0.5615.142 Safari/537.36"
66.249.70.107 - - [07/May/2023:16:26:42 -0400] "GET /wp-content/plugins/elementor/assets/lib/swiper/swiper.min.js?ver=5.3.6 HTTP/1.1" 200 34004 "https://ovaltechstore.com.pe/" "Mozilla/5.0 AppleWebKit/537.36 (KHTML, like Gecko; compatible; Googlebot/2.1; +http://www.google.com/bot.html) Chrome/112.0.5615.142 Safari/537.36"
69.46.23.98 - - [07/May/2023:16:26:50 -0400] "POST /wp-cron.php?doing_wp_cron=1683491210.0776710510253906250000 HTTP/1.1" 200 0 "-" "WordPress/6.2; https://ovaltechstore.com.pe"
66.249.70.107 - - [07/May/2023:16:26:49 -0400] "GET /wp-content/uploads/2022/11/My-project-1-e1667650597681.png HTTP/1.1" 404 15697 "-" "Googlebot-Image/1.0"
66.249.70.107 - - [07/May/2023:16:26:51 -0400] "GET /favicon.ico HTTP/1.1" 404 1238 "-" "Googlebot-Image/1.0"
69.46.23.98 - - [07/May/2023:16:38:42 -0400] "POST /wp-cron.php?doing_wp_cron=1683491922.2825109958648681640625 HTTP/1.1" 200 0 "-" "WordPress/6.2; https://ovaltechstore.com.pe"
114.119.145.236 - - [07/May/2023:16:38:41 -0400] "GET /producto/mouse-de-juego-inalambrico-recargable-logitech-g-series-lightspeed-hero-16k-g703-negro/ HTTP/1.1" 200 21726 "https://ovaltechstore.com.pe/categoria-producto/perifericos/page/1/" "Mozilla/5.0 (Linux; Android 7.0;) AppleWebKit/537.36 (KHTML, like Gecko) Mobile Safari/537.36 (compatible; PetalBot;+https://webmaster.petalsearch.com/site/petalbot)"
69.46.23.98 - - [07/May/2023:17:02:19 -0400] "POST /wp-cron.php?doing_wp_cron=1683493339.3913180828094482421875 HTTP/1.1" 200 0 "-" "WordPress/6.2; https://ovaltechstore.com.pe"
114.119.154.200 - - [07/May/2023:17:02:17 -0400] "GET /producto/case-gamer-4-rgb/ HTTP/1.1" 200 21265 "https://ovaltechstore.com.pe/tienda/page/1/" "Mozilla/5.0 (Linux; Android 7.0;) AppleWebKit/537.36 (KHTML, like Gecko) Mobile Safari/537.36 (compatible; PetalBot;+https://webmaster.petalsearch.com/site/petalbot)"
69.46.23.98 - - [07/May/2023:18:04:11 -0400] "POST /wp-cron.php?doing_wp_cron=1683497051.8664400577545166015625 HTTP/1.1" 200 0 "-" "WordPress/6.2; https://ovaltechstore.com.pe"
66.249.70.111 - - [07/May/2023:18:04:10 -0400] "GET /wp-sitemap-posts-mailpoet_page-1.xml HTTP/1.1" 200 173 "-" "Mozilla/5.0 (compatible; Googlebot/2.1; +http://www.google.com/bot.html)"
69.46.23.98 - - [07/May/2023:19:56:35 -0400] "POST /wp-cron.php?doing_wp_cron=1683503795.3382909297943115234375 HTTP/1.1" 200 0 "-" "WordPress/6.2; https://ovaltechstore.com.pe"
114.119.137.177 - - [07/May/2023:19:56:34 -0400] "GET /producto/cases-gamer-cooler-master-masterbox-k501l-led-atx/ HTTP/1.1" 200 21702 "https://ovaltechstore.com.pe/tienda/page/1/" "Mozilla/5.0 (Linux; Android 7.0;) AppleWebKit/537.36 (KHTML, like Gecko) Mobile Safari/537.36 (compatible; PetalBot;+https://webmaster.petalsearch.com/site/petalbot)"
69.46.23.98 - - [07/May/2023:20:19:41 -0400] "POST /wp-cron.php?doing_wp_cron=1683505181.6346859931945800781250 HTTP/1.1" 200 0 "-" "WordPress/6.2; https://ovaltechstore.com.pe"
114.119.130.91 - - [07/May/2023:20:19:40 -0400] "GET /categoria-producto/perifericos/ HTTP/1.1" 200 22285 "https://ovaltechstore.com.pe/" "Mozilla/5.0 (Linux; Android 7.0;) AppleWebKit/537.36 (KHTML, like Gecko) Mobile Safari/537.36 (compatible; PetalBot;+https://webmaster.petalsearch.com/site/petalbot)"
69.46.23.98 - - [07/May/2023:20:46:34 -0400] "POST /wp-cron.php?doing_wp_cron=1683506794.4293889999389648437500 HTTP/1.1" 200 0 "-" "WordPress/6.2; https://ovaltechstore.com.pe"
40.77.167.85 - - [07/May/2023:20:46:31 -0400] "GET /robots.txt HTTP/2" 200 114 "-" "Mozilla/5.0 AppleWebKit/537.36 (KHTML, like Gecko; compatible; bingbot/2.0; +http://www.bing.com/bingbot.htm) Chrome/103.0.5060.134 Safari/537.36"
69.46.23.98 - - [08/May/2023:01:10:16 -0400] "POST /wp-cron.php?doing_wp_cron=1683522616.2538650035858154296875 HTTP/1.1" 200 0 "-" "WordPress/6.2; https://ovaltechstore.com.pe"
69.46.23.98 - - [08/May/2023:01:10:17 -0400] "POST /wp-admin/admin-ajax.php HTTP/1.1" 200 0 "-" "WordPress/6.2; https://ovaltechstore.com.pe"
69.46.23.98 - - [08/May/2023:01:10:19 -0400] "GET / HTTP/1.1" 200 28541 "-" "WordPress/6.2; https://ovaltechstore.com.pe"
69.46.23.98 - - [08/May/2023:01:10:21 -0400] "POST /wp-admin/admin-ajax.php?action=wp_1_wc_privacy_cleanup&nonce=f403e57e60 HTTP/1.1" 200 0 "-" "WordPress/6.2; https://ovaltechstore.com.pe"
69.46.23.98 - - [08/May/2023:01:10:24 -0400] "GET /wp-json/jetpack/v4/sync/spawn-sync?time=1683522624&request_lock_id=1683522624.6288 HTTP/1.1" 200 37 "-" "WordPress/6.2; https://ovaltechstore.com.pe"
192.0.100.233 - - [08/May/2023:01:10:38 -0400] "POST /?for=jetpack&jetpack=comms&token=k3WzpbXHbNLw7bh3%21%23%25iv%2AXVEcf8mIYC%3A1%3A0&timestamp=1683522638&nonce=wJfAEjEzzf&body-hash=dGEh14kGxCGWYfaS5n8jS1FHu9k%3D&signature=hjc%2FofFVJR6vOCU0WRPoGlc7Mjs%3D HTTP/1.1" 200 656 "https://ovaltechstore.com.pe/?for=jetpack&jetpack=comms&token=k3WzpbXHbNLw7bh3%21%23%25iv%2AXVEcf8mIYC%3A1%3A0&timestamp=1683522638&nonce=wJfAEjEzzf&body-hash=dGEh14kGxCGWYfaS5n8jS1FHu9k%3D&signature=hjc%2FofFVJR6vOCU0WRPoGlc7Mjs%3D" "Jetpack by WordPress.com"
69.46.23.98 - - [08/May/2023:01:10:40 -0400] "GET /wp-json/jetpack/v4/sync/spawn-sync?time=1683522640&request_lock_id=1683522640.5185 HTTP/1.1" 200 37 "-" "WordPress/6.2; https://ovaltechstore.com.pe"
69.46.23.98 - - [08/May/2023:01:10:41 -0400] "POST /wp-cron.php?doing_wp_cron=1683522641.6316881179809570312500 HTTP/1.1" 200 0 "-" "WordPress/6.2; https://ovaltechstore.com.pe"
69.46.23.98 - - [08/May/2023:01:14:23 -0400] "POST /wp-cron.php?doing_wp_cron=1683522863.0876131057739257812500 HTTP/1.1" 200 0 "-" "WordPress/6.2; https://ovaltechstore.com.pe"
66.249.70.109 - - [08/May/2023:01:14:22 -0400] "GET /author/admin/ HTTP/1.1" 200 15984 "-" "Mozilla/5.0 (Linux; Android 6.0.1; Nexus 5X Build/MMB29P) AppleWebKit/537.36 (KHTML, like Gecko) Chrome/112.0.5615.142 Mobile Safari/537.36 (compatible; Googlebot/2.1; +http://www.google.com/bot.html)"
69.46.23.98 - - [08/May/2023:01:14:23 -0400] "POST /wp-admin/admin-ajax.php HTTP/1.1" 200 0 "-" "WordPress/6.2; https://ovaltechstore.com.pe"
66.249.70.109 - - [08/May/2023:01:14:43 -0400] "GET /wp-includes/css/dist/block-library/style.min.css?ver=6.2 HTTP/1.1" 200 11775 "https://ovaltechstore.com.pe/author/admin/" "Mozilla/5.0 (Linux; Android 6.0.1; Nexus 5X Build/MMB29P) AppleWebKit/537.36 (KHTML, like Gecko) Chrome/112.0.5615.142 Mobile Safari/537.36 (compatible; Googlebot/2.1; +http://www.google.com/bot.html)"
66.249.70.107 - - [08/May/2023:01:14:44 -0400] "GET /wp-content/plugins/woocommerce/assets/css/woocommerce-layout.css?ver=7.0.1 HTTP/1.1" 200 2329 "https://ovaltechstore.com.pe/author/admin/" "Mozilla/5.0 (Linux; Android 6.0.1; Nexus 5X Build/MMB29P) AppleWebKit/537.36 (KHTML, like Gecko) Chrome/112.0.5615.142 Mobile Safari/537.36 (compatible; Googlebot/2.1; +http://www.google.com/bot.html)"
66.249.70.109 - - [08/May/2023:01:14:44 -0400] "GET /wp-content/plugins/elementor-pro/assets/css/widget-nav-menu.min.css HTTP/1.1" 200 3343 "https://ovaltechstore.com.pe/author/admin/" "Mozilla/5.0 (Linux; Android 6.0.1; Nexus 5X Build/MMB29P) AppleWebKit/537.36 (KHTML, like Gecko) Chrome/112.0.5615.142 Mobile Safari/537.36 (compatible; Googlebot/2.1; +http://www.google.com/bot.html)"
66.249.70.107 - - [08/May/2023:01:14:45 -0400] "GET /wp-includes/js/dist/vendor/wp-polyfill-inert.min.js?ver=3.1.2 HTTP/1.1" 200 2320 "https://ovaltechstore.com.pe/author/admin/" "Mozilla/5.0 (Linux; Android 6.0.1; Nexus 5X Build/MMB29P) AppleWebKit/537.36 (KHTML, like Gecko) Chrome/112.0.5615.142 Mobile Safari/537.36 (compatible; Googlebot/2.1; +http://www.google.com/bot.html)"
66.249.70.109 - - [08/May/2023:01:14:45 -0400] "GET /wp-includes/js/dist/i18n.min.js?ver=9e794f35a71bb98672ae HTTP/1.1" 200 3717 "https://ovaltechstore.com.pe/author/admin/" "Mozilla/5.0 (Linux; Android 6.0.1; Nexus 5X Build/MMB29P) AppleWebKit/537.36 (KHTML, like Gecko) Chrome/112.0.5615.142 Mobile Safari/537.36 (compatible; Googlebot/2.1; +http://www.google.com/bot.html)"
66.249.70.107 - - [08/May/2023:01:14:46 -0400] "GET /wp-content/plugins/woocommerce/assets/js/jquery-blockui/jquery.blockUI.min.js?ver=2.7.0-wc.7.0.1 HTTP/1.1" 200 3245 "https://ovaltechstore.com.pe/author/admin/" "Mozilla/5.0 (Linux; Android 6.0.1; Nexus 5X Build/MMB29P) AppleWebKit/537.36 (KHTML, like Gecko) Chrome/112.0.5615.142 Mobile Safari/537.36 (compatible; Googlebot/2.1; +http://www.google.com/bot.html)"
66.249.70.109 - - [08/May/2023:01:14:46 -0400] "GET /wp-content/plugins/woocommerce/assets/js/js-cookie/js.cookie.min.js?ver=2.1.4-wc.7.0.1 HTTP/1.1" 200 899 "https://ovaltechstore.com.pe/author/admin/" "Mozilla/5.0 (Linux; Android 6.0.1; Nexus 5X Build/MMB29P) AppleWebKit/537.36 (KHTML, like Gecko) Chrome/112.0.5615.142 Mobile Safari/537.36 (compatible; Googlebot/2.1; +http://www.google.com/bot.html)"
69.46.23.98 - - [08/May/2023:01:14:47 -0400] "POST /wp-cron.php?doing_wp_cron=1683522886.9787299633026123046875 HTTP/1.1" 200 0 "-" "WordPress/6.2; https://ovaltechstore.com.pe"
66.249.70.107 - - [08/May/2023:01:14:47 -0400] "GET /wp-content/plugins/elementor-pro/assets/js/webpack-pro.runtime.min.js?ver=3.7.7 HTTP/1.1" 200 2188 "https://ovaltechstore.com.pe/author/admin/" "Mozilla/5.0 (Linux; Android 6.0.1; Nexus 5X Build/MMB29P) AppleWebKit/537.36 (KHTML, like Gecko) Chrome/112.0.5615.142 Mobile Safari/537.36 (compatible; Googlebot/2.1; +http://www.google.com/bot.html)"
66.249.70.107 - - [08/May/2023:01:14:47 -0400] "POST /?wc-ajax=get_refreshed_fragments&elementor_page_id=1 HTTP/1.1" 200 182 "https://ovaltechstore.com.pe/author/admin/" "Mozilla/5.0 (Linux; Android 6.0.1; Nexus 5X Build/MMB29P) AppleWebKit/537.36 (KHTML, like Gecko) Chrome/112.0.5615.142 Mobile Safari/537.36 (compatible; Googlebot/2.1; +http://www.google.com/bot.html)"
69.46.23.98 - - [08/May/2023:01:59:29 -0400] "POST /wp-cron.php?doing_wp_cron=1683525569.5401670932769775390625 HTTP/1.1" 200 0 "-" "WordPress/6.2; https://ovaltechstore.com.pe"
69.46.23.98 - - [08/May/2023:02:17:30 -0400] "POST /wp-cron.php?doing_wp_cron=1683526650.0400500297546386718750 HTTP/1.1" 200 0 "-" "WordPress/6.2; https://ovaltechstore.com.pe"
66.249.70.111 - - [08/May/2023:02:17:28 -0400] "GET /producto/tarjeta-grafica-gtx-1660-super-asus-tuf-gaming-oc-edition-6gb-2/ HTTP/1.1" 200 19891 "-" "Mozilla/5.0 (compatible; Googlebot/2.1; +http://www.google.com/bot.html)"
69.46.23.98 - - [08/May/2023:02:50:45 -0400] "POST /wp-cron.php?doing_wp_cron=1683528645.2384889125823974609375 HTTP/1.1" 200 0 "-" "WordPress/6.2; https://ovaltechstore.com.pe"
66.249.70.111 - - [08/May/2023:02:50:43 -0400] "POST /?wc-ajax=get_refreshed_fragments&elementor_page_id=750 HTTP/1.1" 200 182 "https://ovaltechstore.com.pe/producto/tarjeta-grafica-gtx-1660-super-asus-tuf-gaming-oc-edition-6gb-2/" "Mozilla/5.0 AppleWebKit/537.36 (KHTML, like Gecko; compatible; Googlebot/2.1; +http://www.google.com/bot.html) Chrome/112.0.5615.142 Safari/537.36"
69.46.23.98 - - [08/May/2023:04:00:11 -0400] "POST /wp-cron.php?doing_wp_cron=1683532811.8700668811798095703125 HTTP/1.1" 200 0 "-" "WordPress/6.2; https://ovaltechstore.com.pe"
114.119.136.155 - - [08/May/2023:04:00:10 -0400] "GET /tienda/page/4/ HTTP/1.1" 200 22619 "https://ovaltechstore.com.pe/tienda/" "Mozilla/5.0 (Linux; Android 7.0;) AppleWebKit/537.36 (KHTML, like Gecko) Mobile Safari/537.36 (compatible; PetalBot;+https://webmaster.petalsearch.com/site/petalbot)"
69.46.23.98 - - [08/May/2023:04:05:26 -0400] "POST /wp-cron.php?doing_wp_cron=1683533126.2739999294281005859375 HTTP/1.1" 200 0 "-" "WordPress/6.2; https://ovaltechstore.com.pe"
66.249.70.107 - - [08/May/2023:04:05:25 -0400] "GET /producto/tarjeta-grafica-gtx-1660-super-asus-tuf-gaming-oc-edition-6gb-2/ HTTP/1.1" 200 19892 "-" "Mozilla/5.0 (Linux; Android 6.0.1; Nexus 5X Build/MMB29P) AppleWebKit/537.36 (KHTML, like Gecko) Chrome/112.0.5615.142 Mobile Safari/537.36 (compatible; Googlebot/2.1; +http://www.google.com/bot.html)"
66.249.70.107 - - [08/May/2023:04:05:34 -0400] "GET /wp-includes/js/mediaelement/mediaelementplayer-legacy.min.css?ver=4.2.17 HTTP/1.1" 200 2394 "https://ovaltechstore.com.pe/producto/tarjeta-grafica-gtx-1660-super-asus-tuf-gaming-oc-edition-6gb-2/" "Mozilla/5.0 (Linux; Android 6.0.1; Nexus 5X Build/MMB29P) AppleWebKit/537.36 (KHTML, like Gecko) Chrome/112.0.5615.142 Mobile Safari/537.36 (compatible; Googlebot/2.1; +http://www.google.com/bot.html)"
66.249.70.109 - - [08/May/2023:04:05:34 -0400] "GET /wp-content/uploads/elementor/css/global.css?ver=1667620552 HTTP/1.1" 200 3402 "https://ovaltechstore.com.pe/producto/tarjeta-grafica-gtx-1660-super-asus-tuf-gaming-oc-edition-6gb-2/" "Mozilla/5.0 (Linux; Android 6.0.1; Nexus 5X Build/MMB29P) AppleWebKit/537.36 (KHTML, like Gecko) Chrome/112.0.5615.142 Mobile Safari/537.36 (compatible; Googlebot/2.1; +http://www.google.com/bot.html)"
66.249.70.109 - - [08/May/2023:04:05:36 -0400] "GET /wp-includes/js/jquery/jquery-migrate.min.js?ver=3.4.0 HTTP/1.1" 200 4603 "https://ovaltechstore.com.pe/producto/tarjeta-grafica-gtx-1660-super-asus-tuf-gaming-oc-edition-6gb-2/" "Mozilla/5.0 (Linux; Android 6.0.1; Nexus 5X Build/MMB29P) AppleWebKit/537.36 (KHTML, like Gecko) Chrome/112.0.5615.142 Mobile Safari/537.36 (compatible; Googlebot/2.1; +http://www.google.com/bot.html)"
66.249.70.107 - - [08/May/2023:04:05:37 -0400] "GET /wp-content/uploads/elementor/css/post-140.css?ver=1667656835 HTTP/1.1" 200 1558 "https://ovaltechstore.com.pe/producto/tarjeta-grafica-gtx-1660-super-asus-tuf-gaming-oc-edition-6gb-2/" "Mozilla/5.0 (Linux; Android 6.0.1; Nexus 5X Build/MMB29P) AppleWebKit/537.36 (KHTML, like Gecko) Chrome/112.0.5615.142 Mobile Safari/537.36 (compatible; Googlebot/2.1; +http://www.google.com/bot.html)"
66.249.70.107 - - [08/May/2023:04:05:37 -0400] "GET /wp-includes/js/jquery/jquery.min.js?ver=3.6.3 HTTP/1.1" 200 30376 "https://ovaltechstore.com.pe/producto/tarjeta-grafica-gtx-1660-super-asus-tuf-gaming-oc-edition-6gb-2/" "Mozilla/5.0 (Linux; Android 6.0.1; Nexus 5X Build/MMB29P) AppleWebKit/537.36 (KHTML, like Gecko) Chrome/112.0.5615.142 Mobile Safari/537.36 (compatible; Googlebot/2.1; +http://www.google.com/bot.html)"
66.249.70.107 - - [08/May/2023:04:05:38 -0400] "GET /wp-content/themes/top-store/inc/woocommerce/quick-view/css/quick-view.css?ver=6.2 HTTP/1.1" 200 1953 "https://ovaltechstore.com.pe/producto/tarjeta-grafica-gtx-1660-super-asus-tuf-gaming-oc-edition-6gb-2/" "Mozilla/5.0 (Linux; Android 6.0.1; Nexus 5X Build/MMB29P) AppleWebKit/537.36 (KHTML, like Gecko) Chrome/112.0.5615.142 Mobile Safari/537.36 (compatible; Googlebot/2.1; +http://www.google.com/bot.html)"
66.249.70.107 - - [08/May/2023:04:05:38 -0400] "GET /wp-content/plugins/elementor/assets/lib/eicons/css/elementor-icons.min.css?ver=5.16.0 HTTP/1.1" 200 3629 "https://ovaltechstore.com.pe/producto/tarjeta-grafica-gtx-1660-super-asus-tuf-gaming-oc-edition-6gb-2/" "Mozilla/5.0 (Linux; Android 6.0.1; Nexus 5X Build/MMB29P) AppleWebKit/537.36 (KHTML, like Gecko) Chrome/112.0.5615.142 Mobile Safari/537.36 (compatible; Googlebot/2.1; +http://www.google.com/bot.html)"
66.249.70.107 - - [08/May/2023:04:05:38 -0400] "GET /wp-content/plugins/elementor/assets/lib/font-awesome/css/solid.min.css?ver=5.15.3 HTTP/1.1" 200 286 "https://ovaltechstore.com.pe/producto/tarjeta-grafica-gtx-1660-super-asus-tuf-gaming-oc-edition-6gb-2/" "Mozilla/5.0 (Linux; Android 6.0.1; Nexus 5X Build/MMB29P) AppleWebKit/537.36 (KHTML, like Gecko) Chrome/112.0.5615.142 Mobile Safari/537.36 (compatible; Googlebot/2.1; +http://www.google.com/bot.html)"
66.249.70.107 - - [08/May/2023:04:05:39 -0400] "GET /wp-content/plugins/elementor/assets/css/frontend-lite.min.css?ver=3.8.0 HTTP/1.1" 200 12400 "https://ovaltechstore.com.pe/producto/tarjeta-grafica-gtx-1660-super-asus-tuf-gaming-oc-edition-6gb-2/" "Mozilla/5.0 (Linux; Android 6.0.1; Nexus 5X Build/MMB29P) AppleWebKit/537.36 (KHTML, like Gecko) Chrome/112.0.5615.142 Mobile Safari/537.36 (compatible; Googlebot/2.1; +http://www.google.com/bot.html)"
66.249.70.107 - - [08/May/2023:04:05:40 -0400] "GET /wp-content/plugins/woocommerce/assets/css/woocommerce-layout.css?ver=7.0.1 HTTP/1.1" 200 2329 "https://ovaltechstore.com.pe/producto/tarjeta-grafica-gtx-1660-super-asus-tuf-gaming-oc-edition-6gb-2/" "Mozilla/5.0 (Linux; Android 6.0.1; Nexus 5X Build/MMB29P) AppleWebKit/537.36 (KHTML, like Gecko) Chrome/112.0.5615.142 Mobile Safari/537.36 (compatible; Googlebot/2.1; +http://www.google.com/bot.html)"
66.249.70.107 - - [08/May/2023:04:05:41 -0400] "GET /wp-content/plugins/elementor/assets/lib/animations/animations.min.css?ver=3.8.0 HTTP/1.1" 200 2442 "https://ovaltechstore.com.pe/producto/tarjeta-grafica-gtx-1660-super-asus-tuf-gaming-oc-edition-6gb-2/" "Mozilla/5.0 (Linux; Android 6.0.1; Nexus 5X Build/MMB29P) AppleWebKit/537.36 (KHTML, like Gecko) Chrome/112.0.5615.142 Mobile Safari/537.36 (compatible; Googlebot/2.1; +http://www.google.com/bot.html)"
66.249.70.107 - - [08/May/2023:04:05:42 -0400] "GET /wp-content/plugins/woocommerce/assets/js/frontend/add-to-cart.min.js?ver=7.0.1 HTTP/1.1" 200 974 "https://ovaltechstore.com.pe/producto/tarjeta-grafica-gtx-1660-super-asus-tuf-gaming-oc-edition-6gb-2/" "Mozilla/5.0 (Linux; Android 6.0.1; Nexus 5X Build/MMB29P) AppleWebKit/537.36 (KHTML, like Gecko) Chrome/112.0.5615.142 Mobile Safari/537.36 (compatible; Googlebot/2.1; +http://www.google.com/bot.html)"
66.249.70.107 - - [08/May/2023:04:05:42 -0400] "GET /wp-content/plugins/elementor/assets/lib/waypoints/waypoints.min.js?ver=4.0.2 HTTP/1.1" 200 2867 "https://ovaltechstore.com.pe/producto/tarjeta-grafica-gtx-1660-super-asus-tuf-gaming-oc-edition-6gb-2/" "Mozilla/5.0 (Linux; Android 6.0.1; Nexus 5X Build/MMB29P) AppleWebKit/537.36 (KHTML, like Gecko) Chrome/112.0.5615.142 Mobile Safari/537.36 (compatible; Googlebot/2.1; +http://www.google.com/bot.html)"
66.249.70.107 - - [08/May/2023:04:05:46 -0400] "GET /wp-content/plugins/woocommerce/assets/js/frontend/woocommerce.min.js?ver=7.0.1 HTTP/1.1" 200 677 "https://ovaltechstore.com.pe/producto/tarjeta-grafica-gtx-1660-super-asus-tuf-gaming-oc-edition-6gb-2/" "Mozilla/5.0 (Linux; Android 6.0.1; Nexus 5X Build/MMB29P) AppleWebKit/537.36 (KHTML, like Gecko) Chrome/112.0.5615.142 Mobile Safari/537.36 (compatible; Googlebot/2.1; +http://www.google.com/bot.html)"
66.249.70.107 - - [08/May/2023:04:05:46 -0400] "GET /wp-includes/js/dist/hooks.min.js?ver=4169d3cf8e8d95a3d6d5 HTTP/1.1" 200 1575 "https://ovaltechstore.com.pe/producto/tarjeta-grafica-gtx-1660-super-asus-tuf-gaming-oc-edition-6gb-2/" "Mozilla/5.0 (Linux; Android 6.0.1; Nexus 5X Build/MMB29P) AppleWebKit/537.36 (KHTML, like Gecko) Chrome/112.0.5615.142 Mobile Safari/537.36 (compatible; Googlebot/2.1; +http://www.google.com/bot.html)"
66.249.70.107 - - [08/May/2023:04:05:47 -0400] "GET /wp-content/plugins/woocommerce/assets/js/photoswipe/photoswipe.min.js?ver=4.1.1-wc.7.0.1 HTTP/1.1" 200 11613 "https://ovaltechstore.com.pe/producto/tarjeta-grafica-gtx-1660-super-asus-tuf-gaming-oc-edition-6gb-2/" "Mozilla/5.0 (Linux; Android 6.0.1; Nexus 5X Build/MMB29P) AppleWebKit/537.36 (KHTML, like Gecko) Chrome/112.0.5615.142 Mobile Safari/537.36 (compatible; Googlebot/2.1; +http://www.google.com/bot.html)"
66.249.70.107 - - [08/May/2023:04:05:47 -0400] "GET /wp-content/plugins/wp-whatsapp/assets/dist/js/njt-whatsapp.js?ver=3.2 HTTP/1.1" 200 11156 "https://ovaltechstore.com.pe/producto/tarjeta-grafica-gtx-1660-super-asus-tuf-gaming-oc-edition-6gb-2/" "Mozilla/5.0 (Linux; Android 6.0.1; Nexus 5X Build/MMB29P) AppleWebKit/537.36 (KHTML, like Gecko) Chrome/112.0.5615.142 Mobile Safari/537.36 (compatible; Googlebot/2.1; +http://www.google.com/bot.html)"
66.249.70.107 - - [08/May/2023:04:05:50 -0400] "GET /wp-content/themes/top-store//js/top-store-menu.js?ver=1.0.0 HTTP/1.1" 200 1167 "https://ovaltechstore.com.pe/producto/tarjeta-grafica-gtx-1660-super-asus-tuf-gaming-oc-edition-6gb-2/" "Mozilla/5.0 (Linux; Android 6.0.1; Nexus 5X Build/MMB29P) AppleWebKit/537.36 (KHTML, like Gecko) Chrome/112.0.5615.142 Mobile Safari/537.36 (compatible; Googlebot/2.1; +http://www.google.com/bot.html)"
66.249.70.107 - - [08/May/2023:04:05:51 -0400] "GET /wp-includes/js/imagesloaded.min.js?ver=4.1.4 HTTP/1.1" 200 1733 "https://ovaltechstore.com.pe/producto/tarjeta-grafica-gtx-1660-super-asus-tuf-gaming-oc-edition-6gb-2/" "Mozilla/5.0 (Linux; Android 6.0.1; Nexus 5X Build/MMB29P) AppleWebKit/537.36 (KHTML, like Gecko) Chrome/112.0.5615.142 Mobile Safari/537.36 (compatible; Googlebot/2.1; +http://www.google.com/bot.html)"
66.249.70.107 - - [08/May/2023:04:05:51 -0400] "GET /wp-includes/js/jquery/ui/effect.min.js?ver=1.13.2 HTTP/1.1" 200 6307 "https://ovaltechstore.com.pe/producto/tarjeta-grafica-gtx-1660-super-asus-tuf-gaming-oc-edition-6gb-2/" "Mozilla/5.0 (Linux; Android 6.0.1; Nexus 5X Build/MMB29P) AppleWebKit/537.36 (KHTML, like Gecko) Chrome/112.0.5615.142 Mobile Safari/537.36 (compatible; Googlebot/2.1; +http://www.google.com/bot.html)"
66.249.70.107 - - [08/May/2023:04:05:52 -0400] "GET /wp-content/plugins/wp-whatsapp/assets/js/whatsapp-popup.js?ver=6.2 HTTP/1.1" 200 248 "https://ovaltechstore.com.pe/producto/tarjeta-grafica-gtx-1660-super-asus-tuf-gaming-oc-edition-6gb-2/" "Mozilla/5.0 (Linux; Android 6.0.1; Nexus 5X Build/MMB29P) AppleWebKit/537.36 (KHTML, like Gecko) Chrome/112.0.5615.142 Mobile Safari/537.36 (compatible; Googlebot/2.1; +http://www.google.com/bot.html)"
66.249.70.107 - - [08/May/2023:04:05:52 -0400] "GET /wp-includes/js/jquery/ui/autocomplete.min.js?ver=1.13.2 HTTP/1.1" 200 2677 "https://ovaltechstore.com.pe/producto/tarjeta-grafica-gtx-1660-super-asus-tuf-gaming-oc-edition-6gb-2/" "Mozilla/5.0 (Linux; Android 6.0.1; Nexus 5X Build/MMB29P) AppleWebKit/537.36 (KHTML, like Gecko) Chrome/112.0.5615.142 Mobile Safari/537.36 (compatible; Googlebot/2.1; +http://www.google.com/bot.html)"
69.46.23.98 - - [08/May/2023:04:18:37 -0400] "POST /wp-cron.php?doing_wp_cron=1683533917.2514600753784179687500 HTTP/1.1" 200 0 "-" "WordPress/6.2; https://ovaltechstore.com.pe"
114.119.138.202 - - [08/May/2023:04:18:35 -0400] "GET /producto/teclado-gamer-hyperx-alloy-elite-2-qwerty/ HTTP/1.1" 200 21796 "https://ovaltechstore.com.pe/categoria-producto/perifericos/page/2/" "Mozilla/5.0 (Linux; Android 7.0;) AppleWebKit/537.36 (KHTML, like Gecko) Mobile Safari/537.36 (compatible; PetalBot;+https://webmaster.petalsearch.com/site/petalbot)"
69.46.23.98 - - [08/May/2023:04:33:51 -0400] "POST /wp-cron.php?doing_wp_cron=1683534831.8324120044708251953125 HTTP/1.1" 200 0 "-" "WordPress/6.2; https://ovaltechstore.com.pe"
114.119.138.65 - - [08/May/2023:04:33:50 -0400] "GET /robots.txt HTTP/1.1" 200 114 "-" "Mozilla/5.0 (compatible;PetalBot;+https://webmaster.petalsearch.com/site/petalbot)"
69.46.23.98 - - [08/May/2023:05:12:40 -0400] "POST /wp-cron.php?doing_wp_cron=1683537160.4109079837799072265625 HTTP/1.1" 200 0 "-" "WordPress/6.2; https://ovaltechstore.com.pe"
114.119.142.27 - - [08/May/2023:05:12:39 -0400] "GET /producto/disco-solido-interno-samsung-870-qvo-mz-77q1t0-1tb/ HTTP/1.1" 200 21597 "https://ovaltechstore.com.pe/tienda/page/2/" "Mozilla/5.0 (Linux; Android 7.0;) AppleWebKit/537.36 (KHTML, like Gecko) Mobile Safari/537.36 (compatible; PetalBot;+https://webmaster.petalsearch.com/site/petalbot)"
69.46.23.98 - - [08/May/2023:06:51:15 -0400] "POST /wp-cron.php?doing_wp_cron=1683543075.5989439487457275390625 HTTP/1.1" 200 0 "-" "WordPress/6.2; https://ovaltechstore.com.pe"
114.119.146.185 - - [08/May/2023:06:51:14 -0400] "GET /producto/tarjeta-grafica-asus-dual-nvidia-geforce-rtx-2060-oc-evo-12gb-gddr6-dual-rtx2060-o12g-evo/ HTTP/1.1" 200 21588 "https://ovaltechstore.com.pe/categoria-producto/tarjetas-graficas-procesadores-ram/page/2/" "Mozilla/5.0 (Linux; Android 7.0;) AppleWebKit/537.36 (KHTML, like Gecko) Mobile Safari/537.36 (compatible; PetalBot;+https://webmaster.petalsearch.com/site/petalbot)"
52.167.144.154 - - [08/May/2023:08:59:09 -0400] "GET /wp-content/uploads/2022/11/5fd97ed1-4052-49e9-b485-67c9c0e1c46e.jpg HTTP/2" 200 27337 "-" "Mozilla/5.0 AppleWebKit/537.36 (KHTML, like Gecko; compatible; bingbot/2.0; +http://www.bing.com/bingbot.htm) Chrome/103.0.5060.134 Safari/537.36"
52.167.144.154 - - [08/May/2023:10:13:04 -0400] "GET /wp-content/uploads/2022/11/41dd1fa7-3333-473b-a75f-9c0780099fc1-1024x683.jpg HTTP/2" 200 79082 "-" "Mozilla/5.0 AppleWebKit/537.36 (KHTML, like Gecko; compatible; bingbot/2.0; +http://www.bing.com/bingbot.htm) Chrome/103.0.5060.134 Safari/537.36"
52.167.144.154 - - [08/May/2023:10:15:15 -0400] "GET /wp-content/uploads/2022/11/59ff83f2-03ba-40ab-96c7-8f665c51b37a.jpg HTTP/2" 200 33296 "-" "Mozilla/5.0 AppleWebKit/537.36 (KHTML, like Gecko; compatible; bingbot/2.0; +http://www.bing.com/bingbot.htm) Chrome/103.0.5060.134 Safari/537.36"
69.46.23.98 - - [08/May/2023:12:22:13 -0400] "POST /wp-cron.php?doing_wp_cron=1683562933.6047530174255371093750 HTTP/1.1" 200 0 "-" "WordPress/6.2; https://ovaltechstore.com.pe"
54.147.120.52 - - [08/May/2023:12:22:09 -0400] "GET / HTTP/1.1" 200 6307 "-" "Mozilla/5.0 (Macintosh; Intel Mac OS X 10_15_5) AppleWebKit/537.36 (KHTML, like Gecko) Chrome/95.0.4638.54 Safari/537.36"
69.46.23.98 - - [08/May/2023:12:22:15 -0400] "GET / HTTP/1.1" 200 28549 "-" "WordPress/6.2; https://ovaltechstore.com.pe"
69.46.23.98 - - [08/May/2023:12:22:16 -0400] "GET /wp-json/jetpack/v4/sync/spawn-sync?time=1683562936&request_lock_id=1683562936.9884 HTTP/1.1" 200 37 "-" "WordPress/6.2; https://ovaltechstore.com.pe"
69.46.23.98 - - [08/May/2023:12:22:18 -0400] "POST /wp-admin/admin-ajax.php?action=as_async_request_queue_runner&nonce=6f8dee1fb0 HTTP/1.1" 200 0 "-" "WordPress/6.2; https://ovaltechstore.com.pe"
69.46.23.98 - - [08/May/2023:14:49:28 -0400] "POST /wp-cron.php?doing_wp_cron=1683571768.7426450252532958984375 HTTP/1.1" 200 0 "-" "WordPress/6.2; https://ovaltechstore.com.pe"
66.249.70.109 - - [08/May/2023:14:49:23 -0400] "GET /robots.txt HTTP/1.1" 200 98 "-" "Mozilla/5.0 (compatible; Googlebot/2.1; +http://www.google.com/bot.html)"
66.249.70.107 - - [08/May/2023:14:49:28 -0400] "GET /producto/tarjeta-grafica-evga-nvidia-geforce-rtx-3090-24gb-gddr6x-ftw3-ultra-argb/ HTTP/1.1" 200 19347 "-" "Mozilla/5.0 (Linux; Android 6.0.1; Nexus 5X Build/MMB29P) AppleWebKit/537.36 (KHTML, like Gecko) Chrome/113.0.5672.63 Mobile Safari/537.36 (compatible; Googlebot/2.1; +http://www.google.com/bot.html)"
40.77.167.164 - - [08/May/2023:19:54:22 -0400] "GET /wp-content/uploads/2022/11/def1e98f-a6f6-4987-9ded-f7809d8a3af2.jpg HTTP/2" 200 11512 "-" "Mozilla/5.0 AppleWebKit/537.36 (KHTML, like Gecko; compatible; bingbot/2.0; +http://www.bing.com/bingbot.htm) Chrome/103.0.5060.134 Safari/537.36"
52.167.144.154 - - [08/May/2023:20:09:47 -0400] "GET /wp-content/uploads/2022/11/1b0ed946-1f46-4709-a516-1ae49beabf7f.jpg HTTP/2" 200 5203 "-" "Mozilla/5.0 AppleWebKit/537.36 (KHTML, like Gecko; compatible; bingbot/2.0; +http://www.bing.com/bingbot.htm) Chrome/103.0.5060.134 Safari/537.36"
69.46.23.98 - - [08/May/2023:20:48:28 -0400] "POST /wp-cron.php?doing_wp_cron=1683593308.9266269207000732421875 HTTP/1.1" 200 0 "-" "WordPress/6.2; https://ovaltechstore.com.pe"
40.77.167.85 - - [08/May/2023:20:48:25 -0400] "GET /robots.txt HTTP/2" 200 114 "-" "Mozilla/5.0 AppleWebKit/537.36 (KHTML, like Gecko; compatible; bingbot/2.0; +http://www.bing.com/bingbot.htm) Chrome/103.0.5060.134 Safari/537.36"
114.119.157.37 - - [08/May/2023:21:48:41 -0400] "GET /wp-content/uploads/2022/11/a47cf45e-bd53-4361-a517-b55a7704e326.jpg HTTP/1.1" 200 98930 "https://ovaltechstore.com.pe/producto/teclado-gamer-steelseries-apex-pro/" "Mozilla/5.0 (Linux; Android 7.0;) AppleWebKit/537.36 (KHTML, like Gecko) Mobile Safari/537.36 (compatible; PetalBot;+https://webmaster.petalsearch.com/site/petalbot)"
69.46.23.98 - - [08/May/2023:22:13:30 -0400] "POST /wp-cron.php?doing_wp_cron=1683598410.3996529579162597656250 HTTP/1.1" 200 0 "-" "WordPress/6.2; https://ovaltechstore.com.pe"
114.119.146.255 - - [08/May/2023:22:13:29 -0400] "GET /producto/procesador-gamer-intel-core-i5-8400-cm8068403358811-de-6-nucleos-y-4ghz-de-frecuencia-con-grafica-integrada/ HTTP/1.1" 200 21626 "https://ovaltechstore.com.pe/categoria-producto/tarjetas-graficas-procesadores-ram/page/1/" "Mozilla/5.0 (Linux; Android 7.0;) AppleWebKit/537.36 (KHTML, like Gecko) Mobile Safari/537.36 (compatible; PetalBot;+https://webmaster.petalsearch.com/site/petalbot)"
69.46.23.98 - - [08/May/2023:22:43:13 -0400] "POST /wp-cron.php?doing_wp_cron=1683600193.5916070938110351562500 HTTP/1.1" 200 0 "-" "WordPress/6.2; https://ovaltechstore.com.pe"
17.241.219.210 - - [08/May/2023:22:43:12 -0400] "GET /robots.txt HTTP/1.1" 200 114 "-" "Mozilla/5.0 (Macintosh; Intel Mac OS X 10_15_5) AppleWebKit/605.1.15 (KHTML, like Gecko) Version/13.1.1 Safari/605.1.15 (Applebot/0.1; +http://www.apple.com/go/applebot)"
17.241.219.210 - - [08/May/2023:22:43:13 -0400] "GET /wp-content/uploads/2022/11/cb8a76f5-76f2-46af-9fcf-26cbcc724434.jpg HTTP/1.1" 200 12670 "-" "Mozilla/5.0 (Macintosh; Intel Mac OS X 10_15_5) AppleWebKit/605.1.15 (KHTML, like Gecko) Version/13.1.1 Safari/605.1.15 (Applebot/0.1; +http://www.apple.com/go/applebot)"
69.46.23.98 - - [08/May/2023:22:47:52 -0400] "POST /wp-cron.php?doing_wp_cron=1683600472.2485749721527099609375 HTTP/1.1" 200 0 "-" "WordPress/6.2; https://ovaltechstore.com.pe"
114.119.141.84 - - [08/May/2023:22:47:51 -0400] "GET /producto/tarjeta-grafica-asus-dual-amd-radeon-rx-6700-xt-oc-12gb-gddr6/ HTTP/1.1" 200 21521 "https://ovaltechstore.com.pe/tienda/page/4/" "Mozilla/5.0 (Linux; Android 7.0;) AppleWebKit/537.36 (KHTML, like Gecko) Mobile Safari/537.36 (compatible; PetalBot;+https://webmaster.petalsearch.com/site/petalbot)"
40.77.167.164 - - [08/May/2023:23:49:16 -0400] "GET /wp-content/uploads/2022/11/e1542624-6b3b-48c2-a809-5eb659baff5a.jpg HTTP/2" 200 10336 "-" "Mozilla/5.0 AppleWebKit/537.36 (KHTML, like Gecko; compatible; bingbot/2.0; +http://www.bing.com/bingbot.htm) Chrome/103.0.5060.134 Safari/537.36"
69.46.23.98 - - [09/May/2023:00:55:13 -0400] "POST /wp-cron.php?doing_wp_cron=1683608113.9217250347137451171875 HTTP/1.1" 200 0 "-" "WordPress/6.2; https://ovaltechstore.com.pe"
40.77.167.164 - - [09/May/2023:00:55:12 -0400] "GET / HTTP/2" 200 28535 "-" "Mozilla/5.0 AppleWebKit/537.36 (KHTML, like Gecko; compatible; bingbot/2.0; +http://www.bing.com/bingbot.htm) Chrome/103.0.5060.134 Safari/537.36"
69.46.23.98 - - [09/May/2023:00:55:16 -0400] "GET / HTTP/1.1" 200 28544 "-" "WordPress/6.2; https://ovaltechstore.com.pe"
69.46.23.98 - - [09/May/2023:00:55:17 -0400] "POST /wp-admin/admin-ajax.php?action=wp_1_wc_privacy_cleanup&nonce=a3ee9212fd HTTP/1.1" 200 0 "-" "WordPress/6.2; https://ovaltechstore.com.pe"
192.0.96.207 - - [09/May/2023:00:55:34 -0400] "POST /?for=jetpack&jetpack=comms&token=k3WzpbXHbNLw7bh3%21%23%25iv%2AXVEcf8mIYC%3A1%3A0&timestamp=1683608134&nonce=4jLlNXpcI6&body-hash=dGEh14kGxCGWYfaS5n8jS1FHu9k%3D&signature=G8DtGMYk0UHBBNIOUlbZZPOG%2BW0%3D HTTP/1.1" 200 609 "https://ovaltechstore.com.pe/?for=jetpack&jetpack=comms&token=k3WzpbXHbNLw7bh3%21%23%25iv%2AXVEcf8mIYC%3A1%3A0&timestamp=1683608134&nonce=4jLlNXpcI6&body-hash=dGEh14kGxCGWYfaS5n8jS1FHu9k%3D&signature=G8DtGMYk0UHBBNIOUlbZZPOG%2BW0%3D" "Jetpack by WordPress.com"
69.46.23.98 - - [09/May/2023:00:55:35 -0400] "GET /wp-json/jetpack/v4/sync/spawn-sync?time=1683608135&request_lock_id=1683608135.6717 HTTP/1.1" 200 37 "-" "WordPress/6.2; https://ovaltechstore.com.pe"
69.46.23.98 - - [09/May/2023:00:55:37 -0400] "GET /wp-json/jetpack/v4/sync/spawn-sync?time=1683608137&request_lock_id=1683608137.1801 HTTP/1.1" 200 37 "-" "WordPress/6.2; https://ovaltechstore.com.pe"
69.46.23.98 - - [09/May/2023:01:10:31 -0400] "POST /wp-cron.php?doing_wp_cron=1683609031.8177819252014160156250 HTTP/1.1" 200 0 "-" "WordPress/6.2; https://ovaltechstore.com.pe"
69.46.23.98 - - [09/May/2023:01:16:09 -0400] "POST /wp-cron.php?doing_wp_cron=1683609368.9235620498657226562500 HTTP/1.1" 200 0 "-" "WordPress/6.2; https://ovaltechstore.com.pe"
69.46.23.98 - - [09/May/2023:02:05:39 -0400] "POST /wp-cron.php?doing_wp_cron=1683612339.1105940341949462890625 HTTP/1.1" 200 0 "-" "WordPress/6.2; https://ovaltechstore.com.pe"
69.46.23.98 - - [09/May/2023:02:05:40 -0400] "POST /wp-admin/admin-ajax.php HTTP/1.1" 200 0 "-" "WordPress/6.2; https://ovaltechstore.com.pe"
40.77.167.164 - - [09/May/2023:03:42:01 -0400] "GET /wp-content/uploads/2022/11/7ebc0087-2927-4faf-9850-2c11e4c5c8b0.jpg HTTP/2" 200 12624 "-" "Mozilla/5.0 AppleWebKit/537.36 (KHTML, like Gecko; compatible; bingbot/2.0; +http://www.bing.com/bingbot.htm) Chrome/103.0.5060.134 Safari/537.36"
69.46.23.98 - - [09/May/2023:04:00:38 -0400] "POST /wp-cron.php?doing_wp_cron=1683619238.4556140899658203125000 HTTP/1.1" 200 0 "-" "WordPress/6.2; https://ovaltechstore.com.pe"
