40.77.167.190 - - [30/Apr/2023:08:30:36 -0400] "GET /wp-content/uploads/2022/11/51687378-b533-4b3e-b9fa-c4ada306a300.jpg HTTP/2" 200 17108 "-" "Mozilla/5.0 AppleWebKit/537.36 (KHTML, like Gecko; compatible; bingbot/2.0; +http://www.bing.com/bingbot.htm) Chrome/103.0.5060.134 Safari/537.36"
40.77.167.164 - - [30/Apr/2023:09:09:44 -0400] "GET /wp-content/uploads/2022/11/8671ca4f-eece-454e-8b26-bb4c3fa74462-1.jpg HTTP/2" 200 29309 "-" "Mozilla/5.0 AppleWebKit/537.36 (KHTML, like Gecko; compatible; bingbot/2.0; +http://www.bing.com/bingbot.htm) Chrome/103.0.5060.134 Safari/537.36"
40.77.167.190 - - [30/Apr/2023:09:25:21 -0400] "GET /wp-content/uploads/2022/11/c84149cc-b80e-4aac-bf42-2d5dffd257c1.jpg HTTP/2" 200 16151 "-" "Mozilla/5.0 AppleWebKit/537.36 (KHTML, like Gecko; compatible; bingbot/2.0; +http://www.bing.com/bingbot.htm) Chrome/103.0.5060.134 Safari/537.36"
69.46.23.98 - - [30/Apr/2023:10:39:30 -0400] "POST /wp-cron.php?doing_wp_cron=1682865570.4996550083160400390625 HTTP/1.1" 200 0 "-" "WordPress/6.2; https://ovaltechstore.com.pe"
40.77.167.190 - - [30/Apr/2023:10:39:29 -0400] "GET /wp-sitemap-taxonomies-category-1.xml HTTP/2" 200 197 "-" "Mozilla/5.0 AppleWebKit/537.36 (KHTML, like Gecko; compatible; bingbot/2.0; +http://www.bing.com/bingbot.htm) Chrome/103.0.5060.134 Safari/537.36"
69.46.23.98 - - [30/Apr/2023:10:39:31 -0400] "POST /wp-admin/admin-ajax.php HTTP/1.1" 200 0 "-" "WordPress/6.2; https://ovaltechstore.com.pe"
40.77.167.164 - - [30/Apr/2023:12:05:00 -0400] "GET /wp-content/uploads/2022/11/28231080-e3aa-45ce-955a-17a7d6dee2d5.jpg HTTP/2" 200 22273 "-" "Mozilla/5.0 AppleWebKit/537.36 (KHTML, like Gecko; compatible; bingbot/2.0; +http://www.bing.com/bingbot.htm) Chrome/103.0.5060.134 Safari/537.36"
40.77.167.164 - - [30/Apr/2023:12:33:24 -0400] "GET /wp-content/uploads/2022/11/1c4d3932-63f4-48e3-a49d-6f182b420d67.jpg HTTP/2" 200 20032 "-" "Mozilla/5.0 AppleWebKit/537.36 (KHTML, like Gecko; compatible; bingbot/2.0; +http://www.bing.com/bingbot.htm) Chrome/103.0.5060.134 Safari/537.36"
69.46.23.98 - - [30/Apr/2023:13:09:40 -0400] "POST /wp-cron.php?doing_wp_cron=1682874580.7407050132751464843750 HTTP/1.1" 200 0 "-" "WordPress/6.2; https://ovaltechstore.com.pe"
52.167.144.80 - - [30/Apr/2023:13:09:38 -0400] "GET /wp-sitemap-taxonomies-product_cat-1.xml HTTP/2" 200 276 "-" "Mozilla/5.0 AppleWebKit/537.36 (KHTML, like Gecko; compatible; bingbot/2.0; +http://www.bing.com/bingbot.htm) Chrome/103.0.5060.134 Safari/537.36"
69.46.23.98 - - [30/Apr/2023:13:09:41 -0400] "POST /wp-admin/admin-ajax.php HTTP/1.1" 200 0 "-" "WordPress/6.2; https://ovaltechstore.com.pe"
69.46.23.98 - - [30/Apr/2023:13:09:43 -0400] "GET / HTTP/1.1" 200 28541 "-" "WordPress/6.2; https://ovaltechstore.com.pe"
69.46.23.98 - - [30/Apr/2023:13:21:40 -0400] "POST /wp-cron.php?doing_wp_cron=1682875300.1737411022186279296875 HTTP/1.1" 200 0 "-" "WordPress/6.2; https://ovaltechstore.com.pe"
52.167.144.80 - - [30/Apr/2023:13:21:39 -0400] "GET /wp-sitemap-posts-mailpoet_page-1.xml HTTP/2" 200 202 "-" "Mozilla/5.0 AppleWebKit/537.36 (KHTML, like Gecko; compatible; bingbot/2.0; +http://www.bing.com/bingbot.htm) Chrome/103.0.5060.134 Safari/537.36"
40.77.167.164 - - [30/Apr/2023:14:07:11 -0400] "GET /wp-content/uploads/2022/11/695bc98f-f8b5-4a57-a81f-aa491283a72a.jpg HTTP/2" 200 35795 "-" "Mozilla/5.0 AppleWebKit/537.36 (KHTML, like Gecko; compatible; bingbot/2.0; +http://www.bing.com/bingbot.htm) Chrome/103.0.5060.134 Safari/537.36"
40.77.167.212 - - [30/Apr/2023:14:52:28 -0400] "GET /wp-content/uploads/2022/11/61eabf3b-433a-4364-b375-6edd321b57f3.jpg HTTP/2" 200 16510 "-" "Mozilla/5.0 AppleWebKit/537.36 (KHTML, like Gecko; compatible; bingbot/2.0; +http://www.bing.com/bingbot.htm) Chrome/103.0.5060.134 Safari/537.36"
40.77.167.190 - - [30/Apr/2023:16:49:33 -0400] "GET /wp-content/uploads/2022/11/734443bf-b61d-4388-a6f2-e5da258477a2.jpg HTTP/2" 200 24437 "-" "Mozilla/5.0 AppleWebKit/537.36 (KHTML, like Gecko; compatible; bingbot/2.0; +http://www.bing.com/bingbot.htm) Chrome/103.0.5060.134 Safari/537.36"
69.46.23.98 - - [30/Apr/2023:17:47:46 -0400] "POST /wp-cron.php?doing_wp_cron=1682891266.4147450923919677734375 HTTP/1.1" 200 0 "-" "WordPress/6.2; https://ovaltechstore.com.pe"
114.119.129.22 - - [30/Apr/2023:17:47:45 -0400] "GET /producto/tarjeta-grafica-msi-nvidia-geforce-rtx-4090-gaming-trio-24gb-gddr6x/ HTTP/1.1" 200 21760 "https://ovaltechstore.com.pe/tienda/page/4/" "Mozilla/5.0 (Linux; Android 7.0;) AppleWebKit/537.36 (KHTML, like Gecko) Mobile Safari/537.36 (compatible; PetalBot;+https://webmaster.petalsearch.com/site/petalbot)"
69.46.23.98 - - [30/Apr/2023:17:49:45 -0400] "POST /wp-cron.php?doing_wp_cron=1682891385.2112929821014404296875 HTTP/1.1" 200 0 "-" "WordPress/6.2; https://ovaltechstore.com.pe"
66.249.70.109 - - [30/Apr/2023:17:49:44 -0400] "GET /robots.txt HTTP/1.1" 200 98 "-" "Mozilla/5.0 (compatible; Googlebot/2.1; +http://www.google.com/bot.html)"
69.46.23.98 - - [30/Apr/2023:17:49:46 -0400] "POST /wp-cron.php?doing_wp_cron=1682891386.3241310119628906250000 HTTP/1.1" 200 0 "-" "WordPress/6.2; https://ovaltechstore.com.pe"
66.249.70.109 - - [30/Apr/2023:17:49:45 -0400] "GET / HTTP/1.1" 200 24877 "-" "Mozilla/5.0 (compatible; Googlebot/2.1; +http://www.google.com/bot.html)"
66.249.70.109 - - [30/Apr/2023:17:49:52 -0400] "GET /wp-content/themes/top-store/inc/woocommerce/quick-view/css/quick-view.css?ver=6.2 HTTP/1.1" 200 1953 "https://ovaltechstore.com.pe/" "Mozilla/5.0 AppleWebKit/537.36 (KHTML, like Gecko; compatible; Googlebot/2.1; +http://www.google.com/bot.html) Chrome/112.0.5615.142 Safari/537.36"
66.249.70.109 - - [30/Apr/2023:17:49:53 -0400] "GET /wp-includes/css/classic-themes.min.css?ver=6.2 HTTP/1.1" 200 164 "https://ovaltechstore.com.pe/" "Mozilla/5.0 AppleWebKit/537.36 (KHTML, like Gecko; compatible; Googlebot/2.1; +http://www.google.com/bot.html) Chrome/112.0.5615.142 Safari/537.36"
66.249.70.107 - - [30/Apr/2023:17:49:53 -0400] "GET /wp-content/plugins/woocommerce/assets/js/frontend/cart-fragments.min.js?ver=7.0.1 HTTP/1.1" 200 934 "https://ovaltechstore.com.pe/" "Mozilla/5.0 AppleWebKit/537.36 (KHTML, like Gecko; compatible; Googlebot/2.1; +http://www.google.com/bot.html) Chrome/112.0.5615.142 Safari/537.36"
66.249.70.107 - - [30/Apr/2023:17:49:54 -0400] "POST /?wc-ajax=get_refreshed_fragments&elementor_page_id=58 HTTP/1.1" 200 182 "https://ovaltechstore.com.pe/" "Mozilla/5.0 AppleWebKit/537.36 (KHTML, like Gecko; compatible; Googlebot/2.1; +http://www.google.com/bot.html) Chrome/112.0.5615.142 Safari/537.36"
66.249.70.107 - - [30/Apr/2023:17:49:56 -0400] "GET /wp-content/plugins/elementor/assets/js/text-editor.2c35aafbe5bf0e127950.bundle.min.js HTTP/1.1" 200 599 "https://ovaltechstore.com.pe/" "Mozilla/5.0 AppleWebKit/537.36 (KHTML, like Gecko; compatible; Googlebot/2.1; +http://www.google.com/bot.html) Chrome/112.0.5615.142 Safari/537.36"
69.46.23.98 - - [30/Apr/2023:17:50:47 -0400] "POST /wp-cron.php?doing_wp_cron=1682891447.4761369228363037109375 HTTP/1.1" 200 0 "-" "WordPress/6.2; https://ovaltechstore.com.pe"
66.249.70.109 - - [30/Apr/2023:17:50:46 -0400] "GET /wp-content/uploads/2022/11/My-project-1-e1667650597681.png HTTP/1.1" 404 15697 "-" "Googlebot-Image/1.0"
66.249.70.107 - - [30/Apr/2023:17:50:47 -0400] "GET /favicon.ico HTTP/1.1" 404 1238 "-" "Googlebot-Image/1.0"
66.249.70.109 - - [30/Apr/2023:17:51:20 -0400] "GET / HTTP/1.1" 200 24865 "-" "Mozilla/5.0 (Linux; Android 6.0.1; Nexus 5X Build/MMB29P) AppleWebKit/537.36 (KHTML, like Gecko) Chrome/99.0.4844.84 Mobile Safari/537.36 (compatible; Googlebot/2.1; +http://www.google.com/bot.html)"
66.249.70.109 - - [30/Apr/2023:17:51:21 -0400] "GET / HTTP/1.1" 200 24865 "-" "Mozilla/5.0 (compatible; Googlebot/2.1; +http://www.google.com/bot.html)"
66.249.70.111 - - [30/Apr/2023:17:51:23 -0400] "POST /?wc-ajax=get_refreshed_fragments&elementor_page_id=58 HTTP/1.1" 200 182 "https://ovaltechstore.com.pe/" "Mozilla/5.0 (Linux; Android 6.0.1; Nexus 5X Build/MMB29P) AppleWebKit/537.36 (KHTML, like Gecko) Chrome/112.0.5615.142 Mobile Safari/537.36 (compatible; Googlebot/2.1; +http://www.google.com/bot.html)"
66.249.70.109 - - [30/Apr/2023:17:51:23 -0400] "POST /?wc-ajax=get_refreshed_fragments&elementor_page_id=58 HTTP/1.1" 200 182 "https://ovaltechstore.com.pe/" "Mozilla/5.0 AppleWebKit/537.36 (KHTML, like Gecko; compatible; Googlebot/2.1; +http://www.google.com/bot.html) Chrome/112.0.5615.142 Safari/537.36"
69.46.23.98 - - [30/Apr/2023:17:59:23 -0400] "POST /wp-cron.php?doing_wp_cron=1682891963.8817930221557617187500 HTTP/1.1" 200 0 "-" "WordPress/6.2; https://ovaltechstore.com.pe"
114.119.140.115 - - [30/Apr/2023:17:59:23 -0400] "GET /producto/placa-asus-tuf-gaming-b660m-plus-wifi-d4-lg1700-128gb/ HTTP/1.1" 200 21445 "https://ovaltechstore.com.pe/tienda/page/3/" "Mozilla/5.0 (Linux; Android 7.0;) AppleWebKit/537.36 (KHTML, like Gecko) Mobile Safari/537.36 (compatible; PetalBot;+https://webmaster.petalsearch.com/site/petalbot)"
40.77.167.190 - - [30/Apr/2023:18:21:12 -0400] "GET /wp-content/uploads/2022/11/17022be2-f071-4f29-82cd-69ab4cbf454d.jpg HTTP/2" 200 32879 "-" "Mozilla/5.0 AppleWebKit/537.36 (KHTML, like Gecko; compatible; bingbot/2.0; +http://www.bing.com/bingbot.htm) Chrome/103.0.5060.134 Safari/537.36"
69.46.23.98 - - [30/Apr/2023:19:10:28 -0400] "POST /wp-cron.php?doing_wp_cron=1682896228.5507318973541259765625 HTTP/1.1" 200 0 "-" "WordPress/6.2; https://ovaltechstore.com.pe"
66.249.70.109 - - [30/Apr/2023:19:10:27 -0400] "GET /wp-sitemap-posts-product-1.xml HTTP/1.1" 200 1944 "-" "Mozilla/5.0 (compatible; Googlebot/2.1; +http://www.google.com/bot.html)"
40.77.167.164 - - [30/Apr/2023:19:12:31 -0400] "GET /wp-content/uploads/2022/11/2e1497c7-c775-4262-a799-2552e949e5da.jpg HTTP/2" 200 18759 "-" "Mozilla/5.0 AppleWebKit/537.36 (KHTML, like Gecko; compatible; bingbot/2.0; +http://www.bing.com/bingbot.htm) Chrome/103.0.5060.134 Safari/537.36"
40.77.167.190 - - [30/Apr/2023:19:30:18 -0400] "GET /wp-content/uploads/2022/11/71d9c880-796c-41ac-a99a-862cae459621.jpg HTTP/2" 200 20088 "-" "Mozilla/5.0 AppleWebKit/537.36 (KHTML, like Gecko; compatible; bingbot/2.0; +http://www.bing.com/bingbot.htm) Chrome/103.0.5060.134 Safari/537.36"
40.77.167.190 - - [30/Apr/2023:20:01:12 -0400] "GET /wp-content/uploads/2022/11/1b48f6e5-dbec-4006-b708-25d5304fbbaf.jpg HTTP/2" 200 77416 "-" "Mozilla/5.0 AppleWebKit/537.36 (KHTML, like Gecko; compatible; bingbot/2.0; +http://www.bing.com/bingbot.htm) Chrome/103.0.5060.134 Safari/537.36"
69.46.23.98 - - [30/Apr/2023:20:27:14 -0400] "POST /wp-cron.php?doing_wp_cron=1682900834.3253569602966308593750 HTTP/1.1" 200 0 "-" "WordPress/6.2; https://ovaltechstore.com.pe"
114.119.153.245 - - [30/Apr/2023:20:27:13 -0400] "GET /tienda/page/2/ HTTP/1.1" 200 22501 "https://ovaltechstore.com.pe/tienda/page/5/" "Mozilla/5.0 (Linux; Android 7.0;) AppleWebKit/537.36 (KHTML, like Gecko) Mobile Safari/537.36 (compatible; PetalBot;+https://webmaster.petalsearch.com/site/petalbot)"
69.46.23.98 - - [30/Apr/2023:20:27:15 -0400] "POST /wp-admin/admin-ajax.php HTTP/1.1" 200 0 "-" "WordPress/6.2; https://ovaltechstore.com.pe"
69.46.23.98 - - [30/Apr/2023:20:28:23 -0400] "POST /wp-cron.php?doing_wp_cron=1682900903.1057810783386230468750 HTTP/1.1" 200 0 "-" "WordPress/6.2; https://ovaltechstore.com.pe"
114.119.157.241 - - [30/Apr/2023:20:28:22 -0400] "GET /producto/monitor-curvo-49-240hz-1ms-5k-g-sync-qled-samsung-odyssey-g9/ HTTP/1.1" 200 21518 "https://ovaltechstore.com.pe/tienda/page/2/" "Mozilla/5.0 (Linux; Android 7.0;) AppleWebKit/537.36 (KHTML, like Gecko) Mobile Safari/537.36 (compatible; PetalBot;+https://webmaster.petalsearch.com/site/petalbot)"
69.46.23.98 - - [30/Apr/2023:20:46:01 -0400] "POST /wp-cron.php?doing_wp_cron=1682901961.2016370296478271484375 HTTP/1.1" 200 0 "-" "WordPress/6.2; https://ovaltechstore.com.pe"
114.119.155.44 - - [30/Apr/2023:20:45:59 -0400] "GET /categoria-producto/perifericos/page/2/ HTTP/1.1" 200 20465 "https://ovaltechstore.com.pe/categoria-producto/perifericos/page/1/" "Mozilla/5.0 (Linux; Android 7.0;) AppleWebKit/537.36 (KHTML, like Gecko) Mobile Safari/537.36 (compatible; PetalBot;+https://webmaster.petalsearch.com/site/petalbot)"
69.46.23.98 - - [30/Apr/2023:21:17:08 -0400] "POST /wp-cron.php?doing_wp_cron=1682903828.5354790687561035156250 HTTP/1.1" 200 0 "-" "WordPress/6.2; https://ovaltechstore.com.pe"
66.249.70.107 - - [30/Apr/2023:21:17:07 -0400] "GET /wp-sitemap-taxonomies-category-1.xml HTTP/1.1" 200 166 "-" "Mozilla/5.0 (compatible; Googlebot/2.1; +http://www.google.com/bot.html)"
40.77.167.164 - - [30/Apr/2023:21:41:26 -0400] "GET /wp-content/uploads/2022/11/133cd476-828e-4fb9-88fd-efa5f186829c.jpg HTTP/2" 200 13080 "-" "Mozilla/5.0 AppleWebKit/537.36 (KHTML, like Gecko; compatible; bingbot/2.0; +http://www.bing.com/bingbot.htm) Chrome/103.0.5060.134 Safari/537.36"
69.46.23.98 - - [30/Apr/2023:23:07:33 -0400] "POST /wp-cron.php?doing_wp_cron=1682910453.1625909805297851562500 HTTP/1.1" 200 0 "-" "WordPress/6.2; https://ovaltechstore.com.pe"
66.249.70.109 - - [30/Apr/2023:23:07:31 -0400] "GET /wp-sitemap-posts-page-1.xml HTTP/1.1" 200 202 "-" "Mozilla/5.0 (compatible; Googlebot/2.1; +http://www.google.com/bot.html)"
69.46.23.98 - - [01/May/2023:01:03:24 -0400] "POST /wp-cron.php?doing_wp_cron=1682917404.3331329822540283203125 HTTP/1.1" 200 0 "-" "WordPress/6.2; https://ovaltechstore.com.pe"
114.119.128.39 - - [01/May/2023:01:03:23 -0400] "GET /robots.txt HTTP/1.1" 200 114 "-" "Mozilla/5.0 (compatible;PetalBot;+https://webmaster.petalsearch.com/site/petalbot)"
69.46.23.98 - - [01/May/2023:01:03:26 -0400] "GET / HTTP/1.1" 200 28548 "-" "WordPress/6.2; https://ovaltechstore.com.pe"
69.46.23.98 - - [01/May/2023:01:03:27 -0400] "POST /wp-admin/admin-ajax.php?action=wp_1_wc_privacy_cleanup&nonce=f7848390fc HTTP/1.1" 200 0 "-" "WordPress/6.2; https://ovaltechstore.com.pe"
192.0.101.214 - - [01/May/2023:01:03:45 -0400] "POST /?for=jetpack&jetpack=comms&token=k3WzpbXHbNLw7bh3%21%23%25iv%2AXVEcf8mIYC%3A1%3A0&timestamp=1682917425&nonce=Luqam2FWmQ&body-hash=dGEh14kGxCGWYfaS5n8jS1FHu9k%3D&signature=g2%2Buc%2Boo4rXZFsn5F%2BQVepcifbA%3D HTTP/1.1" 200 656 "https://ovaltechstore.com.pe/?for=jetpack&jetpack=comms&token=k3WzpbXHbNLw7bh3%21%23%25iv%2AXVEcf8mIYC%3A1%3A0&timestamp=1682917425&nonce=Luqam2FWmQ&body-hash=dGEh14kGxCGWYfaS5n8jS1FHu9k%3D&signature=g2%2Buc%2Boo4rXZFsn5F%2BQVepcifbA%3D" "Jetpack by WordPress.com"
69.46.23.98 - - [01/May/2023:01:03:46 -0400] "GET /wp-json/jetpack/v4/sync/spawn-sync?time=1682917426&request_lock_id=1682917426.7506 HTTP/1.1" 200 37 "-" "WordPress/6.2; https://ovaltechstore.com.pe"
69.46.23.98 - - [01/May/2023:01:03:48 -0400] "GET /wp-json/jetpack/v4/sync/spawn-sync?time=1682917428&request_lock_id=1682917428.2441 HTTP/1.1" 200 37 "-" "WordPress/6.2; https://ovaltechstore.com.pe"
69.46.23.98 - - [01/May/2023:01:10:52 -0400] "POST /wp-cron.php?doing_wp_cron=1682917852.0432689189910888671875 HTTP/1.1" 200 0 "-" "WordPress/6.2; https://ovaltechstore.com.pe"
69.46.23.98 - - [01/May/2023:01:15:37 -0400] "POST /wp-cron.php?doing_wp_cron=1682918137.4641699790954589843750 HTTP/1.1" 200 0 "-" "WordPress/6.2; https://ovaltechstore.com.pe"
69.46.23.98 - - [01/May/2023:01:58:44 -0400] "POST /wp-cron.php?doing_wp_cron=1682920724.7482988834381103515625 HTTP/1.1" 200 0 "-" "WordPress/6.2; https://ovaltechstore.com.pe"
40.77.167.190 - - [01/May/2023:02:12:09 -0400] "GET /wp-content/uploads/2022/11/7966ae89-00e6-4035-959d-b1671265288c.jpg HTTP/2" 200 68686 "-" "Mozilla/5.0 AppleWebKit/537.36 (KHTML, like Gecko; compatible; bingbot/2.0; +http://www.bing.com/bingbot.htm) Chrome/103.0.5060.134 Safari/537.36"
69.46.23.98 - - [01/May/2023:04:58:18 -0400] "POST /wp-cron.php?doing_wp_cron=1682931498.8639440536499023437500 HTTP/1.1" 200 0 "-" "WordPress/6.2; https://ovaltechstore.com.pe"
114.119.155.51 - - [01/May/2023:04:58:17 -0400] "GET /producto/teclado-gamer-hyperx-alloy-elite-2-qwerty/ HTTP/1.1" 200 21810 "https://ovaltechstore.com.pe/tienda/page/4/" "Mozilla/5.0 (Linux; Android 7.0;) AppleWebKit/537.36 (KHTML, like Gecko) Mobile Safari/537.36 (compatible; PetalBot;+https://webmaster.petalsearch.com/site/petalbot)"
69.46.23.98 - - [01/May/2023:06:01:37 -0400] "POST /wp-cron.php?doing_wp_cron=1682935297.6669380664825439453125 HTTP/1.1" 200 0 "-" "WordPress/6.2; https://ovaltechstore.com.pe"
114.119.153.122 - - [01/May/2023:06:01:36 -0400] "GET /tienda/page/5/ HTTP/1.1" 200 20116 "https://ovaltechstore.com.pe/tienda/page/4/" "Mozilla/5.0 (Linux; Android 7.0;) AppleWebKit/537.36 (KHTML, like Gecko) Mobile Safari/537.36 (compatible; PetalBot;+https://webmaster.petalsearch.com/site/petalbot)"
69.46.23.98 - - [01/May/2023:06:06:32 -0400] "POST /wp-cron.php?doing_wp_cron=1682935592.0731480121612548828125 HTTP/1.1" 200 0 "-" "WordPress/6.2; https://ovaltechstore.com.pe"
40.77.167.190 - - [01/May/2023:06:06:31 -0400] "GET /wp-sitemap-taxonomies-category-1.xml HTTP/2" 200 197 "-" "Mozilla/5.0 AppleWebKit/537.36 (KHTML, like Gecko; compatible; bingbot/2.0; +http://www.bing.com/bingbot.htm) Chrome/103.0.5060.134 Safari/537.36"
114.119.147.6 - - [01/May/2023:06:23:01 -0400] "GET /wp-content/uploads/2022/11/f14b48d2-d761-492b-b0e7-5ef93bd481f5-320x320.jpg HTTP/1.1" 200 16806 "https://ovaltechstore.com.pe/tienda/page/5/" "Mozilla/5.0 (Linux; Android 7.0;) AppleWebKit/537.36 (KHTML, like Gecko) Mobile Safari/537.36 (compatible; PetalBot;+https://webmaster.petalsearch.com/site/petalbot)"
69.46.23.98 - - [01/May/2023:07:34:23 -0400] "POST /wp-cron.php?doing_wp_cron=1682940863.0671811103820800781250 HTTP/1.1" 200 0 "-" "WordPress/6.2; https://ovaltechstore.com.pe"
35.90.112.38 - - [01/May/2023:07:34:21 -0400] "GET / HTTP/1.1" 200 28548 "-" "Mozilla/5.0 (X11; Linux x86_64) AppleWebKit/537.36 (KHTML, like Gecko) Chrome/83.0.4103.97 Safari/537.36"
54.185.81.118 - - [01/May/2023:07:34:22 -0400] "GET / HTTP/1.1" 200 28548 "-" "Mozilla/5.0 (X11; Linux x86_64) AppleWebKit/537.36 (KHTML, like Gecko) Chrome/83.0.4103.97 Safari/537.36"
52.24.68.70 - - [01/May/2023:07:34:55 -0400] "GET /favicon.ico HTTP/1.1" 404 1238 "http://ovaltechstore.com.pe/favicon.ico" "Mozilla/5.0 (X11; Linux x86_64) AppleWebKit/537.36 (KHTML, like Gecko) Chrome/83.0.4103.97 Safari/537.36"
54.189.163.203 - - [01/May/2023:07:35:00 -0400] "GET /favicon.ico HTTP/1.1" 404 1238 "-" "Mozilla/5.0 (X11; Linux x86_64) AppleWebKit/537.36 (KHTML, like Gecko) Chrome/83.0.4103.97 Safari/537.36"
69.46.23.98 - - [01/May/2023:07:35:01 -0400] "POST /wp-cron.php?doing_wp_cron=1682940901.4089810848236083984375 HTTP/1.1" 200 0 "-" "WordPress/6.2; https://ovaltechstore.com.pe"
52.24.68.70 - - [01/May/2023:07:35:00 -0400] "GET / HTTP/1.1" 200 11011 "http://ovaltechstore.com.pe" "Mozilla/5.0 (X11; Linux x86_64) AppleWebKit/537.36 (KHTML, like Gecko) Chrome/83.0.4103.97 Safari/537.36"
54.189.163.203 - - [01/May/2023:07:35:04 -0400] "GET / HTTP/1.1" 200 28542 "-" "Mozilla/5.0 (X11; Linux x86_64) AppleWebKit/537.36 (KHTML, like Gecko) Chrome/83.0.4103.97 Safari/537.36"
69.46.23.98 - - [01/May/2023:08:30:27 -0400] "POST /wp-cron.php?doing_wp_cron=1682944227.0050809383392333984375 HTTP/1.1" 200 0 "-" "WordPress/6.2; https://ovaltechstore.com.pe"
40.77.167.212 - - [01/May/2023:08:30:25 -0400] "GET /wp-sitemap-taxonomies-product_cat-1.xml HTTP/2" 200 276 "-" "Mozilla/5.0 AppleWebKit/537.36 (KHTML, like Gecko; compatible; bingbot/2.0; +http://www.bing.com/bingbot.htm) Chrome/103.0.5060.134 Safari/537.36"
69.46.23.98 - - [01/May/2023:08:30:28 -0400] "POST /wp-admin/admin-ajax.php HTTP/1.1" 200 0 "-" "WordPress/6.2; https://ovaltechstore.com.pe"
40.77.167.190 - - [01/May/2023:08:41:45 -0400] "GET /wp-content/uploads/2022/11/57fb0f38-15b9-46e7-81d4-f46249ae5f60.jpg HTTP/2" 200 19703 "-" "Mozilla/5.0 AppleWebKit/537.36 (KHTML, like Gecko; compatible; bingbot/2.0; +http://www.bing.com/bingbot.htm) Chrome/103.0.5060.134 Safari/537.36"
69.46.23.98 - - [01/May/2023:08:41:57 -0400] "POST /wp-cron.php?doing_wp_cron=1682944917.5279769897460937500000 HTTP/1.1" 200 0 "-" "WordPress/6.2; https://ovaltechstore.com.pe"
40.77.167.212 - - [01/May/2023:08:41:56 -0400] "GET /wp-sitemap-posts-mailpoet_page-1.xml HTTP/2" 200 202 "-" "Mozilla/5.0 AppleWebKit/537.36 (KHTML, like Gecko; compatible; bingbot/2.0; +http://www.bing.com/bingbot.htm) Chrome/103.0.5060.134 Safari/537.36"
69.46.23.98 - - [01/May/2023:09:06:16 -0400] "POST /wp-cron.php?doing_wp_cron=1682946376.7849540710449218750000 HTTP/1.1" 200 0 "-" "WordPress/6.2; https://ovaltechstore.com.pe"
114.119.151.185 - - [01/May/2023:09:06:15 -0400] "GET /producto/teclado-gamer-hyperx-alloy-origins-core-qwerty-red-ingles-us-color-negro-con-luz-rgb/ HTTP/1.1" 200 21698 "https://ovaltechstore.com.pe/categoria-producto/perifericos/page/2/" "Mozilla/5.0 (Linux; Android 7.0;) AppleWebKit/537.36 (KHTML, like Gecko) Mobile Safari/537.36 (compatible; PetalBot;+https://webmaster.petalsearch.com/site/petalbot)"
40.77.167.164 - - [01/May/2023:11:00:11 -0400] "GET /wp-content/uploads/2022/11/b4d81508-3508-4120-b8af-4c819d0ebfce.jpg HTTP/2" 200 22310 "-" "Mozilla/5.0 AppleWebKit/537.36 (KHTML, like Gecko; compatible; bingbot/2.0; +http://www.bing.com/bingbot.htm) Chrome/103.0.5060.134 Safari/537.36"
69.46.23.98 - - [01/May/2023:12:02:32 -0400] "POST /wp-cron.php?doing_wp_cron=1682956952.0571339130401611328125 HTTP/1.1" 200 0 "-" "WordPress/6.2; https://ovaltechstore.com.pe"
40.77.167.85 - - [01/May/2023:12:02:30 -0400] "GET /robots.txt HTTP/2" 200 114 "-" "Mozilla/5.0 AppleWebKit/537.36 (KHTML, like Gecko; compatible; bingbot/2.0; +http://www.bing.com/bingbot.htm) Chrome/103.0.5060.134 Safari/537.36"
69.46.23.98 - - [01/May/2023:12:02:32 -0400] "POST /wp-admin/admin-ajax.php HTTP/1.1" 200 0 "-" "WordPress/6.2; https://ovaltechstore.com.pe"
69.46.23.98 - - [01/May/2023:12:02:34 -0400] "GET / HTTP/1.1" 200 28545 "-" "WordPress/6.2; https://ovaltechstore.com.pe"
40.77.167.190 - - [01/May/2023:12:02:37 -0400] "GET /?mailpoet_page=subscriptions HTTP/2" 200 17771 "-" "Mozilla/5.0 AppleWebKit/537.36 (KHTML, like Gecko; compatible; bingbot/2.0; +http://www.bing.com/bingbot.htm) Chrome/103.0.5060.134 Safari/537.36"
40.77.167.212 - - [01/May/2023:12:14:41 -0400] "GET /wp-content/uploads/2022/11/d586abe0-3841-4671-8e89-16d65bd4a72e.jpg HTTP/2" 200 29429 "-" "Mozilla/5.0 AppleWebKit/537.36 (KHTML, like Gecko; compatible; bingbot/2.0; +http://www.bing.com/bingbot.htm) Chrome/103.0.5060.134 Safari/537.36"
69.46.23.98 - - [01/May/2023:13:12:30 -0400] "POST /wp-cron.php?doing_wp_cron=1682961150.5238559246063232421875 HTTP/1.1" 200 0 "-" "WordPress/6.2; https://ovaltechstore.com.pe"
66.249.66.45 - - [01/May/2023:13:12:27 -0400] "GET /robots.txt HTTP/1.1" 200 98 "-" "Mozilla/5.0 (compatible; Googlebot/2.1; +http://www.google.com/bot.html)"
66.249.66.32 - - [01/May/2023:13:12:30 -0400] "GET /categoria-producto/perifericos/ HTTP/1.1" 200 19658 "-" "Mozilla/5.0 (Linux; Android 6.0.1; Nexus 5X Build/MMB29P) AppleWebKit/537.36 (KHTML, like Gecko) Chrome/112.0.5615.142 Mobile Safari/537.36 (compatible; Googlebot/2.1; +http://www.google.com/bot.html)"
69.46.23.98 - - [01/May/2023:13:12:31 -0400] "POST /wp-admin/admin-ajax.php HTTP/1.1" 200 0 "-" "WordPress/6.2; https://ovaltechstore.com.pe"
66.249.66.6 - - [01/May/2023:13:12:33 -0400] "GET /wp-content/uploads/elementor/css/post-132.css?ver=1667658556 HTTP/1.1" 200 225 "https://ovaltechstore.com.pe/categoria-producto/perifericos/" "Mozilla/5.0 (Linux; Android 6.0.1; Nexus 5X Build/MMB29P) AppleWebKit/537.36 (KHTML, like Gecko) Chrome/112.0.5615.142 Mobile Safari/537.36 (compatible; Googlebot/2.1; +http://www.google.com/bot.html)"
66.249.66.65 - - [01/May/2023:13:12:34 -0400] "GET /wp-includes/css/dashicons.min.css?ver=6.2 HTTP/1.1" 200 35110 "https://ovaltechstore.com.pe/categoria-producto/perifericos/" "Mozilla/5.0 (Linux; Android 6.0.1; Nexus 5X Build/MMB29P) AppleWebKit/537.36 (KHTML, like Gecko) Chrome/112.0.5615.142 Mobile Safari/537.36 (compatible; Googlebot/2.1; +http://www.google.com/bot.html)"
66.249.66.45 - - [01/May/2023:13:12:34 -0400] "GET /wp-includes/js/dist/vendor/regenerator-runtime.min.js?ver=0.13.11 HTTP/1.1" 200 2398 "https://ovaltechstore.com.pe/categoria-producto/perifericos/" "Mozilla/5.0 (Linux; Android 6.0.1; Nexus 5X Build/MMB29P) AppleWebKit/537.36 (KHTML, like Gecko) Chrome/112.0.5615.142 Mobile Safari/537.36 (compatible; Googlebot/2.1; +http://www.google.com/bot.html)"
66.249.66.66 - - [01/May/2023:13:12:35 -0400] "GET /wp-content/themes/top-store/inc/woocommerce/quick-view/js/quick-view.js?ver=6.2 HTTP/1.1" 200 1850 "https://ovaltechstore.com.pe/categoria-producto/perifericos/" "Mozilla/5.0 (Linux; Android 6.0.1; Nexus 5X Build/MMB29P) AppleWebKit/537.36 (KHTML, like Gecko) Chrome/112.0.5615.142 Mobile Safari/537.36 (compatible; Googlebot/2.1; +http://www.google.com/bot.html)"
66.249.66.5 - - [01/May/2023:13:12:35 -0400] "POST /?wc-ajax=get_refreshed_fragments&elementor_page_id=37 HTTP/1.1" 200 182 "https://ovaltechstore.com.pe/categoria-producto/perifericos/" "Mozilla/5.0 (Linux; Android 6.0.1; Nexus 5X Build/MMB29P) AppleWebKit/537.36 (KHTML, like Gecko) Chrome/112.0.5615.142 Mobile Safari/537.36 (compatible; Googlebot/2.1; +http://www.google.com/bot.html)"
69.46.23.98 - - [01/May/2023:14:28:21 -0400] "POST /wp-cron.php?doing_wp_cron=1682965701.4219980239868164062500 HTTP/1.1" 200 0 "-" "WordPress/6.2; https://ovaltechstore.com.pe"
52.10.99.225 - - [01/May/2023:14:28:20 -0400] "GET / HTTP/1.1" 200 28536 "-" "Mozilla/5.0 (Macintosh; Intel Mac OS X 10_8_3) AppleWebKit/537.31 (KHTML, like Gecko) Chrome/26.0.1410.65 Safari/537.31"
69.46.23.98 - - [01/May/2023:15:43:51 -0400] "POST /wp-cron.php?doing_wp_cron=1682970231.0799949169158935546875 HTTP/1.1" 200 0 "-" "WordPress/6.2; https://ovaltechstore.com.pe"
66.249.66.45 - - [01/May/2023:15:43:49 -0400] "GET /categoria-producto/perifericos/ HTTP/1.1" 200 19658 "-" "Mozilla/5.0 (compatible; Googlebot/2.1; +http://www.google.com/bot.html)"
66.249.66.45 - - [01/May/2023:16:46:33 -0400] "GET /wp-content/uploads/2022/11/deee5a53-33d4-4be3-b069-9b88a9fc5450.jpg HTTP/1.1" 200 25463 "-" "Googlebot-Image/1.0"
66.249.66.66 - - [01/May/2023:16:47:13 -0400] "GET /wp-content/uploads/2022/11/ff1a0e68-44c0-41c3-a4cf-9cf070556901.jpg HTTP/1.1" 200 19448 "-" "Googlebot-Image/1.0"
66.249.66.32 - - [01/May/2023:16:48:32 -0400] "GET /wp-content/uploads/2022/11/7966ae89-00e6-4035-959d-b1671265288c.jpg HTTP/1.1" 200 68686 "-" "Googlebot-Image/1.0"
66.249.66.33 - - [01/May/2023:16:49:11 -0400] "GET /wp-content/uploads/2022/11/e515eecc-5106-47ee-a9a9-697b2aace0d0.jpg HTTP/1.1" 200 23037 "-" "Googlebot-Image/1.0"
66.249.66.45 - - [01/May/2023:16:49:51 -0400] "GET /wp-content/uploads/2022/11/646f4e36-1669-47c5-8f94-40603fd2dc7c.jpg HTTP/1.1" 200 26393 "-" "Googlebot-Image/1.0"
66.249.66.66 - - [01/May/2023:16:50:30 -0400] "GET /wp-content/uploads/2022/11/501e1ce7-0557-4e40-84a4-1df5f1397c92.jpg HTTP/1.1" 200 52176 "-" "Googlebot-Image/1.0"
66.249.66.6 - - [01/May/2023:16:51:10 -0400] "GET /wp-content/uploads/2022/11/59ff83f2-03ba-40ab-96c7-8f665c51b37a.jpg HTTP/1.1" 200 33296 "-" "Googlebot-Image/1.0"
66.249.66.65 - - [01/May/2023:18:36:24 -0400] "GET /wp-content/plugins/elementor/assets/lib/eicons/css/elementor-icons.min.css?ver=5.16.0 HTTP/1.1" 200 3629 "https://ovaltechstore.com.pe/categoria-producto/perifericos/" "Mozilla/5.0 AppleWebKit/537.36 (KHTML, like Gecko; compatible; Googlebot/2.1; +http://www.google.com/bot.html) Chrome/112.0.5615.142 Safari/537.36"
66.249.66.32 - - [01/May/2023:18:36:25 -0400] "GET /wp-content/themes/top-store//css/animate.css?ver=1.3.2 HTTP/1.1" 200 4449 "https://ovaltechstore.com.pe/categoria-producto/perifericos/" "Mozilla/5.0 AppleWebKit/537.36 (KHTML, like Gecko; compatible; Googlebot/2.1; +http://www.google.com/bot.html) Chrome/112.0.5615.142 Safari/537.36"
66.249.66.7 - - [01/May/2023:18:36:25 -0400] "GET /wp-content/plugins/elementor/assets/lib/font-awesome/css/brands.min.css?ver=5.15.3 HTTP/1.1" 200 284 "https://ovaltechstore.com.pe/categoria-producto/perifericos/" "Mozilla/5.0 AppleWebKit/537.36 (KHTML, like Gecko; compatible; Googlebot/2.1; +http://www.google.com/bot.html) Chrome/112.0.5615.142 Safari/537.36"
66.249.66.66 - - [01/May/2023:18:36:26 -0400] "GET /wp-content/uploads/elementor/css/post-6.css?ver=1667620506 HTTP/1.1" 200 327 "https://ovaltechstore.com.pe/categoria-producto/perifericos/" "Mozilla/5.0 AppleWebKit/537.36 (KHTML, like Gecko; compatible; Googlebot/2.1; +http://www.google.com/bot.html) Chrome/112.0.5615.142 Safari/537.36"
66.249.66.6 - - [01/May/2023:18:36:26 -0400] "GET /wp-content/themes/top-store/style.css?ver=1.3.2 HTTP/1.1" 200 35757 "https://ovaltechstore.com.pe/categoria-producto/perifericos/" "Mozilla/5.0 AppleWebKit/537.36 (KHTML, like Gecko; compatible; Googlebot/2.1; +http://www.google.com/bot.html) Chrome/112.0.5615.142 Safari/537.36"
66.249.66.32 - - [01/May/2023:18:36:27 -0400] "GET /wp-content/uploads/elementor/css/post-132.css?ver=1667658556 HTTP/1.1" 200 225 "https://ovaltechstore.com.pe/categoria-producto/perifericos/" "Mozilla/5.0 AppleWebKit/537.36 (KHTML, like Gecko; compatible; Googlebot/2.1; +http://www.google.com/bot.html) Chrome/112.0.5615.142 Safari/537.36"
66.249.66.66 - - [01/May/2023:18:36:27 -0400] "GET /wp-includes/css/classic-themes.min.css?ver=6.2 HTTP/1.1" 200 164 "https://ovaltechstore.com.pe/categoria-producto/perifericos/" "Mozilla/5.0 AppleWebKit/537.36 (KHTML, like Gecko; compatible; Googlebot/2.1; +http://www.google.com/bot.html) Chrome/112.0.5615.142 Safari/537.36"
66.249.66.65 - - [01/May/2023:18:36:28 -0400] "GET /wp-content/plugins/woocommerce/packages/woocommerce-blocks/build/wc-blocks-style.css?ver=8.5.2 HTTP/1.1" 200 22479 "https://ovaltechstore.com.pe/categoria-producto/perifericos/" "Mozilla/5.0 AppleWebKit/537.36 (KHTML, like Gecko; compatible; Googlebot/2.1; +http://www.google.com/bot.html) Chrome/112.0.5615.142 Safari/537.36"
66.249.66.5 - - [01/May/2023:18:36:28 -0400] "GET /wp-content/plugins/woocommerce/packages/woocommerce-blocks/build/wc-blocks-vendors-style.css?ver=8.5.2 HTTP/1.1" 200 1754 "https://ovaltechstore.com.pe/categoria-producto/perifericos/" "Mozilla/5.0 AppleWebKit/537.36 (KHTML, like Gecko; compatible; Googlebot/2.1; +http://www.google.com/bot.html) Chrome/112.0.5615.142 Safari/537.36"
66.249.66.5 - - [01/May/2023:18:36:29 -0400] "GET /wp-content/plugins/elementor/assets/css/frontend-lite.min.css?ver=3.8.0 HTTP/1.1" 200 12400 "https://ovaltechstore.com.pe/categoria-producto/perifericos/" "Mozilla/5.0 AppleWebKit/537.36 (KHTML, like Gecko; compatible; Googlebot/2.1; +http://www.google.com/bot.html) Chrome/112.0.5615.142 Safari/537.36"
66.249.66.32 - - [01/May/2023:18:36:29 -0400] "GET /wp-content/plugins/elementor-pro/assets/css/frontend-lite.min.css?ver=3.7.7 HTTP/1.1" 200 1533 "https://ovaltechstore.com.pe/categoria-producto/perifericos/" "Mozilla/5.0 AppleWebKit/537.36 (KHTML, like Gecko; compatible; Googlebot/2.1; +http://www.google.com/bot.html) Chrome/112.0.5615.142 Safari/537.36"
66.249.66.6 - - [01/May/2023:18:36:30 -0400] "GET /wp-content/uploads/elementor/css/post-15.css?ver=1669230421 HTTP/1.1" 200 740 "https://ovaltechstore.com.pe/categoria-producto/perifericos/" "Mozilla/5.0 AppleWebKit/537.36 (KHTML, like Gecko; compatible; Googlebot/2.1; +http://www.google.com/bot.html) Chrome/112.0.5615.142 Safari/537.36"
66.249.66.6 - - [01/May/2023:18:36:30 -0400] "GET /wp-includes/js/mediaelement/mediaelementplayer-legacy.min.css?ver=4.2.17 HTTP/1.1" 200 2394 "https://ovaltechstore.com.pe/categoria-producto/perifericos/" "Mozilla/5.0 AppleWebKit/537.36 (KHTML, like Gecko; compatible; Googlebot/2.1; +http://www.google.com/bot.html) Chrome/112.0.5615.142 Safari/537.36"
66.249.66.45 - - [01/May/2023:18:36:31 -0400] "GET /wp-includes/js/dist/a11y.min.js?ver=ecce20f002eda4c19664 HTTP/1.1" 200 858 "https://ovaltechstore.com.pe/categoria-producto/perifericos/" "Mozilla/5.0 AppleWebKit/537.36 (KHTML, like Gecko; compatible; Googlebot/2.1; +http://www.google.com/bot.html) Chrome/112.0.5615.142 Safari/537.36"
66.249.66.5 - - [01/May/2023:18:36:31 -0400] "GET /wp-content/plugins/wp-whatsapp/assets/js/whatsapp-button.js?ver=3.2 HTTP/1.1" 200 389 "https://ovaltechstore.com.pe/categoria-producto/perifericos/" "Mozilla/5.0 AppleWebKit/537.36 (KHTML, like Gecko; compatible; Googlebot/2.1; +http://www.google.com/bot.html) Chrome/112.0.5615.142 Safari/537.36"
66.249.66.6 - - [01/May/2023:18:36:32 -0400] "GET /wp-includes/js/jquery/ui/autocomplete.min.js?ver=1.13.2 HTTP/1.1" 200 2677 "https://ovaltechstore.com.pe/categoria-producto/perifericos/" "Mozilla/5.0 AppleWebKit/537.36 (KHTML, like Gecko; compatible; Googlebot/2.1; +http://www.google.com/bot.html) Chrome/112.0.5615.142 Safari/537.36"
66.249.66.65 - - [01/May/2023:18:36:32 -0400] "GET /wp-content/plugins/woocommerce/assets/js/frontend/add-to-cart.min.js?ver=7.0.1 HTTP/1.1" 200 974 "https://ovaltechstore.com.pe/categoria-producto/perifericos/" "Mozilla/5.0 AppleWebKit/537.36 (KHTML, like Gecko; compatible; Googlebot/2.1; +http://www.google.com/bot.html) Chrome/112.0.5615.142 Safari/537.36"
66.249.66.5 - - [01/May/2023:18:36:33 -0400] "GET /wp-content/themes/top-store//js/sticky-sidebar.js?ver=1.3.2 HTTP/1.1" 200 2915 "https://ovaltechstore.com.pe/categoria-producto/perifericos/" "Mozilla/5.0 AppleWebKit/537.36 (KHTML, like Gecko; compatible; Googlebot/2.1; +http://www.google.com/bot.html) Chrome/112.0.5615.142 Safari/537.36"
66.249.66.45 - - [01/May/2023:18:36:33 -0400] "GET /wp-includes/js/dist/vendor/wp-polyfill.min.js?ver=3.15.0 HTTP/1.1" 200 6335 "https://ovaltechstore.com.pe/categoria-producto/perifericos/" "Mozilla/5.0 AppleWebKit/537.36 (KHTML, like Gecko; compatible; Googlebot/2.1; +http://www.google.com/bot.html) Chrome/112.0.5615.142 Safari/537.36"
66.249.66.5 - - [01/May/2023:18:36:34 -0400] "GET /wp-content/plugins/wp-whatsapp/assets/js/whatsapp-popup.js?ver=6.2 HTTP/1.1" 200 248 "https://ovaltechstore.com.pe/categoria-producto/perifericos/" "Mozilla/5.0 AppleWebKit/537.36 (KHTML, like Gecko; compatible; Googlebot/2.1; +http://www.google.com/bot.html) Chrome/112.0.5615.142 Safari/537.36"
66.249.66.45 - - [01/May/2023:18:36:35 -0400] "GET /wp-content/themes/top-store//inc/woocommerce/js/woocommerce.js?ver=1.0.0 HTTP/1.1" 200 2400 "https://ovaltechstore.com.pe/categoria-producto/perifericos/" "Mozilla/5.0 AppleWebKit/537.36 (KHTML, like Gecko; compatible; Googlebot/2.1; +http://www.google.com/bot.html) Chrome/112.0.5615.142 Safari/537.36"
66.249.66.45 - - [01/May/2023:18:36:35 -0400] "GET /wp-includes/js/dist/hooks.min.js?ver=4169d3cf8e8d95a3d6d5 HTTP/1.1" 200 1575 "https://ovaltechstore.com.pe/categoria-producto/perifericos/" "Mozilla/5.0 AppleWebKit/537.36 (KHTML, like Gecko; compatible; Googlebot/2.1; +http://www.google.com/bot.html) Chrome/112.0.5615.142 Safari/537.36"
66.249.66.65 - - [01/May/2023:18:36:36 -0400] "GET /wp-content/plugins/elementor-pro/assets/js/elements-handlers.min.js?ver=3.7.7 HTTP/1.1" 200 5290 "https://ovaltechstore.com.pe/categoria-producto/perifericos/" "Mozilla/5.0 AppleWebKit/537.36 (KHTML, like Gecko; compatible; Googlebot/2.1; +http://www.google.com/bot.html) Chrome/112.0.5615.142 Safari/537.36"
66.249.66.45 - - [01/May/2023:18:36:36 -0400] "GET /wp-content/plugins/elementor-pro/assets/lib/smartmenus/jquery.smartmenus.min.js?ver=1.0.1 HTTP/1.1" 200 6935 "https://ovaltechstore.com.pe/categoria-producto/perifericos/" "Mozilla/5.0 AppleWebKit/537.36 (KHTML, like Gecko; compatible; Googlebot/2.1; +http://www.google.com/bot.html) Chrome/112.0.5615.142 Safari/537.36"
66.249.66.45 - - [01/May/2023:18:36:37 -0400] "GET /wp-content/plugins/elementor/assets/lib/waypoints/waypoints.min.js?ver=4.0.2 HTTP/1.1" 200 2867 "https://ovaltechstore.com.pe/categoria-producto/perifericos/" "Mozilla/5.0 AppleWebKit/537.36 (KHTML, like Gecko; compatible; Googlebot/2.1; +http://www.google.com/bot.html) Chrome/112.0.5615.142 Safari/537.36"
66.249.66.65 - - [01/May/2023:18:36:37 -0400] "GET /wp-content/plugins/elementor/assets/js/frontend-modules.min.js?ver=3.8.0 HTTP/1.1" 200 10425 "https://ovaltechstore.com.pe/categoria-producto/perifericos/" "Mozilla/5.0 AppleWebKit/537.36 (KHTML, like Gecko; compatible; Googlebot/2.1; +http://www.google.com/bot.html) Chrome/112.0.5615.142 Safari/537.36"
66.249.66.5 - - [01/May/2023:18:36:38 -0400] "GET /wp-content/plugins/wp-whatsapp/assets/dist/js/njt-whatsapp.js?ver=3.2 HTTP/1.1" 200 11156 "https://ovaltechstore.com.pe/categoria-producto/perifericos/" "Mozilla/5.0 AppleWebKit/537.36 (KHTML, like Gecko; compatible; Googlebot/2.1; +http://www.google.com/bot.html) Chrome/112.0.5615.142 Safari/537.36"
66.249.66.45 - - [01/May/2023:18:36:38 -0400] "GET /wp-includes/js/jquery/ui/menu.min.js?ver=1.13.2 HTTP/1.1" 200 2883 "https://ovaltechstore.com.pe/categoria-producto/perifericos/" "Mozilla/5.0 AppleWebKit/537.36 (KHTML, like Gecko; compatible; Googlebot/2.1; +http://www.google.com/bot.html) Chrome/112.0.5615.142 Safari/537.36"
66.249.66.45 - - [01/May/2023:18:36:45 -0400] "GET /wp-content/plugins/elementor-pro/assets/css/widget-woocommerce.min.css HTTP/1.1" 200 15574 "https://ovaltechstore.com.pe/categoria-producto/perifericos/" "Mozilla/5.0 AppleWebKit/537.36 (KHTML, like Gecko; compatible; Googlebot/2.1; +http://www.google.com/bot.html) Chrome/112.0.5615.142 Safari/537.36"
66.249.66.5 - - [01/May/2023:18:36:47 -0400] "GET /wp-includes/js/underscore.min.js?ver=1.13.4 HTTP/1.1" 200 7179 "https://ovaltechstore.com.pe/categoria-producto/perifericos/" "Mozilla/5.0 AppleWebKit/537.36 (KHTML, like Gecko; compatible; Googlebot/2.1; +http://www.google.com/bot.html) Chrome/112.0.5615.142 Safari/537.36"
69.46.23.98 - - [01/May/2023:18:36:48 -0400] "POST /wp-cron.php?doing_wp_cron=1682980608.9719829559326171875000 HTTP/1.1" 200 0 "-" "WordPress/6.2; https://ovaltechstore.com.pe"
66.249.66.5 - - [01/May/2023:18:36:47 -0400] "POST /?wc-ajax=get_refreshed_fragments&elementor_page_id=37 HTTP/1.1" 200 182 "https://ovaltechstore.com.pe/categoria-producto/perifericos/" "Mozilla/5.0 AppleWebKit/537.36 (KHTML, like Gecko; compatible; Googlebot/2.1; +http://www.google.com/bot.html) Chrome/112.0.5615.142 Safari/537.36"
40.77.167.190 - - [01/May/2023:19:14:37 -0400] "GET /wp-content/uploads/2022/11/edec8cc3-a260-4a97-a31f-bb3e2a9bf906.jpg HTTP/2" 200 27876 "-" "Mozilla/5.0 AppleWebKit/537.36 (KHTML, like Gecko; compatible; bingbot/2.0; +http://www.bing.com/bingbot.htm) Chrome/103.0.5060.134 Safari/537.36"
52.167.144.80 - - [01/May/2023:20:01:08 -0400] "GET /wp-content/uploads/2022/11/ff1a0e68-44c0-41c3-a4cf-9cf070556901.jpg HTTP/2" 200 19448 "-" "Mozilla/5.0 AppleWebKit/537.36 (KHTML, like Gecko; compatible; bingbot/2.0; +http://www.bing.com/bingbot.htm) Chrome/103.0.5060.134 Safari/537.36"
69.46.23.98 - - [01/May/2023:22:10:35 -0400] "POST /wp-cron.php?doing_wp_cron=1682993435.7866990566253662109375 HTTP/1.1" 200 0 "-" "WordPress/6.2; https://ovaltechstore.com.pe"
114.119.146.12 - - [01/May/2023:22:10:34 -0400] "GET /producto/monitor-gamer-benq-zowie-xl2546-240hz-black-edition/ HTTP/1.1" 200 21548 "https://ovaltechstore.com.pe/tienda/page/2/" "Mozilla/5.0 (Linux; Android 7.0;) AppleWebKit/537.36 (KHTML, like Gecko) Mobile Safari/537.36 (compatible; PetalBot;+https://webmaster.petalsearch.com/site/petalbot)"
69.46.23.98 - - [01/May/2023:22:10:36 -0400] "POST /wp-admin/admin-ajax.php HTTP/1.1" 200 0 "-" "WordPress/6.2; https://ovaltechstore.com.pe"
69.46.23.98 - - [01/May/2023:22:32:19 -0400] "POST /wp-cron.php?doing_wp_cron=1682994739.8511118888854980468750 HTTP/1.1" 200 0 "-" "WordPress/6.2; https://ovaltechstore.com.pe"
114.119.129.179 - - [01/May/2023:22:32:18 -0400] "GET /tienda/ HTTP/1.1" 200 23586 "https://ovaltechstore.com.pe/carrito/" "Mozilla/5.0 (Linux; Android 7.0;) AppleWebKit/537.36 (KHTML, like Gecko) Mobile Safari/537.36 (compatible; PetalBot;+https://webmaster.petalsearch.com/site/petalbot)"
69.46.23.98 - - [01/May/2023:22:33:57 -0400] "POST /wp-cron.php?doing_wp_cron=1682994837.6222701072692871093750 HTTP/1.1" 200 0 "-" "WordPress/6.2; https://ovaltechstore.com.pe"
114.119.145.160 - - [01/May/2023:22:33:56 -0400] "GET /producto/tarjeta-grafica-rtx-3080-gaming-x-trio-10gb/ HTTP/1.1" 200 21611 "https://ovaltechstore.com.pe/categoria-producto/tarjetas-graficas-procesadores-ram/page/2/" "Mozilla/5.0 (Linux; Android 7.0;) AppleWebKit/537.36 (KHTML, like Gecko) Mobile Safari/537.36 (compatible; PetalBot;+https://webmaster.petalsearch.com/site/petalbot)"
69.46.23.98 - - [01/May/2023:22:36:27 -0400] "POST /wp-cron.php?doing_wp_cron=1682994987.3731350898742675781250 HTTP/1.1" 200 0 "-" "WordPress/6.2; https://ovaltechstore.com.pe"
114.119.145.93 - - [01/May/2023:22:36:26 -0400] "GET /producto/dell-gamer-g15-g5-fhd-r7-5800h-16gb-512ssd-rtx3050ti-4gb-w11/ HTTP/1.1" 200 21648 "https://ovaltechstore.com.pe/tienda/page/1/" "Mozilla/5.0 (Linux; Android 7.0;) AppleWebKit/537.36 (KHTML, like Gecko) Mobile Safari/537.36 (compatible; PetalBot;+https://webmaster.petalsearch.com/site/petalbot)"
69.46.23.98 - - [01/May/2023:22:36:58 -0400] "POST /wp-cron.php?doing_wp_cron=1682995018.4350249767303466796875 HTTP/1.1" 200 0 "-" "WordPress/6.2; https://ovaltechstore.com.pe"
114.119.143.207 - - [01/May/2023:22:36:57 -0400] "GET /producto/mouse-de-juego-inalambrico-recargable-logitech-g-series-lightspeed-hero-16k-g703-negro/ HTTP/1.1" 200 21727 "https://ovaltechstore.com.pe/categoria-producto/perifericos/page/1/" "Mozilla/5.0 (Linux; Android 7.0;) AppleWebKit/537.36 (KHTML, like Gecko) Mobile Safari/537.36 (compatible; PetalBot;+https://webmaster.petalsearch.com/site/petalbot)"
69.46.23.98 - - [01/May/2023:22:39:05 -0400] "POST /wp-cron.php?doing_wp_cron=1682995145.8684260845184326171875 HTTP/1.1" 200 0 "-" "WordPress/6.2; https://ovaltechstore.com.pe"
66.249.66.7 - - [01/May/2023:22:39:05 -0400] "GET /wp-sitemap-posts-page-1.xml HTTP/1.1" 200 202 "-" "Mozilla/5.0 (compatible; Googlebot/2.1; +http://www.google.com/bot.html)"
69.46.23.98 - - [01/May/2023:23:47:07 -0400] "POST /wp-cron.php?doing_wp_cron=1682999227.7362070083618164062500 HTTP/1.1" 200 0 "-" "WordPress/6.2; https://ovaltechstore.com.pe"
114.119.150.127 - - [01/May/2023:23:47:06 -0400] "GET /producto/procesador-gamer-amd-ryzen-5-5600x-100-100000065box-de-6-nucleos-y-4-6ghz-de-frecuencia/ HTTP/1.1" 200 21564 "https://ovaltechstore.com.pe/categoria-producto/tarjetas-graficas-procesadores-ram/page/1/" "Mozilla/5.0 (Linux; Android 7.0;) AppleWebKit/537.36 (KHTML, like Gecko) Mobile Safari/537.36 (compatible; PetalBot;+https://webmaster.petalsearch.com/site/petalbot)"
69.46.23.98 - - [01/May/2023:23:47:08 -0400] "POST /wp-admin/admin-ajax.php HTTP/1.1" 200 0 "-" "WordPress/6.2; https://ovaltechstore.com.pe"
69.46.23.98 - - [01/May/2023:23:47:10 -0400] "GET / HTTP/1.1" 200 28546 "-" "WordPress/6.2; https://ovaltechstore.com.pe"
69.46.23.98 - - [01/May/2023:23:47:12 -0400] "POST /wp-admin/admin-ajax.php?action=wp_1_wc_privacy_cleanup&nonce=d7f67b35e0 HTTP/1.1" 200 0 "-" "WordPress/6.2; https://ovaltechstore.com.pe"
69.46.23.98 - - [02/May/2023:00:38:16 -0400] "POST /wp-cron.php?doing_wp_cron=1683002296.0110669136047363281250 HTTP/1.1" 200 0 "-" "WordPress/6.2; https://ovaltechstore.com.pe"
114.119.156.131 - - [02/May/2023:00:38:14 -0400] "GET /producto/tarjeta-grafica-geforce-gtx-1660-super-gaming-x-msi/ HTTP/1.1" 200 21594 "https://ovaltechstore.com.pe/categoria-producto/tarjetas-graficas-procesadores-ram/page/2/" "Mozilla/5.0 (Linux; Android 7.0;) AppleWebKit/537.36 (KHTML, like Gecko) Mobile Safari/537.36 (compatible; PetalBot;+https://webmaster.petalsearch.com/site/petalbot)"
69.46.23.98 - - [02/May/2023:01:11:18 -0400] "POST /wp-cron.php?doing_wp_cron=1683004278.4240930080413818359375 HTTP/1.1" 200 0 "-" "WordPress/6.2; https://ovaltechstore.com.pe"
69.46.23.98 - - [02/May/2023:01:11:46 -0400] "POST /wp-cron.php?doing_wp_cron=1683004306.0304379463195800781250 HTTP/1.1" 200 0 "-" "WordPress/6.2; https://ovaltechstore.com.pe"
69.46.23.98 - - [02/May/2023:01:16:04 -0400] "POST /wp-cron.php?doing_wp_cron=1683004564.1721360683441162109375 HTTP/1.1" 200 0 "-" "WordPress/6.2; https://ovaltechstore.com.pe"
69.46.23.98 - - [02/May/2023:01:59:06 -0400] "POST /wp-cron.php?doing_wp_cron=1683007146.7028040885925292968750 HTTP/1.1" 200 0 "-" "WordPress/6.2; https://ovaltechstore.com.pe"
69.46.23.98 - - [02/May/2023:02:27:20 -0400] "POST /wp-cron.php?doing_wp_cron=1683008840.9842250347137451171875 HTTP/1.1" 200 0 "-" "WordPress/6.2; https://ovaltechstore.com.pe"
66.249.66.65 - - [02/May/2023:02:27:19 -0400] "GET /wp-sitemap-posts-product-1.xml HTTP/1.1" 200 1944 "-" "Mozilla/5.0 (compatible; Googlebot/2.1; +http://www.google.com/bot.html)"
69.46.23.98 - - [02/May/2023:03:17:48 -0400] "POST /wp-cron.php?doing_wp_cron=1683011868.2253808975219726562500 HTTP/1.1" 200 0 "-" "WordPress/6.2; https://ovaltechstore.com.pe"
114.119.156.56 - - [02/May/2023:03:17:47 -0400] "GET /robots.txt HTTP/1.1" 200 114 "-" "Mozilla/5.0 (compatible;PetalBot;+https://webmaster.petalsearch.com/site/petalbot)"
69.46.23.98 - - [02/May/2023:08:32:50 -0400] "POST /wp-cron.php?doing_wp_cron=1683030770.6543219089508056640625 HTTP/1.1" 200 0 "-" "WordPress/6.2; https://ovaltechstore.com.pe"
34.220.113.26 - - [02/May/2023:08:32:49 -0400] "GET / HTTP/1.1" 200 28531 "-" "Mozilla/5.0 (X11; Linux x86_64) AppleWebKit/537.36 (KHTML, like Gecko) Chrome/83.0.4103.97 Safari/537.36"
35.92.96.128 - - [02/May/2023:08:32:49 -0400] "GET / HTTP/1.1" 200 28540 "-" "Mozilla/5.0 (X11; Linux x86_64) AppleWebKit/537.36 (KHTML, like Gecko) Chrome/83.0.4103.97 Safari/537.36"
34.220.213.58 - - [02/May/2023:08:33:12 -0400] "GET /favicon.ico HTTP/1.1" 404 1238 "http://ovaltechstore.com.pe/favicon.ico" "Mozilla/5.0 (X11; Linux x86_64) AppleWebKit/537.36 (KHTML, like Gecko) Chrome/83.0.4103.97 Safari/537.36"
34.220.213.58 - - [02/May/2023:08:33:16 -0400] "GET / HTTP/1.1" 200 28547 "http://ovaltechstore.com.pe" "Mozilla/5.0 (X11; Linux x86_64) AppleWebKit/537.36 (KHTML, like Gecko) Chrome/83.0.4103.97 Safari/537.36"
35.90.180.20 - - [02/May/2023:08:33:23 -0400] "GET /favicon.ico HTTP/1.1" 404 1238 "-" "Mozilla/5.0 (X11; Linux x86_64) AppleWebKit/537.36 (KHTML, like Gecko) Chrome/83.0.4103.97 Safari/537.36"
35.90.180.20 - - [02/May/2023:08:33:25 -0400] "GET / HTTP/1.1" 200 28540 "-" "Mozilla/5.0 (X11; Linux x86_64) AppleWebKit/537.36 (KHTML, like Gecko) Chrome/83.0.4103.97 Safari/537.36"
40.77.167.113 - - [02/May/2023:08:39:49 -0400] "GET /wp-content/uploads/2022/11/a4ea4a5d-ddde-41a7-a58a-1c377713689e.jpg HTTP/2" 200 9766 "-" "Mozilla/5.0 AppleWebKit/537.36 (KHTML, like Gecko; compatible; bingbot/2.0; +http://www.bing.com/bingbot.htm) Chrome/103.0.5060.134 Safari/537.36"
69.46.23.98 - - [02/May/2023:10:23:14 -0400] "POST /wp-cron.php?doing_wp_cron=1683037394.0915589332580566406250 HTTP/1.1" 200 0 "-" "WordPress/6.2; https://ovaltechstore.com.pe"
114.119.128.26 - - [02/May/2023:10:23:12 -0400] "GET /producto/case-gamer-4-rgb/ HTTP/1.1" 200 21278 "https://ovaltechstore.com.pe/tienda/page/1/" "Mozilla/5.0 (Linux; Android 7.0;) AppleWebKit/537.36 (KHTML, like Gecko) Mobile Safari/537.36 (compatible; PetalBot;+https://webmaster.petalsearch.com/site/petalbot)"
69.46.23.98 - - [02/May/2023:11:19:06 -0400] "POST /wp-cron.php?doing_wp_cron=1683040746.2362999916076660156250 HTTP/1.1" 200 0 "-" "WordPress/6.2; https://ovaltechstore.com.pe"
114.119.152.46 - - [02/May/2023:11:19:05 -0400] "GET /wp-sitemap.xml HTTP/1.1" 200 257 "-" "Mozilla/5.0 (compatible;PetalBot;+https://webmaster.petalsearch.com/site/petalbot)"
40.77.167.164 - - [02/May/2023:11:42:13 -0400] "GET /wp-content/uploads/2022/11/7cf907d9-3d89-4873-9bc2-728e204ea505.jpg HTTP/2" 200 5565 "-" "Mozilla/5.0 AppleWebKit/537.36 (KHTML, like Gecko; compatible; bingbot/2.0; +http://www.bing.com/bingbot.htm) Chrome/103.0.5060.134 Safari/537.36"
52.167.144.154 - - [02/May/2023:12:38:35 -0400] "GET /wp-content/uploads/2022/11/289b68df-0b82-4a45-8070-1b93b156cdce.jpg HTTP/2" 200 9215 "-" "Mozilla/5.0 AppleWebKit/537.36 (KHTML, like Gecko; compatible; bingbot/2.0; +http://www.bing.com/bingbot.htm) Chrome/103.0.5060.134 Safari/537.36"
69.46.23.98 - - [02/May/2023:13:04:31 -0400] "POST /wp-cron.php?doing_wp_cron=1683047071.3272719383239746093750 HTTP/1.1" 200 0 "-" "WordPress/6.2; https://ovaltechstore.com.pe"
114.119.142.121 - - [02/May/2023:13:04:30 -0400] "GET /producto/disco-solido-interno-samsung-870-qvo-mz-77q1t0-1tb/ HTTP/1.1" 200 21608 "https://ovaltechstore.com.pe/tienda/page/2/" "Mozilla/5.0 (Linux; Android 7.0;) AppleWebKit/537.36 (KHTML, like Gecko) Mobile Safari/537.36 (compatible; PetalBot;+https://webmaster.petalsearch.com/site/petalbot)"
69.46.23.98 - - [02/May/2023:13:04:33 -0400] "GET / HTTP/1.1" 200 28547 "-" "WordPress/6.2; https://ovaltechstore.com.pe"
69.46.23.98 - - [02/May/2023:13:04:34 -0400] "GET /wp-json/jetpack/v4/sync/spawn-sync?time=1683047074&request_lock_id=1683047074.6919 HTTP/1.1" 200 37 "-" "WordPress/6.2; https://ovaltechstore.com.pe"
69.46.23.98 - - [02/May/2023:13:04:35 -0400] "POST /wp-admin/admin-ajax.php?action=as_async_request_queue_runner&nonce=7b5f3f9403 HTTP/1.1" 200 0 "-" "WordPress/6.2; https://ovaltechstore.com.pe"
69.46.23.98 - - [02/May/2023:14:51:44 -0400] "POST /wp-cron.php?doing_wp_cron=1683053504.4114000797271728515625 HTTP/1.1" 200 0 "-" "WordPress/6.2; https://ovaltechstore.com.pe"
114.119.156.129 - - [02/May/2023:14:51:41 -0400] "GET /producto/asus-rog-phone-5-global-12gb-ram-256gb-144hz-nuevo/ HTTP/1.1" 200 21661 "https://ovaltechstore.com.pe/categoria-producto/perifericos/page/1/" "Mozilla/5.0 (Linux; Android 7.0;) AppleWebKit/537.36 (KHTML, like Gecko) Mobile Safari/537.36 (compatible; PetalBot;+https://webmaster.petalsearch.com/site/petalbot)"
69.46.23.98 - - [02/May/2023:14:51:45 -0400] "POST /wp-admin/admin-ajax.php HTTP/1.1" 200 0 "-" "WordPress/6.2; https://ovaltechstore.com.pe"
