69.46.23.98 - - [02/May/2023:22:45:22 -0400] "POST /wp-cron.php?doing_wp_cron=1683081922.4862930774688720703125 HTTP/1.1" 200 0 "-" "WordPress/6.2; https://ovaltechstore.com.pe"
52.167.144.154 - - [02/May/2023:22:45:21 -0400] "GET /wp-sitemap-taxonomies-category-1.xml HTTP/2" 200 197 "-" "Mozilla/5.0 AppleWebKit/537.36 (KHTML, like Gecko; compatible; bingbot/2.0; +http://www.bing.com/bingbot.htm) Chrome/103.0.5060.134 Safari/537.36"
69.46.23.98 - - [02/May/2023:23:23:02 -0400] "POST /wp-cron.php?doing_wp_cron=1683084182.2349760532379150390625 HTTP/1.1" 200 0 "-" "WordPress/6.2; https://ovaltechstore.com.pe"
40.77.167.113 - - [02/May/2023:23:23:01 -0400] "GET /wp-sitemap-posts-post-1.xml HTTP/2" 200 201 "-" "Mozilla/5.0 AppleWebKit/537.36 (KHTML, like Gecko; compatible; bingbot/2.0; +http://www.bing.com/bingbot.htm) Chrome/103.0.5060.134 Safari/537.36"
69.46.23.98 - - [02/May/2023:23:31:43 -0400] "POST /wp-cron.php?doing_wp_cron=1683084703.2743339538574218750000 HTTP/1.1" 200 0 "-" "WordPress/6.2; https://ovaltechstore.com.pe"
40.77.167.113 - - [02/May/2023:23:31:42 -0400] "GET /wp-sitemap-posts-page-1.xml HTTP/2" 200 231 "-" "Mozilla/5.0 AppleWebKit/537.36 (KHTML, like Gecko; compatible; bingbot/2.0; +http://www.bing.com/bingbot.htm) Chrome/103.0.5060.134 Safari/537.36"
69.46.23.98 - - [02/May/2023:23:53:42 -0400] "POST /wp-cron.php?doing_wp_cron=1683086022.4196739196777343750000 HTTP/1.1" 200 0 "-" "WordPress/6.2; https://ovaltechstore.com.pe"
66.249.70.109 - - [02/May/2023:23:53:40 -0400] "GET /wp-sitemap-posts-page-1.xml HTTP/1.1" 200 202 "-" "Mozilla/5.0 (compatible; Googlebot/2.1; +http://www.google.com/bot.html)"
69.46.23.98 - - [02/May/2023:23:53:44 -0400] "GET / HTTP/1.1" 200 28542 "-" "WordPress/6.2; https://ovaltechstore.com.pe"
69.46.23.98 - - [02/May/2023:23:53:45 -0400] "POST /wp-admin/admin-ajax.php?action=wp_1_wc_privacy_cleanup&nonce=6988cf3f4f HTTP/1.1" 200 0 "-" "WordPress/6.2; https://ovaltechstore.com.pe"
192.0.102.17 - - [02/May/2023:23:54:03 -0400] "POST /?for=jetpack&jetpack=comms&token=k3WzpbXHbNLw7bh3%21%23%25iv%2AXVEcf8mIYC%3A1%3A0&timestamp=1683086043&nonce=tjOpkeFqqQ&body-hash=dGEh14kGxCGWYfaS5n8jS1FHu9k%3D&signature=we%2FQ0t2j24LlgPkPYUVHJA8nL6w%3D HTTP/1.1" 200 658 "https://ovaltechstore.com.pe/?for=jetpack&jetpack=comms&token=k3WzpbXHbNLw7bh3%21%23%25iv%2AXVEcf8mIYC%3A1%3A0&timestamp=1683086043&nonce=tjOpkeFqqQ&body-hash=dGEh14kGxCGWYfaS5n8jS1FHu9k%3D&signature=we%2FQ0t2j24LlgPkPYUVHJA8nL6w%3D" "Jetpack by WordPress.com"
69.46.23.98 - - [02/May/2023:23:54:04 -0400] "GET /wp-json/jetpack/v4/sync/spawn-sync?time=1683086044&request_lock_id=1683086044.1574 HTTP/1.1" 200 37 "-" "WordPress/6.2; https://ovaltechstore.com.pe"
69.46.23.98 - - [02/May/2023:23:54:05 -0400] "GET /wp-json/jetpack/v4/sync/spawn-sync?time=1683086045&request_lock_id=1683086045.7838 HTTP/1.1" 200 37 "-" "WordPress/6.2; https://ovaltechstore.com.pe"
69.46.23.98 - - [03/May/2023:00:42:58 -0400] "POST /wp-cron.php?doing_wp_cron=1683088978.1486749649047851562500 HTTP/1.1" 200 0 "-" "WordPress/6.2; https://ovaltechstore.com.pe"
114.119.143.172 - - [03/May/2023:00:42:56 -0400] "GET /producto/mouse-de-juego-logitech-g-series-hero-g502-kda/ HTTP/1.1" 200 21480 "https://ovaltechstore.com.pe/categoria-producto/perifericos/page/1/" "Mozilla/5.0 (Linux; Android 7.0;) AppleWebKit/537.36 (KHTML, like Gecko) Mobile Safari/537.36 (compatible; PetalBot;+https://webmaster.petalsearch.com/site/petalbot)"
69.46.23.98 - - [03/May/2023:01:11:02 -0400] "POST /wp-cron.php?doing_wp_cron=1683090662.6364428997039794921875 HTTP/1.1" 200 0 "-" "WordPress/6.2; https://ovaltechstore.com.pe"
69.46.23.98 - - [03/May/2023:01:18:19 -0400] "POST /wp-cron.php?doing_wp_cron=1683091099.2615449428558349609375 HTTP/1.1" 200 0 "-" "WordPress/6.2; https://ovaltechstore.com.pe"
69.46.23.98 - - [03/May/2023:01:20:21 -0400] "POST /wp-cron.php?doing_wp_cron=1683091221.2769401073455810546875 HTTP/1.1" 200 0 "-" "WordPress/6.2; https://ovaltechstore.com.pe"
40.77.167.113 - - [03/May/2023:01:20:20 -0400] "GET /wp-sitemap-taxonomies-product_cat-1.xml HTTP/2" 200 276 "-" "Mozilla/5.0 AppleWebKit/537.36 (KHTML, like Gecko; compatible; bingbot/2.0; +http://www.bing.com/bingbot.htm) Chrome/103.0.5060.134 Safari/537.36"
69.46.23.98 - - [03/May/2023:01:33:23 -0400] "POST /wp-cron.php?doing_wp_cron=1683092003.9568600654602050781250 HTTP/1.1" 200 0 "-" "WordPress/6.2; https://ovaltechstore.com.pe"
40.77.167.113 - - [03/May/2023:01:33:22 -0400] "GET /wp-sitemap-posts-mailpoet_page-1.xml HTTP/2" 200 202 "-" "Mozilla/5.0 AppleWebKit/537.36 (KHTML, like Gecko; compatible; bingbot/2.0; +http://www.bing.com/bingbot.htm) Chrome/103.0.5060.134 Safari/537.36"
69.46.23.98 - - [03/May/2023:01:53:29 -0400] "POST /wp-cron.php?doing_wp_cron=1683093209.4328351020812988281250 HTTP/1.1" 200 0 "-" "WordPress/6.2; https://ovaltechstore.com.pe"
114.119.156.181 - - [03/May/2023:01:53:28 -0400] "GET /producto/msi-katana-gf66-core-i5-11400h-16gb-512gb-rtx3050-15-6/ HTTP/1.1" 200 21129 "https://ovaltechstore.com.pe/tienda/page/3/" "Mozilla/5.0 (Linux; Android 7.0;) AppleWebKit/537.36 (KHTML, like Gecko) Mobile Safari/537.36 (compatible; PetalBot;+https://webmaster.petalsearch.com/site/petalbot)"
52.167.144.154 - - [03/May/2023:01:54:10 -0400] "GET /wp-content/uploads/2022/11/59ff83f2-03ba-40ab-96c7-8f665c51b37a.jpg HTTP/2" 200 33296 "-" "Mozilla/5.0 AppleWebKit/537.36 (KHTML, like Gecko; compatible; bingbot/2.0; +http://www.bing.com/bingbot.htm) Chrome/103.0.5060.134 Safari/537.36"
69.46.23.98 - - [03/May/2023:02:12:37 -0400] "POST /wp-cron.php?doing_wp_cron=1683094357.8470330238342285156250 HTTP/1.1" 200 0 "-" "WordPress/6.2; https://ovaltechstore.com.pe"
69.46.23.98 - - [03/May/2023:02:42:56 -0400] "POST /wp-cron.php?doing_wp_cron=1683096176.5603649616241455078125 HTTP/1.1" 200 0 "-" "WordPress/6.2; https://ovaltechstore.com.pe"
114.119.138.28 - - [03/May/2023:02:42:55 -0400] "GET /producto/teclado-gamer-steelseries-apex-pro/ HTTP/1.1" 200 21702 "https://ovaltechstore.com.pe/tienda/page/5/" "Mozilla/5.0 (Linux; Android 7.0;) AppleWebKit/537.36 (KHTML, like Gecko) Mobile Safari/537.36 (compatible; PetalBot;+https://webmaster.petalsearch.com/site/petalbot)"
69.46.23.98 - - [03/May/2023:03:03:51 -0400] "POST /wp-cron.php?doing_wp_cron=1683097431.6758430004119873046875 HTTP/1.1" 200 0 "-" "WordPress/6.2; https://ovaltechstore.com.pe"
114.119.129.218 - - [03/May/2023:03:03:50 -0400] "GET /producto/procesador-intel-corei7-9700k-9na-generacion-desbloqueado/ HTTP/1.1" 200 21467 "https://ovaltechstore.com.pe/tienda/page/4/" "Mozilla/5.0 (Linux; Android 7.0;) AppleWebKit/537.36 (KHTML, like Gecko) Mobile Safari/537.36 (compatible; PetalBot;+https://webmaster.petalsearch.com/site/petalbot)"
69.46.23.98 - - [03/May/2023:03:29:38 -0400] "POST /wp-cron.php?doing_wp_cron=1683098978.8242180347442626953125 HTTP/1.1" 200 0 "-" "WordPress/6.2; https://ovaltechstore.com.pe"
114.119.143.103 - - [03/May/2023:03:29:37 -0400] "GET /producto/enfriamiento-liquido-redragon-effect-x-ccw-3000-rgb/ HTTP/1.1" 200 21018 "https://ovaltechstore.com.pe/tienda/page/2/" "Mozilla/5.0 (Linux; Android 7.0;) AppleWebKit/537.36 (KHTML, like Gecko) Mobile Safari/537.36 (compatible; PetalBot;+https://webmaster.petalsearch.com/site/petalbot)"
52.167.144.154 - - [03/May/2023:03:52:41 -0400] "GET /wp-content/uploads/2022/11/5fd97ed1-4052-49e9-b485-67c9c0e1c46e.jpg HTTP/2" 200 27337 "-" "Mozilla/5.0 AppleWebKit/537.36 (KHTML, like Gecko; compatible; bingbot/2.0; +http://www.bing.com/bingbot.htm) Chrome/103.0.5060.134 Safari/537.36"
40.77.167.164 - - [03/May/2023:04:06:16 -0400] "GET /wp-content/uploads/2022/11/e515eecc-5106-47ee-a9a9-697b2aace0d0.jpg HTTP/2" 200 23037 "-" "Mozilla/5.0 AppleWebKit/537.36 (KHTML, like Gecko; compatible; bingbot/2.0; +http://www.bing.com/bingbot.htm) Chrome/103.0.5060.134 Safari/537.36"
69.46.23.98 - - [03/May/2023:04:06:33 -0400] "POST /wp-cron.php?doing_wp_cron=1683101193.0860600471496582031250 HTTP/1.1" 200 0 "-" "WordPress/6.2; https://ovaltechstore.com.pe"
114.119.145.100 - - [03/May/2023:04:06:31 -0400] "GET /producto/memoria-corsair-ddr4-vengeance-rgb-rt-32gb-16x2-3200mhz-cl16/ HTTP/1.1" 200 21543 "https://ovaltechstore.com.pe/tienda/page/2/" "Mozilla/5.0 (Linux; Android 7.0;) AppleWebKit/537.36 (KHTML, like Gecko) Mobile Safari/537.36 (compatible; PetalBot;+https://webmaster.petalsearch.com/site/petalbot)"
69.46.23.98 - - [03/May/2023:04:06:57 -0400] "POST /wp-cron.php?doing_wp_cron=1683101217.5586640834808349609375 HTTP/1.1" 200 0 "-" "WordPress/6.2; https://ovaltechstore.com.pe"
114.119.150.29 - - [03/May/2023:04:06:56 -0400] "GET /producto/creative-sound-blaster-katana-v2-rgb-true-5-1/ HTTP/1.1" 200 21550 "https://ovaltechstore.com.pe/tienda/" "Mozilla/5.0 (Linux; Android 7.0;) AppleWebKit/537.36 (KHTML, like Gecko) Mobile Safari/537.36 (compatible; PetalBot;+https://webmaster.petalsearch.com/site/petalbot)"
52.167.144.154 - - [03/May/2023:04:17:03 -0400] "GET /wp-content/uploads/2022/11/41dd1fa7-3333-473b-a75f-9c0780099fc1-1024x683.jpg HTTP/2" 200 79082 "-" "Mozilla/5.0 AppleWebKit/537.36 (KHTML, like Gecko; compatible; bingbot/2.0; +http://www.bing.com/bingbot.htm) Chrome/103.0.5060.134 Safari/537.36"
69.46.23.98 - - [03/May/2023:07:08:47 -0400] "POST /wp-cron.php?doing_wp_cron=1683112127.3516499996185302734375 HTTP/1.1" 200 0 "-" "WordPress/6.2; https://ovaltechstore.com.pe"
54.185.184.206 - - [03/May/2023:07:08:44 -0400] "GET / HTTP/1.1" 200 28548 "-" "Mozilla/5.0 (X11; Linux x86_64) AppleWebKit/537.36 (KHTML, like Gecko) Chrome/83.0.4103.97 Safari/537.36"
54.71.56.68 - - [03/May/2023:07:08:56 -0400] "GET / HTTP/1.1" 200 28548 "-" "Mozilla/5.0 (X11; Linux x86_64) AppleWebKit/537.36 (KHTML, like Gecko) Chrome/83.0.4103.97 Safari/537.36"
54.68.15.194 - - [03/May/2023:07:09:06 -0400] "GET /favicon.ico HTTP/1.1" 404 1238 "-" "Mozilla/5.0 (X11; Linux x86_64) AppleWebKit/537.36 (KHTML, like Gecko) Chrome/83.0.4103.97 Safari/537.36"
54.68.15.194 - - [03/May/2023:07:09:10 -0400] "GET / HTTP/1.1" 200 28539 "-" "Mozilla/5.0 (X11; Linux x86_64) AppleWebKit/537.36 (KHTML, like Gecko) Chrome/83.0.4103.97 Safari/537.36"
35.91.213.106 - - [03/May/2023:07:09:21 -0400] "GET /favicon.ico HTTP/1.1" 404 1238 "http://ovaltechstore.com.pe/favicon.ico" "Mozilla/5.0 (X11; Linux x86_64) AppleWebKit/537.36 (KHTML, like Gecko) Chrome/83.0.4103.97 Safari/537.36"
35.91.213.106 - - [03/May/2023:07:09:24 -0400] "GET / HTTP/1.1" 200 28548 "http://ovaltechstore.com.pe" "Mozilla/5.0 (X11; Linux x86_64) AppleWebKit/537.36 (KHTML, like Gecko) Chrome/83.0.4103.97 Safari/537.36"
69.46.23.98 - - [03/May/2023:07:55:20 -0400] "POST /wp-cron.php?doing_wp_cron=1683114920.3086099624633789062500 HTTP/1.1" 200 0 "-" "WordPress/6.2; https://ovaltechstore.com.pe"
114.119.146.223 - - [03/May/2023:07:55:18 -0400] "GET /robots.txt HTTP/1.1" 200 114 "-" "Mozilla/5.0 (compatible;PetalBot;+https://webmaster.petalsearch.com/site/petalbot)"
69.46.23.98 - - [03/May/2023:08:14:19 -0400] "POST /wp-cron.php?doing_wp_cron=1683116059.5751769542694091796875 HTTP/1.1" 200 0 "-" "WordPress/6.2; https://ovaltechstore.com.pe"
66.249.70.107 - - [03/May/2023:08:14:18 -0400] "GET / HTTP/1.1" 200 24867 "-" "Mozilla/5.0 (compatible; Googlebot/2.1; +http://www.google.com/bot.html)"
66.249.70.111 - - [03/May/2023:08:19:32 -0400] "GET /wp-content/themes/top-store//css/animate.css?ver=1.3.2 HTTP/1.1" 200 4449 "https://ovaltechstore.com.pe/" "Mozilla/5.0 AppleWebKit/537.36 (KHTML, like Gecko; compatible; Googlebot/2.1; +http://www.google.com/bot.html) Chrome/112.0.5615.142 Safari/537.36"
66.249.70.107 - - [03/May/2023:08:19:33 -0400] "GET /wp-content/uploads/elementor/css/post-58.css?ver=1669226245 HTTP/1.1" 200 1361 "https://ovaltechstore.com.pe/" "Mozilla/5.0 AppleWebKit/537.36 (KHTML, like Gecko; compatible; Googlebot/2.1; +http://www.google.com/bot.html) Chrome/112.0.5615.142 Safari/537.36"
66.249.70.109 - - [03/May/2023:08:19:33 -0400] "GET /wp-includes/js/mediaelement/wp-mediaelement.min.css?ver=6.2 HTTP/1.1" 200 982 "https://ovaltechstore.com.pe/" "Mozilla/5.0 AppleWebKit/537.36 (KHTML, like Gecko; compatible; Googlebot/2.1; +http://www.google.com/bot.html) Chrome/112.0.5615.142 Safari/537.36"
66.249.70.109 - - [03/May/2023:08:19:34 -0400] "GET /wp-includes/js/jquery/jquery.min.js?ver=3.6.3 HTTP/1.1" 200 30376 "https://ovaltechstore.com.pe/" "Mozilla/5.0 AppleWebKit/537.36 (KHTML, like Gecko; compatible; Googlebot/2.1; +http://www.google.com/bot.html) Chrome/112.0.5615.142 Safari/537.36"
66.249.70.109 - - [03/May/2023:08:19:34 -0400] "GET /wp-includes/js/dist/vendor/wp-polyfill-inert.min.js?ver=3.1.2 HTTP/1.1" 200 2320 "https://ovaltechstore.com.pe/" "Mozilla/5.0 AppleWebKit/537.36 (KHTML, like Gecko; compatible; Googlebot/2.1; +http://www.google.com/bot.html) Chrome/112.0.5615.142 Safari/537.36"
66.249.70.111 - - [03/May/2023:08:19:35 -0400] "GET /wp-content/plugins/elementor-pro/assets/js/webpack-pro.runtime.min.js?ver=3.7.7 HTTP/1.1" 200 2188 "https://ovaltechstore.com.pe/" "Mozilla/5.0 AppleWebKit/537.36 (KHTML, like Gecko; compatible; Googlebot/2.1; +http://www.google.com/bot.html) Chrome/112.0.5615.142 Safari/537.36"
69.46.23.98 - - [03/May/2023:08:19:36 -0400] "POST /wp-cron.php?doing_wp_cron=1683116376.7118489742279052734375 HTTP/1.1" 200 0 "-" "WordPress/6.2; https://ovaltechstore.com.pe"
66.249.70.111 - - [03/May/2023:08:19:36 -0400] "POST /?wc-ajax=get_refreshed_fragments&elementor_page_id=58 HTTP/1.1" 200 182 "https://ovaltechstore.com.pe/" "Mozilla/5.0 AppleWebKit/537.36 (KHTML, like Gecko; compatible; Googlebot/2.1; +http://www.google.com/bot.html) Chrome/112.0.5615.142 Safari/537.36"
66.249.70.109 - - [03/May/2023:08:19:36 -0400] "GET /wp-content/plugins/elementor-pro/assets/js/woocommerce-menu-cart.37905d32f638831bc09d.bundle.min.js HTTP/1.1" 200 1457 "https://ovaltechstore.com.pe/" "Mozilla/5.0 AppleWebKit/537.36 (KHTML, like Gecko; compatible; Googlebot/2.1; +http://www.google.com/bot.html) Chrome/112.0.5615.142 Safari/537.36"
66.249.70.107 - - [03/May/2023:08:19:37 -0400] "GET /wp-content/plugins/elementor/assets/js/image-carousel.e02695895b33b77d89de.bundle.min.js HTTP/1.1" 200 1107 "https://ovaltechstore.com.pe/" "Mozilla/5.0 AppleWebKit/537.36 (KHTML, like Gecko; compatible; Googlebot/2.1; +http://www.google.com/bot.html) Chrome/112.0.5615.142 Safari/537.36"
66.249.70.109 - - [03/May/2023:08:19:37 -0400] "GET /wp-content/plugins/elementor/assets/lib/swiper/swiper.min.js?ver=5.3.6 HTTP/1.1" 200 34004 "https://ovaltechstore.com.pe/" "Mozilla/5.0 AppleWebKit/537.36 (KHTML, like Gecko; compatible; Googlebot/2.1; +http://www.google.com/bot.html) Chrome/112.0.5615.142 Safari/537.36"
69.46.23.98 - - [03/May/2023:09:46:41 -0400] "POST /wp-cron.php?doing_wp_cron=1683121601.6197929382324218750000 HTTP/1.1" 200 0 "-" "WordPress/6.2; https://ovaltechstore.com.pe"
40.77.167.164 - - [03/May/2023:09:46:40 -0400] "GET / HTTP/2" 200 28539 "-" "Mozilla/5.0 AppleWebKit/537.36 (KHTML, like Gecko; compatible; bingbot/2.0; +http://www.bing.com/bingbot.htm) Chrome/103.0.5060.134 Safari/537.36"
69.46.23.98 - - [03/May/2023:09:46:42 -0400] "POST /wp-admin/admin-ajax.php HTTP/1.1" 200 0 "-" "WordPress/6.2; https://ovaltechstore.com.pe"
69.46.23.98 - - [03/May/2023:09:46:49 -0400] "POST /wp-cron.php?doing_wp_cron=1683121609.4694440364837646484375 HTTP/1.1" 200 0 "-" "WordPress/6.2; https://ovaltechstore.com.pe"
69.46.23.98 - - [03/May/2023:09:46:43 -0400] "POST /wp-admin/admin-ajax.php?action=as_async_request_queue_runner&nonce=82bd58a41f HTTP/1.1" 200 0 "-" "WordPress/6.2; https://ovaltechstore.com.pe"
69.46.23.98 - - [03/May/2023:09:46:48 -0400] "POST /wp-admin/admin-ajax.php?action=as_async_request_queue_runner&nonce=82bd58a41f HTTP/1.1" 200 0 "-" "WordPress/6.2; https://ovaltechstore.com.pe"
69.46.23.98 - - [03/May/2023:10:47:46 -0400] "POST /wp-cron.php?doing_wp_cron=1683125266.6828649044036865234375 HTTP/1.1" 200 0 "-" "WordPress/6.2; https://ovaltechstore.com.pe"
66.249.70.107 - - [03/May/2023:10:47:45 -0400] "GET /wp-sitemap-posts-product-1.xml HTTP/1.1" 200 1944 "-" "Mozilla/5.0 (compatible; Googlebot/2.1; +http://www.google.com/bot.html)"
69.46.23.98 - - [03/May/2023:10:47:47 -0400] "POST /wp-admin/admin-ajax.php HTTP/1.1" 200 0 "-" "WordPress/6.2; https://ovaltechstore.com.pe"
69.46.23.98 - - [03/May/2023:10:47:48 -0400] "POST /wp-admin/admin-ajax.php?action=as_async_request_queue_runner&nonce=82bd58a41f HTTP/1.1" 200 0 "-" "WordPress/6.2; https://ovaltechstore.com.pe"
69.46.23.98 - - [03/May/2023:12:15:44 -0400] "POST /wp-cron.php?doing_wp_cron=1683130544.3047618865966796875000 HTTP/1.1" 200 0 "-" "WordPress/6.2; https://ovaltechstore.com.pe"
40.77.167.85 - - [03/May/2023:12:15:42 -0400] "GET /robots.txt HTTP/2" 200 114 "-" "Mozilla/5.0 AppleWebKit/537.36 (KHTML, like Gecko; compatible; bingbot/2.0; +http://www.bing.com/bingbot.htm) Chrome/103.0.5060.134 Safari/537.36"
69.46.23.98 - - [03/May/2023:12:15:46 -0400] "GET / HTTP/1.1" 200 28548 "-" "WordPress/6.2; https://ovaltechstore.com.pe"
40.77.167.113 - - [03/May/2023:12:15:48 -0400] "GET /wp-content/uploads/2022/11/6ede7577-b95c-489a-9cf3-df937d5f64fd.jpg HTTP/2" 200 83177 "-" "Mozilla/5.0 AppleWebKit/537.36 (KHTML, like Gecko; compatible; bingbot/2.0; +http://www.bing.com/bingbot.htm) Chrome/103.0.5060.134 Safari/537.36"
69.46.23.98 - - [03/May/2023:12:15:49 -0400] "POST /wp-cron.php?doing_wp_cron=1683130549.0103480815887451171875 HTTP/1.1" 200 0 "-" "WordPress/6.2; https://ovaltechstore.com.pe"
69.46.23.98 - - [03/May/2023:12:15:47 -0400] "GET /wp-json/jetpack/v4/sync/spawn-sync?time=1683130547&request_lock_id=1683130547.222 HTTP/1.1" 200 37 "-" "WordPress/6.2; https://ovaltechstore.com.pe"
69.46.23.98 - - [03/May/2023:12:15:48 -0400] "POST /wp-admin/admin-ajax.php?action=as_async_request_queue_runner&nonce=82bd58a41f HTTP/1.1" 200 0 "-" "WordPress/6.2; https://ovaltechstore.com.pe"
69.46.23.98 - - [03/May/2023:12:19:57 -0400] "POST /wp-cron.php?doing_wp_cron=1683130797.2050640583038330078125 HTTP/1.1" 200 0 "-" "WordPress/6.2; https://ovaltechstore.com.pe"
114.119.132.183 - - [03/May/2023:12:19:56 -0400] "GET /producto/kit-ram-udimm-crucial-ballistix-rgb-16gb-2x8gb-ddr4-3200/ HTTP/1.1" 200 21502 "https://ovaltechstore.com.pe/tienda/page/2/" "Mozilla/5.0 (Linux; Android 7.0;) AppleWebKit/537.36 (KHTML, like Gecko) Mobile Safari/537.36 (compatible; PetalBot;+https://webmaster.petalsearch.com/site/petalbot)"
40.77.167.164 - - [03/May/2023:13:39:20 -0400] "GET /wp-content/uploads/2022/11/7ebc0087-2927-4faf-9850-2c11e4c5c8b0.jpg HTTP/2" 200 12624 "-" "Mozilla/5.0 AppleWebKit/537.36 (KHTML, like Gecko; compatible; bingbot/2.0; +http://www.bing.com/bingbot.htm) Chrome/103.0.5060.134 Safari/537.36"
69.46.23.98 - - [03/May/2023:14:25:25 -0400] "POST /wp-cron.php?doing_wp_cron=1683138325.9927449226379394531250 HTTP/1.1" 200 0 "-" "WordPress/6.2; https://ovaltechstore.com.pe"
190.239.92.63 - - [03/May/2023:14:25:24 -0400] "POST /?wc-ajax=get_refreshed_fragments&elementor_page_id=58 HTTP/1.1" 200 182 "https://ovaltechstore.com.pe/" "Mozilla/5.0 (Linux; Android 11) AppleWebKit/537.36 (KHTML, like Gecko) Chrome/98.0.4758.87 Mobile Safari/537.36"
190.239.92.63 - - [03/May/2023:14:25:24 -0400] "GET /wp-content/uploads/2022/11/My-project-1-e1667650597681.png HTTP/1.1" 404 6329 "https://ovaltechstore.com.pe/" "Mozilla/5.0 (Linux; Android 11) AppleWebKit/537.36 (KHTML, like Gecko) Chrome/98.0.4758.87 Mobile Safari/537.36"
190.239.92.63 - - [03/May/2023:14:25:26 -0400] "GET /favicon.ico HTTP/1.1" 404 1238 "https://ovaltechstore.com.pe/" "Mozilla/5.0 (Linux; Android 11) AppleWebKit/537.36 (KHTML, like Gecko) Chrome/98.0.4758.87 Mobile Safari/537.36"
190.239.92.63 - - [03/May/2023:14:25:26 -0400] "POST /wp-admin/admin-ajax.php HTTP/1.1" 200 318 "https://ovaltechstore.com.pe/" "Mozilla/5.0 (Linux; Android 11) AppleWebKit/537.36 (KHTML, like Gecko) Chrome/98.0.4758.87 Mobile Safari/537.36"
190.239.92.63 - - [03/May/2023:14:25:26 -0400] "POST /wp-admin/admin-ajax.php HTTP/1.1" 200 318 "https://ovaltechstore.com.pe/" "Mozilla/5.0 (Linux; Android 11) AppleWebKit/537.36 (KHTML, like Gecko) Chrome/98.0.4758.87 Mobile Safari/537.36"
69.46.23.98 - - [03/May/2023:14:25:27 -0400] "POST /wp-admin/admin-ajax.php?action=as_async_request_queue_runner&nonce=82bd58a41f HTTP/1.1" 200 0 "-" "WordPress/6.2; https://ovaltechstore.com.pe"
69.46.23.98 - - [03/May/2023:14:25:27 -0400] "POST /wp-admin/admin-ajax.php?action=as_async_request_queue_runner&nonce=82bd58a41f HTTP/1.1" 200 0 "-" "WordPress/6.2; https://ovaltechstore.com.pe"
69.46.23.98 - - [03/May/2023:15:04:39 -0400] "POST /wp-cron.php?doing_wp_cron=1683140679.7237420082092285156250 HTTP/1.1" 200 0 "-" "WordPress/6.2; https://ovaltechstore.com.pe"
114.119.157.142 - - [03/May/2023:15:04:36 -0400] "GET /producto/mouse-gamer-razer-hyperspeed-viper-v2-pro-wireless-black/ HTTP/1.1" 200 21624 "https://ovaltechstore.com.pe/categoria-producto/perifericos/page/1/" "Mozilla/5.0 (Linux; Android 7.0;) AppleWebKit/537.36 (KHTML, like Gecko) Mobile Safari/537.36 (compatible; PetalBot;+https://webmaster.petalsearch.com/site/petalbot)"
69.46.23.98 - - [03/May/2023:16:08:41 -0400] "POST /wp-cron.php?doing_wp_cron=1683144521.9820389747619628906250 HTTP/1.1" 200 0 "-" "WordPress/6.2; https://ovaltechstore.com.pe"
190.239.92.63 - - [03/May/2023:16:08:40 -0400] "GET /wp-content/uploads/2022/11/My-project-1-e1667650597681.png HTTP/1.1" 404 15699 "https://ovaltechstore.com.pe/" "Mozilla/5.0 (Linux; Android 11) AppleWebKit/537.36 (KHTML, like Gecko) Chrome/98.0.4758.87 Mobile Safari/537.36"
190.239.92.63 - - [03/May/2023:16:08:41 -0400] "POST /?wc-ajax=get_refreshed_fragments&elementor_page_id=58 HTTP/1.1" 200 182 "https://ovaltechstore.com.pe/" "Mozilla/5.0 (Linux; Android 11) AppleWebKit/537.36 (KHTML, like Gecko) Chrome/98.0.4758.87 Mobile Safari/537.36"
190.239.92.63 - - [03/May/2023:16:08:42 -0400] "GET /favicon.ico HTTP/1.1" 404 1238 "https://ovaltechstore.com.pe/" "Mozilla/5.0 (Linux; Android 11) AppleWebKit/537.36 (KHTML, like Gecko) Chrome/98.0.4758.87 Mobile Safari/537.36"
190.239.92.63 - - [03/May/2023:16:08:43 -0400] "POST /wp-admin/admin-ajax.php HTTP/1.1" 200 318 "https://ovaltechstore.com.pe/" "Mozilla/5.0 (Linux; Android 11) AppleWebKit/537.36 (KHTML, like Gecko) Chrome/98.0.4758.87 Mobile Safari/537.36"
190.239.92.63 - - [03/May/2023:16:08:43 -0400] "POST /wp-admin/admin-ajax.php HTTP/1.1" 200 318 "https://ovaltechstore.com.pe/" "Mozilla/5.0 (Linux; Android 11) AppleWebKit/537.36 (KHTML, like Gecko) Chrome/98.0.4758.87 Mobile Safari/537.36"
69.46.23.98 - - [03/May/2023:16:08:44 -0400] "POST /wp-admin/admin-ajax.php?action=as_async_request_queue_runner&nonce=82bd58a41f HTTP/1.1" 200 0 "-" "WordPress/6.2; https://ovaltechstore.com.pe"
69.46.23.98 - - [03/May/2023:16:08:44 -0400] "POST /wp-admin/admin-ajax.php?action=as_async_request_queue_runner&nonce=82bd58a41f HTTP/1.1" 200 0 "-" "WordPress/6.2; https://ovaltechstore.com.pe"
69.46.23.98 - - [03/May/2023:16:20:42 -0400] "POST /wp-cron.php?doing_wp_cron=1683145242.6387090682983398437500 HTTP/1.1" 200 0 "-" "WordPress/6.2; https://ovaltechstore.com.pe"
114.119.130.43 - - [03/May/2023:16:20:41 -0400] "GET /producto/tarjeta-grafica-evga-nvidia-geforce-rtx-3090-24gb-gddr6x-ftw3-ultra-argb/ HTTP/1.1" 200 21774 "https://ovaltechstore.com.pe/categoria-producto/tarjetas-graficas-procesadores-ram/page/2/" "Mozilla/5.0 (Linux; Android 7.0;) AppleWebKit/537.36 (KHTML, like Gecko) Mobile Safari/537.36 (compatible; PetalBot;+https://webmaster.petalsearch.com/site/petalbot)"
69.46.23.98 - - [03/May/2023:17:06:26 -0400] "POST /wp-cron.php?doing_wp_cron=1683147986.6538228988647460937500 HTTP/1.1" 200 0 "-" "WordPress/6.2; https://ovaltechstore.com.pe"
114.119.128.132 - - [03/May/2023:17:06:25 -0400] "GET /producto/monitor-lg-27gp750-27-ips-240hz-1ms-gsync-fsync-hdr10-color/ HTTP/1.1" 200 21646 "https://ovaltechstore.com.pe/tienda/page/2/" "Mozilla/5.0 (Linux; Android 7.0;) AppleWebKit/537.36 (KHTML, like Gecko) Mobile Safari/537.36 (compatible; PetalBot;+https://webmaster.petalsearch.com/site/petalbot)"
40.77.167.164 - - [03/May/2023:17:31:03 -0400] "GET /wp-content/uploads/2022/11/e1542624-6b3b-48c2-a809-5eb659baff5a.jpg HTTP/2" 200 10336 "-" "Mozilla/5.0 AppleWebKit/537.36 (KHTML, like Gecko; compatible; bingbot/2.0; +http://www.bing.com/bingbot.htm) Chrome/103.0.5060.134 Safari/537.36"
114.119.158.211 - - [03/May/2023:17:43:36 -0400] "GET /wp-content/uploads/2022/11/289b68df-0b82-4a45-8070-1b93b156cdce.jpg HTTP/1.1" 200 9215 "https://ovaltechstore.com.pe/producto/kit-ram-udimm-crucial-ballistix-rgb-16gb-2x8gb-ddr4-3200/" "Mozilla/5.0 (Linux; Android 7.0;) AppleWebKit/537.36 (KHTML, like Gecko) Mobile Safari/537.36 (compatible; PetalBot;+https://webmaster.petalsearch.com/site/petalbot)"
69.46.23.98 - - [03/May/2023:17:44:40 -0400] "POST /wp-cron.php?doing_wp_cron=1683150280.3770039081573486328125 HTTP/1.1" 200 0 "-" "WordPress/6.2; https://ovaltechstore.com.pe"
114.119.128.129 - - [03/May/2023:17:44:39 -0400] "GET /carrito/ HTTP/1.1" 200 19184 "https://ovaltechstore.com.pe/producto/disco-solido-interno-samsung-870-qvo-mz-77q1t0-1tb/" "Mozilla/5.0 (Linux; Android 7.0;) AppleWebKit/537.36 (KHTML, like Gecko) Mobile Safari/537.36 (compatible; PetalBot;+https://webmaster.petalsearch.com/site/petalbot)"
69.46.23.98 - - [03/May/2023:19:02:33 -0400] "POST /wp-cron.php?doing_wp_cron=1683154953.1689190864562988281250 HTTP/1.1" 200 0 "-" "WordPress/6.2; https://ovaltechstore.com.pe"
66.249.70.111 - - [03/May/2023:19:02:31 -0400] "GET /robots.txt HTTP/1.1" 200 98 "-" "Mozilla/5.0 (compatible; Googlebot/2.1; +http://www.google.com/bot.html)"
66.249.70.109 - - [03/May/2023:19:02:31 -0400] "GET /wp-sitemap-taxonomies-category-1.xml HTTP/1.1" 200 166 "-" "Mozilla/5.0 (compatible; Googlebot/2.1; +http://www.google.com/bot.html)"
40.77.167.164 - - [03/May/2023:21:00:12 -0400] "GET /wp-content/uploads/2022/11/def1e98f-a6f6-4987-9ded-f7809d8a3af2.jpg HTTP/2" 200 11512 "-" "Mozilla/5.0 AppleWebKit/537.36 (KHTML, like Gecko; compatible; bingbot/2.0; +http://www.bing.com/bingbot.htm) Chrome/103.0.5060.134 Safari/537.36"
69.46.23.98 - - [03/May/2023:21:28:33 -0400] "POST /wp-cron.php?doing_wp_cron=1683163713.7553811073303222656250 HTTP/1.1" 200 0 "-" "WordPress/6.2; https://ovaltechstore.com.pe"
66.249.70.111 - - [03/May/2023:21:28:32 -0400] "GET /wp-sitemap-posts-page-1.xml HTTP/1.1" 200 202 "-" "Mozilla/5.0 (compatible; Googlebot/2.1; +http://www.google.com/bot.html)"
52.167.144.154 - - [03/May/2023:21:46:51 -0400] "GET /wp-content/uploads/2022/11/08884ce2-654a-4729-943f-ff27d8637978.jpg HTTP/2" 200 8708 "-" "Mozilla/5.0 AppleWebKit/537.36 (KHTML, like Gecko; compatible; bingbot/2.0; +http://www.bing.com/bingbot.htm) Chrome/103.0.5060.134 Safari/537.36"
52.167.144.80 - - [04/May/2023:00:20:03 -0400] "GET /wp-content/uploads/2022/11/646f4e36-1669-47c5-8f94-40603fd2dc7c.jpg HTTP/2" 200 26393 "-" "Mozilla/5.0 AppleWebKit/537.36 (KHTML, like Gecko; compatible; bingbot/2.0; +http://www.bing.com/bingbot.htm) Chrome/103.0.5060.134 Safari/537.36"
52.167.144.80 - - [04/May/2023:00:28:35 -0400] "GET /wp-content/uploads/2022/11/5983cf29-8c4d-4e7f-96e0-903fee5319c5.jpg HTTP/2" 200 16473 "-" "Mozilla/5.0 AppleWebKit/537.36 (KHTML, like Gecko; compatible; bingbot/2.0; +http://www.bing.com/bingbot.htm) Chrome/103.0.5060.134 Safari/537.36"
40.77.167.164 - - [04/May/2023:00:43:43 -0400] "GET /wp-content/uploads/2022/11/6aecf780-d749-4dee-8656-83451fcbf845.jpg HTTP/2" 200 16727 "-" "Mozilla/5.0 AppleWebKit/537.36 (KHTML, like Gecko; compatible; bingbot/2.0; +http://www.bing.com/bingbot.htm) Chrome/103.0.5060.134 Safari/537.36"
69.46.23.98 - - [04/May/2023:01:10:18 -0400] "POST /wp-cron.php?doing_wp_cron=1683177018.6514289379119873046875 HTTP/1.1" 200 0 "-" "WordPress/6.2; https://ovaltechstore.com.pe"
69.46.23.98 - - [04/May/2023:01:10:21 -0400] "GET / HTTP/1.1" 200 28547 "-" "WordPress/6.2; https://ovaltechstore.com.pe"
69.46.23.98 - - [04/May/2023:01:10:22 -0400] "POST /wp-admin/admin-ajax.php?action=wp_1_wc_privacy_cleanup&nonce=548df2efb5 HTTP/1.1" 200 0 "-" "WordPress/6.2; https://ovaltechstore.com.pe"
69.46.23.98 - - [04/May/2023:01:10:23 -0400] "POST /wp-admin/admin-ajax.php?action=as_async_request_queue_runner&nonce=2c06b7cd44 HTTP/1.1" 200 0 "-" "WordPress/6.2; https://ovaltechstore.com.pe"
69.46.23.98 - - [04/May/2023:01:10:24 -0400] "GET /wp-json/jetpack/v4/sync/spawn-sync?time=1683177024&request_lock_id=1683177024.9019 HTTP/1.1" 200 37 "-" "WordPress/6.2; https://ovaltechstore.com.pe"
192.0.101.208 - - [04/May/2023:01:10:41 -0400] "POST /?for=jetpack&jetpack=comms&token=k3WzpbXHbNLw7bh3%21%23%25iv%2AXVEcf8mIYC%3A1%3A0&timestamp=1683177040&nonce=KVxhCUOQh3&body-hash=dGEh14kGxCGWYfaS5n8jS1FHu9k%3D&signature=9tVmjut%2BVUZfHafR0C%2FIfmzkkNM%3D HTTP/1.1" 200 606 "https://ovaltechstore.com.pe/?for=jetpack&jetpack=comms&token=k3WzpbXHbNLw7bh3%21%23%25iv%2AXVEcf8mIYC%3A1%3A0&timestamp=1683177040&nonce=KVxhCUOQh3&body-hash=dGEh14kGxCGWYfaS5n8jS1FHu9k%3D&signature=9tVmjut%2BVUZfHafR0C%2FIfmzkkNM%3D" "Jetpack by WordPress.com"
69.46.23.98 - - [04/May/2023:01:10:43 -0400] "POST /wp-cron.php?doing_wp_cron=1683177043.4261760711669921875000 HTTP/1.1" 200 0 "-" "WordPress/6.2; https://ovaltechstore.com.pe"
69.46.23.98 - - [04/May/2023:01:10:42 -0400] "GET /wp-json/jetpack/v4/sync/spawn-sync?time=1683177042&request_lock_id=1683177042.8263 HTTP/1.1" 200 37 "-" "WordPress/6.2; https://ovaltechstore.com.pe"
69.46.23.98 - - [04/May/2023:01:15:45 -0400] "POST /wp-cron.php?doing_wp_cron=1683177345.6089439392089843750000 HTTP/1.1" 200 0 "-" "WordPress/6.2; https://ovaltechstore.com.pe"
69.46.23.98 - - [04/May/2023:02:01:04 -0400] "POST /wp-cron.php?doing_wp_cron=1683180064.6128358840942382812500 HTTP/1.1" 200 0 "-" "WordPress/6.2; https://ovaltechstore.com.pe"
52.167.144.154 - - [04/May/2023:02:22:17 -0400] "GET /wp-content/uploads/2022/11/1b0ed946-1f46-4709-a516-1ae49beabf7f.jpg HTTP/2" 200 5203 "-" "Mozilla/5.0 AppleWebKit/537.36 (KHTML, like Gecko; compatible; bingbot/2.0; +http://www.bing.com/bingbot.htm) Chrome/103.0.5060.134 Safari/537.36"
69.46.23.98 - - [04/May/2023:03:03:52 -0400] "POST /wp-cron.php?doing_wp_cron=1683183832.1223430633544921875000 HTTP/1.1" 200 0 "-" "WordPress/6.2; https://ovaltechstore.com.pe"
114.119.159.134 - - [04/May/2023:03:03:50 -0400] "GET /robots.txt HTTP/1.1" 200 114 "-" "Mozilla/5.0 (compatible;PetalBot;+https://webmaster.petalsearch.com/site/petalbot)"
40.77.167.113 - - [04/May/2023:03:38:20 -0400] "GET /wp-content/uploads/2022/11/0b4c9e83-a641-4166-87ab-d38daa11c2cd-1.jpg HTTP/2" 200 24732 "-" "Mozilla/5.0 AppleWebKit/537.36 (KHTML, like Gecko; compatible; bingbot/2.0; +http://www.bing.com/bingbot.htm) Chrome/103.0.5060.134 Safari/537.36"
69.46.23.98 - - [04/May/2023:05:43:33 -0400] "POST /wp-cron.php?doing_wp_cron=1683193413.0780529975891113281250 HTTP/1.1" 200 0 "-" "WordPress/6.2; https://ovaltechstore.com.pe"
114.119.146.45 - - [04/May/2023:05:43:31 -0400] "GET /producto/tarjeta-grafica-asus-rog-strix-amd-radeon-rx-6700-xt-12gb-gddr6/ HTTP/1.1" 200 21636 "https://ovaltechstore.com.pe/categoria-producto/tarjetas-graficas-procesadores-ram/page/2/" "Mozilla/5.0 (Linux; Android 7.0;) AppleWebKit/537.36 (KHTML, like Gecko) Mobile Safari/537.36 (compatible; PetalBot;+https://webmaster.petalsearch.com/site/petalbot)"
69.46.23.98 - - [04/May/2023:06:06:18 -0400] "POST /wp-cron.php?doing_wp_cron=1683194778.4267539978027343750000 HTTP/1.1" 200 0 "-" "WordPress/6.2; https://ovaltechstore.com.pe"
114.119.142.173 - - [04/May/2023:06:06:17 -0400] "GET /producto/disco-duro-interno-seagate-barracuda-st2000dm008-2tb-plata/ HTTP/1.1" 200 21462 "https://ovaltechstore.com.pe/tienda/page/2/" "Mozilla/5.0 (Linux; Android 7.0;) AppleWebKit/537.36 (KHTML, like Gecko) Mobile Safari/537.36 (compatible; PetalBot;+https://webmaster.petalsearch.com/site/petalbot)"
69.46.23.98 - - [04/May/2023:06:21:32 -0400] "POST /wp-cron.php?doing_wp_cron=1683195692.0504701137542724609375 HTTP/1.1" 200 0 "-" "WordPress/6.2; https://ovaltechstore.com.pe"
114.119.142.156 - - [04/May/2023:06:21:31 -0400] "GET /producto/acer-nitro-5-ci7-11800h-16gb-1tb-ssd-4gb-gtx3050ti-2022/ HTTP/1.1" 200 21858 "https://ovaltechstore.com.pe/tienda/" "Mozilla/5.0 (Linux; Android 7.0;) AppleWebKit/537.36 (KHTML, like Gecko) Mobile Safari/537.36 (compatible; PetalBot;+https://webmaster.petalsearch.com/site/petalbot)"
69.46.23.98 - - [04/May/2023:06:38:49 -0400] "POST /wp-cron.php?doing_wp_cron=1683196729.0211930274963378906250 HTTP/1.1" 200 0 "-" "WordPress/6.2; https://ovaltechstore.com.pe"
114.119.150.64 - - [04/May/2023:06:38:47 -0400] "GET /producto/acer-nitro-5-core-i9-11va-16gb-512ssd-rtx3060-6gb-15-6-144hz/ HTTP/1.1" 200 21577 "https://ovaltechstore.com.pe/tienda/" "Mozilla/5.0 (Linux; Android 7.0;) AppleWebKit/537.36 (KHTML, like Gecko) Mobile Safari/537.36 (compatible; PetalBot;+https://webmaster.petalsearch.com/site/petalbot)"
66.249.70.111 - - [04/May/2023:08:18:22 -0400] "GET /favicon.ico HTTP/1.1" 404 1238 "-" "Googlebot-Image/1.0"
69.46.23.98 - - [04/May/2023:09:11:08 -0400] "POST /wp-cron.php?doing_wp_cron=1683205868.7272350788116455078125 HTTP/1.1" 200 0 "-" "WordPress/6.2; https://ovaltechstore.com.pe"
35.92.57.185 - - [04/May/2023:09:11:07 -0400] "GET / HTTP/1.1" 200 28548 "-" "Mozilla/5.0 (X11; Linux x86_64) AppleWebKit/537.36 (KHTML, like Gecko) Chrome/83.0.4103.97 Safari/537.36"
34.221.149.97 - - [04/May/2023:09:11:09 -0400] "GET / HTTP/1.1" 200 28548 "-" "Mozilla/5.0 (X11; Linux x86_64) AppleWebKit/537.36 (KHTML, like Gecko) Chrome/83.0.4103.97 Safari/537.36"
54.202.197.220 - - [04/May/2023:09:11:39 -0400] "GET /favicon.ico HTTP/1.1" 404 1238 "-" "Mozilla/5.0 (X11; Linux x86_64) AppleWebKit/537.36 (KHTML, like Gecko) Chrome/83.0.4103.97 Safari/537.36"
54.191.182.89 - - [04/May/2023:09:11:39 -0400] "GET / HTTP/1.1" 200 28548 "http://ovaltechstore.com.pe" "Mozilla/5.0 (X11; Linux x86_64) AppleWebKit/537.36 (KHTML, like Gecko) Chrome/83.0.4103.97 Safari/537.36"
54.202.197.220 - - [04/May/2023:09:11:41 -0400] "GET / HTTP/1.1" 200 28565 "-" "Mozilla/5.0 (X11; Linux x86_64) AppleWebKit/537.36 (KHTML, like Gecko) Chrome/83.0.4103.97 Safari/537.36"
40.77.167.164 - - [04/May/2023:09:47:54 -0400] "GET /wp-content/uploads/2022/11/be452ec9-bfef-471f-b205-c83b70808194.jpg HTTP/2" 200 15467 "-" "Mozilla/5.0 AppleWebKit/537.36 (KHTML, like Gecko; compatible; bingbot/2.0; +http://www.bing.com/bingbot.htm) Chrome/103.0.5060.134 Safari/537.36"
40.77.167.113 - - [04/May/2023:11:15:56 -0400] "GET /wp-content/uploads/2022/11/f15c7d92-6870-4112-b533-3ced4bec1fb2.jpg HTTP/2" 200 16786 "-" "Mozilla/5.0 AppleWebKit/537.36 (KHTML, like Gecko; compatible; bingbot/2.0; +http://www.bing.com/bingbot.htm) Chrome/103.0.5060.134 Safari/537.36"
40.77.167.164 - - [04/May/2023:12:32:30 -0400] "GET /wp-content/uploads/2022/11/deee5a53-33d4-4be3-b069-9b88a9fc5450.jpg HTTP/2" 200 25463 "-" "Mozilla/5.0 AppleWebKit/537.36 (KHTML, like Gecko; compatible; bingbot/2.0; +http://www.bing.com/bingbot.htm) Chrome/103.0.5060.134 Safari/537.36"
69.46.23.98 - - [04/May/2023:13:20:27 -0400] "POST /wp-cron.php?doing_wp_cron=1683220827.9291698932647705078125 HTTP/1.1" 200 0 "-" "WordPress/6.2; https://ovaltechstore.com.pe"
40.77.167.164 - - [04/May/2023:13:20:26 -0400] "GET / HTTP/2" 200 28542 "-" "Mozilla/5.0 AppleWebKit/537.36 (KHTML, like Gecko; compatible; bingbot/2.0; +http://www.bing.com/bingbot.htm) Chrome/103.0.5060.134 Safari/537.36"
69.46.23.98 - - [04/May/2023:13:20:28 -0400] "POST /wp-admin/admin-ajax.php HTTP/1.1" 200 0 "-" "WordPress/6.2; https://ovaltechstore.com.pe"
69.46.23.98 - - [04/May/2023:13:20:32 -0400] "GET / HTTP/1.1" 200 28539 "-" "WordPress/6.2; https://ovaltechstore.com.pe"
69.46.23.98 - - [04/May/2023:13:20:29 -0400] "POST /wp-admin/admin-ajax.php?action=as_async_request_queue_runner&nonce=c46980eda4 HTTP/1.1" 200 0 "-" "WordPress/6.2; https://ovaltechstore.com.pe"
69.46.23.98 - - [04/May/2023:13:20:35 -0400] "POST /wp-admin/admin-ajax.php?action=as_async_request_queue_runner&nonce=c46980eda4 HTTP/1.1" 200 0 "-" "WordPress/6.2; https://ovaltechstore.com.pe"
69.46.23.98 - - [04/May/2023:13:41:56 -0400] "POST /wp-cron.php?doing_wp_cron=1683222116.4420740604400634765625 HTTP/1.1" 200 0 "-" "WordPress/6.2; https://ovaltechstore.com.pe"
190.239.88.235 - - [04/May/2023:13:41:52 -0400] "GET /wp-content/uploads/2022/11/My-project-1-e1667650597681.png HTTP/1.1" 404 15695 "https://ovaltechstore.com.pe/" "Mozilla/5.0 (Linux; Android 11) AppleWebKit/537.36 (KHTML, like Gecko) Chrome/98.0.4758.87 Mobile Safari/537.36"
69.46.23.98 - - [04/May/2023:14:05:01 -0400] "POST /wp-cron.php?doing_wp_cron=1683223501.1008338928222656250000 HTTP/1.1" 200 0 "-" "WordPress/6.2; https://ovaltechstore.com.pe"
190.239.95.156 - - [04/May/2023:14:04:59 -0400] "GET /wp-content/uploads/2022/11/My-project-1-e1667650597681.png HTTP/1.1" 404 6329 "https://ovaltechstore.com.pe/" "Mozilla/5.0 (Linux; Android 11) AppleWebKit/537.36 (KHTML, like Gecko) Chrome/98.0.4758.87 Mobile Safari/537.36"
190.239.95.156 - - [04/May/2023:14:05:01 -0400] "GET /favicon.ico HTTP/1.1" 404 1238 "https://ovaltechstore.com.pe/" "Mozilla/5.0 (Linux; Android 11) AppleWebKit/537.36 (KHTML, like Gecko) Chrome/98.0.4758.87 Mobile Safari/537.36"
190.239.95.156 - - [04/May/2023:14:05:00 -0400] "POST /?wc-ajax=get_refreshed_fragments&elementor_page_id=58 HTTP/1.1" 200 182 "https://ovaltechstore.com.pe/" "Mozilla/5.0 (Linux; Android 11) AppleWebKit/537.36 (KHTML, like Gecko) Chrome/98.0.4758.87 Mobile Safari/537.36"
190.239.95.156 - - [04/May/2023:14:05:01 -0400] "POST /wp-admin/admin-ajax.php HTTP/1.1" 200 6 "https://ovaltechstore.com.pe/" "Mozilla/5.0 (Linux; Android 11) AppleWebKit/537.36 (KHTML, like Gecko) Chrome/98.0.4758.87 Mobile Safari/537.36"
190.239.95.156 - - [04/May/2023:14:05:01 -0400] "POST /wp-admin/admin-ajax.php HTTP/1.1" 200 6 "https://ovaltechstore.com.pe/" "Mozilla/5.0 (Linux; Android 11) AppleWebKit/537.36 (KHTML, like Gecko) Chrome/98.0.4758.87 Mobile Safari/537.36"
69.46.23.98 - - [04/May/2023:14:05:03 -0400] "POST /wp-admin/admin-ajax.php?action=as_async_request_queue_runner&nonce=c46980eda4 HTTP/1.1" 200 0 "-" "WordPress/6.2; https://ovaltechstore.com.pe"
69.46.23.98 - - [04/May/2023:14:05:03 -0400] "POST /wp-admin/admin-ajax.php?action=as_async_request_queue_runner&nonce=c46980eda4 HTTP/1.1" 200 0 "-" "WordPress/6.2; https://ovaltechstore.com.pe"
69.46.23.98 - - [04/May/2023:15:01:00 -0400] "POST /wp-cron.php?doing_wp_cron=1683226860.5622689723968505859375 HTTP/1.1" 200 0 "-" "WordPress/6.2; https://ovaltechstore.com.pe"
52.167.144.154 - - [04/May/2023:15:00:59 -0400] "GET /wp-sitemap-taxonomies-category-1.xml HTTP/2" 200 197 "-" "Mozilla/5.0 AppleWebKit/537.36 (KHTML, like Gecko; compatible; bingbot/2.0; +http://www.bing.com/bingbot.htm) Chrome/103.0.5060.134 Safari/537.36"
69.46.23.98 - - [04/May/2023:16:12:05 -0400] "POST /wp-cron.php?doing_wp_cron=1683231125.6360690593719482421875 HTTP/1.1" 200 0 "-" "WordPress/6.2; https://ovaltechstore.com.pe"
190.239.95.156 - - [04/May/2023:16:12:02 -0400] "POST /?wc-ajax=get_refreshed_fragments&elementor_page_id=58 HTTP/2" 200 182 "https://ovaltechstore.com.pe/" "Mozilla/5.0 (Linux; Android 11) AppleWebKit/537.36 (KHTML, like Gecko) Chrome/98.0.4758.87 Mobile Safari/537.36"
190.239.95.156 - - [04/May/2023:16:12:02 -0400] "GET /wp-content/uploads/2022/11/My-project-1-e1667650597681.png HTTP/2" 404 6329 "https://ovaltechstore.com.pe/" "Mozilla/5.0 (Linux; Android 11) AppleWebKit/537.36 (KHTML, like Gecko) Chrome/98.0.4758.87 Mobile Safari/537.36"
190.239.95.156 - - [04/May/2023:16:12:06 -0400] "GET /favicon.ico HTTP/1.1" 404 1238 "https://ovaltechstore.com.pe/" "Mozilla/5.0 (Linux; Android 11) AppleWebKit/537.36 (KHTML, like Gecko) Chrome/98.0.4758.87 Mobile Safari/537.36"
190.239.95.156 - - [04/May/2023:16:12:06 -0400] "POST /wp-admin/admin-ajax.php HTTP/2" 200 6 "https://ovaltechstore.com.pe/" "Mozilla/5.0 (Linux; Android 11) AppleWebKit/537.36 (KHTML, like Gecko) Chrome/98.0.4758.87 Mobile Safari/537.36"
190.239.95.156 - - [04/May/2023:16:12:06 -0400] "POST /wp-admin/admin-ajax.php HTTP/1.1" 200 6 "https://ovaltechstore.com.pe/" "Mozilla/5.0 (Linux; Android 11) AppleWebKit/537.36 (KHTML, like Gecko) Chrome/98.0.4758.87 Mobile Safari/537.36"
69.46.23.98 - - [04/May/2023:16:12:07 -0400] "POST /wp-admin/admin-ajax.php?action=as_async_request_queue_runner&nonce=c46980eda4 HTTP/1.1" 200 0 "-" "WordPress/6.2; https://ovaltechstore.com.pe"
69.46.23.98 - - [04/May/2023:16:12:07 -0400] "POST /wp-admin/admin-ajax.php?action=as_async_request_queue_runner&nonce=c46980eda4 HTTP/1.1" 200 0 "-" "WordPress/6.2; https://ovaltechstore.com.pe"
69.46.23.98 - - [04/May/2023:16:20:13 -0400] "POST /wp-cron.php?doing_wp_cron=1683231613.9721729755401611328125 HTTP/1.1" 200 0 "-" "WordPress/6.2; https://ovaltechstore.com.pe"
114.119.137.80 - - [04/May/2023:16:20:12 -0400] "GET /categoria-producto/perifericos/page/1/ HTTP/1.1" 301 0 "https://ovaltechstore.com.pe/categoria-producto/perifericos/page/2/" "Mozilla/5.0 (Linux; Android 7.0;) AppleWebKit/537.36 (KHTML, like Gecko) Mobile Safari/537.36 (compatible; PetalBot;+https://webmaster.petalsearch.com/site/petalbot)"
114.119.137.80 - - [04/May/2023:16:20:35 -0400] "GET /categoria-producto/perifericos/ HTTP/1.1" 200 22290 "https://ovaltechstore.com.pe/categoria-producto/perifericos/page/2/" "Mozilla/5.0 (Linux; Android 7.0;) AppleWebKit/537.36 (KHTML, like Gecko) Mobile Safari/537.36 (compatible; PetalBot;+https://webmaster.petalsearch.com/site/petalbot)"
69.46.23.98 - - [04/May/2023:17:30:29 -0400] "POST /wp-cron.php?doing_wp_cron=1683235829.9778890609741210937500 HTTP/1.1" 200 0 "-" "WordPress/6.2; https://ovaltechstore.com.pe"
114.119.142.19 - - [04/May/2023:17:30:28 -0400] "GET /tienda/page/1/ HTTP/1.1" 301 0 "https://ovaltechstore.com.pe/tienda/page/5/" "Mozilla/5.0 (Linux; Android 7.0;) AppleWebKit/537.36 (KHTML, like Gecko) Mobile Safari/537.36 (compatible; PetalBot;+https://webmaster.petalsearch.com/site/petalbot)"
69.46.23.98 - - [04/May/2023:17:30:59 -0400] "POST /wp-cron.php?doing_wp_cron=1683235859.9158570766448974609375 HTTP/1.1" 200 0 "-" "WordPress/6.2; https://ovaltechstore.com.pe"
114.119.142.19 - - [04/May/2023:17:30:59 -0400] "GET /tienda/ HTTP/1.1" 200 23597 "https://ovaltechstore.com.pe/tienda/page/5/" "Mozilla/5.0 (Linux; Android 7.0;) AppleWebKit/537.36 (KHTML, like Gecko) Mobile Safari/537.36 (compatible; PetalBot;+https://webmaster.petalsearch.com/site/petalbot)"
52.167.144.154 - - [04/May/2023:17:41:02 -0400] "GET /wp-content/uploads/2022/11/6228c23e-4409-4b99-a559-63d3ff963a5c.jpg HTTP/2" 200 23458 "-" "Mozilla/5.0 AppleWebKit/537.36 (KHTML, like Gecko; compatible; bingbot/2.0; +http://www.bing.com/bingbot.htm) Chrome/103.0.5060.134 Safari/537.36"
69.46.23.98 - - [04/May/2023:17:42:03 -0400] "POST /wp-cron.php?doing_wp_cron=1683236523.7064039707183837890625 HTTP/1.1" 200 0 "-" "WordPress/6.2; https://ovaltechstore.com.pe"
40.77.167.113 - - [04/May/2023:17:42:02 -0400] "GET /wp-sitemap-taxonomies-product_cat-1.xml HTTP/2" 200 276 "-" "Mozilla/5.0 AppleWebKit/537.36 (KHTML, like Gecko; compatible; bingbot/2.0; +http://www.bing.com/bingbot.htm) Chrome/103.0.5060.134 Safari/537.36"
69.46.23.98 - - [04/May/2023:17:55:16 -0400] "POST /wp-cron.php?doing_wp_cron=1683237316.4852259159088134765625 HTTP/1.1" 200 0 "-" "WordPress/6.2; https://ovaltechstore.com.pe"
40.77.167.113 - - [04/May/2023:17:55:15 -0400] "GET /wp-sitemap-posts-mailpoet_page-1.xml HTTP/2" 200 202 "-" "Mozilla/5.0 AppleWebKit/537.36 (KHTML, like Gecko; compatible; bingbot/2.0; +http://www.bing.com/bingbot.htm) Chrome/103.0.5060.134 Safari/537.36"
40.77.167.164 - - [04/May/2023:18:43:15 -0400] "GET /wp-content/uploads/2022/11/3c020bcb-5d4b-4c3f-a580-05335a354e81-e1668194791107.jpg HTTP/2" 200 24321 "-" "Mozilla/5.0 AppleWebKit/537.36 (KHTML, like Gecko; compatible; bingbot/2.0; +http://www.bing.com/bingbot.htm) Chrome/103.0.5060.134 Safari/537.36"
52.167.144.154 - - [04/May/2023:23:20:53 -0400] "GET /wp-content/uploads/2022/11/8ece379c-07c8-4828-b8eb-30c4a2817c2a.jpg HTTP/2" 200 21611 "-" "Mozilla/5.0 AppleWebKit/537.36 (KHTML, like Gecko; compatible; bingbot/2.0; +http://www.bing.com/bingbot.htm) Chrome/103.0.5060.134 Safari/537.36"
40.77.167.113 - - [05/May/2023:00:22:09 -0400] "GET /wp-content/uploads/2022/11/ff1a0e68-44c0-41c3-a4cf-9cf070556901.jpg HTTP/2" 200 19448 "-" "Mozilla/5.0 AppleWebKit/537.36 (KHTML, like Gecko; compatible; bingbot/2.0; +http://www.bing.com/bingbot.htm) Chrome/103.0.5060.134 Safari/537.36"
69.46.23.98 - - [05/May/2023:01:10:03 -0400] "POST /wp-cron.php?doing_wp_cron=1683263403.0648450851440429687500 HTTP/1.1" 200 0 "-" "WordPress/6.2; https://ovaltechstore.com.pe"
69.46.23.98 - - [05/May/2023:01:10:04 -0400] "POST /wp-admin/admin-ajax.php HTTP/1.1" 200 0 "-" "WordPress/6.2; https://ovaltechstore.com.pe"
69.46.23.98 - - [05/May/2023:01:10:05 -0400] "GET / HTTP/1.1" 200 28546 "-" "WordPress/6.2; https://ovaltechstore.com.pe"
69.46.23.98 - - [05/May/2023:01:10:07 -0400] "POST /wp-admin/admin-ajax.php?action=wp_1_wc_privacy_cleanup&nonce=19de5c6a5f HTTP/1.1" 200 0 "-" "WordPress/6.2; https://ovaltechstore.com.pe"
69.46.23.98 - - [05/May/2023:01:10:11 -0400] "GET /wp-json/jetpack/v4/sync/spawn-sync?time=1683263411&request_lock_id=1683263411.2887 HTTP/1.1" 200 37 "-" "WordPress/6.2; https://ovaltechstore.com.pe"
192.0.99.196 - - [05/May/2023:01:10:25 -0400] "POST /?for=jetpack&jetpack=comms&token=k3WzpbXHbNLw7bh3%21%23%25iv%2AXVEcf8mIYC%3A1%3A0&timestamp=1683263425&nonce=14sUZ4KN5V&body-hash=dGEh14kGxCGWYfaS5n8jS1FHu9k%3D&signature=eVPGQzy5haxD3gfnlw65mQKIL2A%3D HTTP/1.1" 200 657 "https://ovaltechstore.com.pe/?for=jetpack&jetpack=comms&token=k3WzpbXHbNLw7bh3%21%23%25iv%2AXVEcf8mIYC%3A1%3A0&timestamp=1683263425&nonce=14sUZ4KN5V&body-hash=dGEh14kGxCGWYfaS5n8jS1FHu9k%3D&signature=eVPGQzy5haxD3gfnlw65mQKIL2A%3D" "Jetpack by WordPress.com"
69.46.23.98 - - [05/May/2023:01:10:28 -0400] "POST /wp-cron.php?doing_wp_cron=1683263428.1018640995025634765625 HTTP/1.1" 200 0 "-" "WordPress/6.2; https://ovaltechstore.com.pe"
69.46.23.98 - - [05/May/2023:01:10:27 -0400] "GET /wp-json/jetpack/v4/sync/spawn-sync?time=1683263426&request_lock_id=1683263426.995 HTTP/1.1" 200 37 "-" "WordPress/6.2; https://ovaltechstore.com.pe"
69.46.23.98 - - [05/May/2023:01:16:21 -0400] "POST /wp-cron.php?doing_wp_cron=1683263781.4876599311828613281250 HTTP/1.1" 200 0 "-" "WordPress/6.2; https://ovaltechstore.com.pe"
40.77.167.164 - - [05/May/2023:01:29:50 -0400] "GET /wp-content/uploads/2022/11/6ede7577-b95c-489a-9cf3-df937d5f64fd-1024x592.jpg HTTP/2" 200 61147 "-" "Mozilla/5.0 AppleWebKit/537.36 (KHTML, like Gecko; compatible; bingbot/2.0; +http://www.bing.com/bingbot.htm) Chrome/103.0.5060.134 Safari/537.36"
69.46.23.98 - - [05/May/2023:02:02:46 -0400] "POST /wp-cron.php?doing_wp_cron=1683266566.3443279266357421875000 HTTP/1.1" 200 0 "-" "WordPress/6.2; https://ovaltechstore.com.pe"
69.46.23.98 - - [05/May/2023:02:02:47 -0400] "POST /wp-admin/admin-ajax.php HTTP/1.1" 200 0 "-" "WordPress/6.2; https://ovaltechstore.com.pe"
69.46.23.98 - - [05/May/2023:02:22:57 -0400] "POST /wp-cron.php?doing_wp_cron=1683267777.7460849285125732421875 HTTP/1.1" 200 0 "-" "WordPress/6.2; https://ovaltechstore.com.pe"
66.249.70.111 - - [05/May/2023:02:22:56 -0400] "GET /robots.txt HTTP/1.1" 200 98 "-" "Mozilla/5.0 (compatible; Googlebot/2.1; +http://www.google.com/bot.html)"
66.249.70.109 - - [05/May/2023:02:22:57 -0400] "GET /wp-sitemap-posts-page-1.xml HTTP/1.1" 200 202 "-" "Mozilla/5.0 (compatible; Googlebot/2.1; +http://www.google.com/bot.html)"
69.46.23.98 - - [05/May/2023:03:03:02 -0400] "POST /wp-cron.php?doing_wp_cron=1683270182.8878190517425537109375 HTTP/1.1" 200 0 "-" "WordPress/6.2; https://ovaltechstore.com.pe"
66.249.70.111 - - [05/May/2023:03:03:02 -0400] "GET /wp-sitemap-posts-product-1.xml HTTP/1.1" 200 1944 "-" "Mozilla/5.0 (compatible; Googlebot/2.1; +http://www.google.com/bot.html)"
40.77.167.164 - - [05/May/2023:04:02:15 -0400] "GET /wp-content/uploads/2022/11/90b87966-7e95-46ae-89e9-5eea29c25255.jpg HTTP/2" 200 22832 "-" "Mozilla/5.0 AppleWebKit/537.36 (KHTML, like Gecko; compatible; bingbot/2.0; +http://www.bing.com/bingbot.htm) Chrome/103.0.5060.134 Safari/537.36"
69.46.23.98 - - [05/May/2023:05:38:56 -0400] "POST /wp-cron.php?doing_wp_cron=1683279536.1036629676818847656250 HTTP/1.1" 200 0 "-" "WordPress/6.2; https://ovaltechstore.com.pe"
40.77.167.164 - - [05/May/2023:05:38:54 -0400] "GET / HTTP/2" 200 28546 "-" "Mozilla/5.0 AppleWebKit/537.36 (KHTML, like Gecko; compatible; bingbot/2.0; +http://www.bing.com/bingbot.htm) Chrome/103.0.5060.134 Safari/537.36"
69.46.23.98 - - [05/May/2023:07:43:18 -0400] "POST /wp-cron.php?doing_wp_cron=1683286998.4898090362548828125000 HTTP/1.1" 200 0 "-" "WordPress/6.2; https://ovaltechstore.com.pe"
52.88.254.113 - - [05/May/2023:07:43:17 -0400] "GET / HTTP/1.1" 200 28546 "-" "Mozilla/5.0 (X11; Linux x86_64) AppleWebKit/537.36 (KHTML, like Gecko) Chrome/83.0.4103.97 Safari/537.36"
52.89.218.0 - - [05/May/2023:07:43:31 -0400] "GET / HTTP/1.1" 200 11011 "-" "Mozilla/5.0 (X11; Linux x86_64) AppleWebKit/537.36 (KHTML, like Gecko) Chrome/83.0.4103.97 Safari/537.36"
52.167.144.154 - - [05/May/2023:08:03:12 -0400] "GET /wp-content/uploads/2022/11/1b48f6e5-dbec-4006-b708-25d5304fbbaf.jpg HTTP/2" 200 77416 "-" "Mozilla/5.0 AppleWebKit/537.36 (KHTML, like Gecko; compatible; bingbot/2.0; +http://www.bing.com/bingbot.htm) Chrome/103.0.5060.134 Safari/537.36"
69.46.23.98 - - [05/May/2023:08:56:52 -0400] "POST /wp-cron.php?doing_wp_cron=1683291412.8483300209045410156250 HTTP/1.1" 200 0 "-" "WordPress/6.2; https://ovaltechstore.com.pe"
114.119.157.82 - - [05/May/2023:08:56:51 -0400] "GET /robots.txt HTTP/1.1" 200 114 "-" "Mozilla/5.0 (compatible;PetalBot;+https://webmaster.petalsearch.com/site/petalbot)"
69.46.23.98 - - [05/May/2023:09:27:46 -0400] "POST /wp-cron.php?doing_wp_cron=1683293266.8526470661163330078125 HTTP/1.1" 200 0 "-" "WordPress/6.2; https://ovaltechstore.com.pe"
