66.249.70.107 - - [09/May/2023:04:00:36 -0400] "GET /wp-sitemap-posts-page-1.xml HTTP/1.1" 200 202 "-" "Mozilla/5.0 (compatible; Googlebot/2.1; +http://www.google.com/bot.html)"
69.46.23.98 - - [09/May/2023:04:21:01 -0400] "POST /wp-cron.php?doing_wp_cron=1683620461.6127939224243164062500 HTTP/1.1" 200 0 "-" "WordPress/6.2; https://ovaltechstore.com.pe"
114.119.153.212 - - [09/May/2023:04:21:00 -0400] "GET /robots.txt HTTP/1.1" 200 114 "-" "Mozilla/5.0 (compatible;PetalBot;+https://webmaster.petalsearch.com/site/petalbot)"
69.46.23.98 - - [09/May/2023:04:23:19 -0400] "POST /wp-cron.php?doing_wp_cron=1683620599.3268699645996093750000 HTTP/1.1" 200 0 "-" "WordPress/6.2; https://ovaltechstore.com.pe"
66.249.70.109 - - [09/May/2023:04:23:18 -0400] "GET /wp-sitemap.xml HTTP/1.1" 200 220 "-" "Mozilla/5.0 (compatible; Googlebot/2.1; +http://www.google.com/bot.html)"
40.77.167.174 - - [09/May/2023:05:54:25 -0400] "GET /wp-content/uploads/2022/11/6ede7577-b95c-489a-9cf3-df937d5f64fd.jpg HTTP/2" 200 83177 "-" "Mozilla/5.0 AppleWebKit/537.36 (KHTML, like Gecko; compatible; bingbot/2.0; +http://www.bing.com/bingbot.htm) Chrome/103.0.5060.134 Safari/537.36"
69.46.23.98 - - [09/May/2023:05:54:27 -0400] "POST /wp-cron.php?doing_wp_cron=1683626067.6069440841674804687500 HTTP/1.1" 200 0 "-" "WordPress/6.2; https://ovaltechstore.com.pe"
40.77.167.174 - - [09/May/2023:05:54:26 -0400] "GET /mi-cuenta/ HTTP/2" 200 18164 "-" "Mozilla/5.0 AppleWebKit/537.36 (KHTML, like Gecko; compatible; bingbot/2.0; +http://www.bing.com/bingbot.htm) Chrome/103.0.5060.134 Safari/537.36"
69.46.23.98 - - [09/May/2023:07:01:33 -0400] "POST /wp-cron.php?doing_wp_cron=1683630093.6846849918365478515625 HTTP/1.1" 200 0 "-" "WordPress/6.2; https://ovaltechstore.com.pe"
66.249.70.109 - - [09/May/2023:07:01:32 -0400] "GET /wp-sitemap-posts-post-1.xml HTTP/1.1" 200 172 "-" "Mozilla/5.0 (compatible; Googlebot/2.1; +http://www.google.com/bot.html)"
69.46.23.98 - - [09/May/2023:07:42:58 -0400] "POST /wp-cron.php?doing_wp_cron=1683632578.5336320400238037109375 HTTP/1.1" 200 0 "-" "WordPress/6.2; https://ovaltechstore.com.pe"
35.90.105.99 - - [09/May/2023:07:42:57 -0400] "GET / HTTP/1.1" 200 28544 "-" "Mozilla/5.0 (X11; Linux x86_64) AppleWebKit/537.36 (KHTML, like Gecko) Chrome/83.0.4103.97 Safari/537.36"
35.163.97.187 - - [09/May/2023:07:42:58 -0400] "GET / HTTP/1.1" 200 28544 "-" "Mozilla/5.0 (X11; Linux x86_64) AppleWebKit/537.36 (KHTML, like Gecko) Chrome/83.0.4103.97 Safari/537.36"
54.149.97.238 - - [09/May/2023:07:43:10 -0400] "GET /favicon.ico HTTP/1.1" 404 1238 "-" "Mozilla/5.0 (X11; Linux x86_64) AppleWebKit/537.36 (KHTML, like Gecko) Chrome/83.0.4103.97 Safari/537.36"
35.86.127.225 - - [09/May/2023:07:43:25 -0400] "GET /favicon.ico HTTP/1.1" 404 1238 "http://ovaltechstore.com.pe/favicon.ico" "Mozilla/5.0 (X11; Linux x86_64) AppleWebKit/537.36 (KHTML, like Gecko) Chrome/83.0.4103.97 Safari/537.36"
35.86.127.225 - - [09/May/2023:07:43:27 -0400] "GET / HTTP/1.1" 200 28538 "http://ovaltechstore.com.pe" "Mozilla/5.0 (X11; Linux x86_64) AppleWebKit/537.36 (KHTML, like Gecko) Chrome/83.0.4103.97 Safari/537.36"
69.46.23.98 - - [09/May/2023:07:52:26 -0400] "POST /wp-cron.php?doing_wp_cron=1683633146.8525979518890380859375 HTTP/1.1" 200 0 "-" "WordPress/6.2; https://ovaltechstore.com.pe"
114.119.135.136 - - [09/May/2023:07:52:25 -0400] "GET /producto/procesador-intel-corei7-9700k-9na-generacion-desbloqueado/ HTTP/1.1" 200 21476 "https://ovaltechstore.com.pe/tienda/page/4/" "Mozilla/5.0 (Linux; Android 7.0;) AppleWebKit/537.36 (KHTML, like Gecko) Mobile Safari/537.36 (compatible; PetalBot;+https://webmaster.petalsearch.com/site/petalbot)"
69.46.23.98 - - [09/May/2023:08:53:23 -0400] "POST /wp-cron.php?doing_wp_cron=1683636803.6999800205230712890625 HTTP/1.1" 200 0 "-" "WordPress/6.2; https://ovaltechstore.com.pe"
114.119.131.116 - - [09/May/2023:08:53:22 -0400] "GET /producto/teclado-gamer-steelseries-apex-pro/ HTTP/1.1" 200 21700 "https://ovaltechstore.com.pe/categoria-producto/perifericos/page/2/" "Mozilla/5.0 (Linux; Android 7.0;) AppleWebKit/537.36 (KHTML, like Gecko) Mobile Safari/537.36 (compatible; PetalBot;+https://webmaster.petalsearch.com/site/petalbot)"
69.46.23.98 - - [09/May/2023:08:55:34 -0400] "POST /wp-cron.php?doing_wp_cron=1683636934.7921578884124755859375 HTTP/1.1" 200 0 "-" "WordPress/6.2; https://ovaltechstore.com.pe"
114.119.139.103 - - [09/May/2023:08:55:34 -0400] "GET /producto/dell-gamer-g15-g5-fhd-r7-5800h-16gb-512ssd-rtx3050ti-4gb-w11/ HTTP/1.1" 200 21659 "https://ovaltechstore.com.pe/tienda/" "Mozilla/5.0 (Linux; Android 7.0;) AppleWebKit/537.36 (KHTML, like Gecko) Mobile Safari/537.36 (compatible; PetalBot;+https://webmaster.petalsearch.com/site/petalbot)"
69.46.23.98 - - [09/May/2023:09:11:19 -0400] "POST /wp-cron.php?doing_wp_cron=1683637879.3877708911895751953125 HTTP/1.1" 200 0 "-" "WordPress/6.2; https://ovaltechstore.com.pe"
114.119.148.27 - - [09/May/2023:09:11:17 -0400] "GET /producto/procesador-intel-core-i9-11900k-3-50-5-30-ghz-16mb-lga1200/ HTTP/1.1" 200 21576 "https://ovaltechstore.com.pe/categoria-producto/tarjetas-graficas-procesadores-ram/page/1/" "Mozilla/5.0 (Linux; Android 7.0;) AppleWebKit/537.36 (KHTML, like Gecko) Mobile Safari/537.36 (compatible; PetalBot;+https://webmaster.petalsearch.com/site/petalbot)"
69.46.23.98 - - [09/May/2023:09:40:50 -0400] "POST /wp-cron.php?doing_wp_cron=1683639650.6308560371398925781250 HTTP/1.1" 200 0 "-" "WordPress/6.2; https://ovaltechstore.com.pe"
114.119.135.224 - - [09/May/2023:09:40:49 -0400] "GET /producto/memoria-ram-teamgroup-t-force-delta-rgb-tuf-gaming-16gb-ddr4/ HTTP/1.1" 200 21555 "https://ovaltechstore.com.pe/tienda/page/2/" "Mozilla/5.0 (Linux; Android 7.0;) AppleWebKit/537.36 (KHTML, like Gecko) Mobile Safari/537.36 (compatible; PetalBot;+https://webmaster.petalsearch.com/site/petalbot)"
69.46.23.98 - - [09/May/2023:10:08:34 -0400] "POST /wp-cron.php?doing_wp_cron=1683641314.9746100902557373046875 HTTP/1.1" 200 0 "-" "WordPress/6.2; https://ovaltechstore.com.pe"
114.119.160.138 - - [09/May/2023:10:08:33 -0400] "GET /producto/enfriamiento-liquido-redragon-effect-x-ccw-3000-rgb/ HTTP/1.1" 200 21007 "https://ovaltechstore.com.pe/tienda/page/2/" "Mozilla/5.0 (Linux; Android 7.0;) AppleWebKit/537.36 (KHTML, like Gecko) Mobile Safari/537.36 (compatible; PetalBot;+https://webmaster.petalsearch.com/site/petalbot)"
69.46.23.98 - - [09/May/2023:10:27:44 -0400] "POST /wp-cron.php?doing_wp_cron=1683642464.7796700000762939453125 HTTP/1.1" 200 0 "-" "WordPress/6.2; https://ovaltechstore.com.pe"
66.249.70.107 - - [09/May/2023:10:27:43 -0400] "GET / HTTP/1.1" 200 24866 "-" "Mozilla/5.0 (Linux; Android 6.0.1; Nexus 5X Build/MMB29P) AppleWebKit/537.36 (KHTML, like Gecko) Chrome/112.0.5615.142 Mobile Safari/537.36 (compatible; Googlebot/2.1; +http://www.google.com/bot.html)"
66.249.70.109 - - [09/May/2023:10:27:56 -0400] "GET /wp-content/themes/top-store//css/top-store-menu.css?ver=1.3.2 HTTP/1.1" 200 4100 "https://ovaltechstore.com.pe/" "Mozilla/5.0 (Linux; Android 6.0.1; Nexus 5X Build/MMB29P) AppleWebKit/537.36 (KHTML, like Gecko) Chrome/112.0.5615.142 Mobile Safari/537.36 (compatible; Googlebot/2.1; +http://www.google.com/bot.html)"
66.249.70.107 - - [09/May/2023:10:27:56 -0400] "GET /wp-content/plugins/elementor-pro/assets/css/widget-nav-menu.min.css HTTP/1.1" 200 3343 "https://ovaltechstore.com.pe/" "Mozilla/5.0 (Linux; Android 6.0.1; Nexus 5X Build/MMB29P) AppleWebKit/537.36 (KHTML, like Gecko) Chrome/112.0.5615.142 Mobile Safari/537.36 (compatible; Googlebot/2.1; +http://www.google.com/bot.html)"
66.249.70.109 - - [09/May/2023:10:27:56 -0400] "GET /wp-includes/js/jquery/ui/effect.min.js?ver=1.13.2 HTTP/1.1" 200 6307 "https://ovaltechstore.com.pe/" "Mozilla/5.0 (Linux; Android 6.0.1; Nexus 5X Build/MMB29P) AppleWebKit/537.36 (KHTML, like Gecko) Chrome/112.0.5615.142 Mobile Safari/537.36 (compatible; Googlebot/2.1; +http://www.google.com/bot.html)"
66.249.70.109 - - [09/May/2023:10:27:56 -0400] "GET /wp-content/plugins/elementor/assets/js/frontend.min.js?ver=3.8.0 HTTP/1.1" 200 11702 "https://ovaltechstore.com.pe/" "Mozilla/5.0 (Linux; Android 6.0.1; Nexus 5X Build/MMB29P) AppleWebKit/537.36 (KHTML, like Gecko) Chrome/112.0.5615.142 Mobile Safari/537.36 (compatible; Googlebot/2.1; +http://www.google.com/bot.html)"
69.46.23.98 - - [09/May/2023:10:27:58 -0400] "POST /wp-cron.php?doing_wp_cron=1683642478.2644898891448974609375 HTTP/1.1" 200 0 "-" "WordPress/6.2; https://ovaltechstore.com.pe"
66.249.70.107 - - [09/May/2023:10:27:57 -0400] "POST /?wc-ajax=get_refreshed_fragments&elementor_page_id=58 HTTP/1.1" 200 182 "https://ovaltechstore.com.pe/" "Mozilla/5.0 (Linux; Android 6.0.1; Nexus 5X Build/MMB29P) AppleWebKit/537.36 (KHTML, like Gecko) Chrome/112.0.5615.142 Mobile Safari/537.36 (compatible; Googlebot/2.1; +http://www.google.com/bot.html)"
66.249.70.109 - - [09/May/2023:10:27:58 -0400] "GET /wp-content/plugins/elementor-pro/assets/js/nav-menu.3de49ba5ef86f9a22ff5.bundle.min.js HTTP/1.1" 200 1173 "https://ovaltechstore.com.pe/" "Mozilla/5.0 (Linux; Android 6.0.1; Nexus 5X Build/MMB29P) AppleWebKit/537.36 (KHTML, like Gecko) Chrome/112.0.5615.142 Mobile Safari/537.36 (compatible; Googlebot/2.1; +http://www.google.com/bot.html)"
69.46.23.98 - - [09/May/2023:10:31:33 -0400] "POST /wp-cron.php?doing_wp_cron=1683642693.8776049613952636718750 HTTP/1.1" 200 0 "-" "WordPress/6.2; https://ovaltechstore.com.pe"
66.249.70.109 - - [09/May/2023:10:31:32 -0400] "GET / HTTP/1.1" 200 24878 "-" "Mozilla/5.0 (compatible; Googlebot/2.1; +http://www.google.com/bot.html)"
66.249.70.107 - - [09/May/2023:10:31:41 -0400] "GET /wp-content/plugins/woocommerce/assets/css/woocommerce.css?ver=7.0.1 HTTP/1.1" 200 8434 "https://ovaltechstore.com.pe/" "Mozilla/5.0 AppleWebKit/537.36 (KHTML, like Gecko; compatible; Googlebot/2.1; +http://www.google.com/bot.html) Chrome/112.0.5615.142 Safari/537.36"
66.249.70.107 - - [09/May/2023:10:31:41 -0400] "GET /wp-content/uploads/elementor/css/post-15.css?ver=1669230421 HTTP/1.1" 200 740 "https://ovaltechstore.com.pe/" "Mozilla/5.0 AppleWebKit/537.36 (KHTML, like Gecko; compatible; Googlebot/2.1; +http://www.google.com/bot.html) Chrome/112.0.5615.142 Safari/537.36"
66.249.70.107 - - [09/May/2023:10:31:41 -0400] "GET /wp-content/plugins/elementor-pro/assets/css/widget-nav-menu.min.css HTTP/1.1" 200 3343 "https://ovaltechstore.com.pe/" "Mozilla/5.0 AppleWebKit/537.36 (KHTML, like Gecko; compatible; Googlebot/2.1; +http://www.google.com/bot.html) Chrome/112.0.5615.142 Safari/537.36"
66.249.70.107 - - [09/May/2023:10:31:41 -0400] "GET /wp-content/plugins/woocommerce/assets/js/frontend/cart-fragments.min.js?ver=7.0.1 HTTP/1.1" 200 934 "https://ovaltechstore.com.pe/" "Mozilla/5.0 AppleWebKit/537.36 (KHTML, like Gecko; compatible; Googlebot/2.1; +http://www.google.com/bot.html) Chrome/112.0.5615.142 Safari/537.36"
66.249.70.107 - - [09/May/2023:10:31:41 -0400] "GET /wp-content/themes/top-store/inc/woocommerce/quick-view/js/quick-view.js?ver=6.2 HTTP/1.1" 200 1850 "https://ovaltechstore.com.pe/" "Mozilla/5.0 AppleWebKit/537.36 (KHTML, like Gecko; compatible; Googlebot/2.1; +http://www.google.com/bot.html) Chrome/112.0.5615.142 Safari/537.36"
66.249.70.107 - - [09/May/2023:10:31:41 -0400] "GET /wp-includes/js/jquery/ui/menu.min.js?ver=1.13.2 HTTP/1.1" 200 2883 "https://ovaltechstore.com.pe/" "Mozilla/5.0 AppleWebKit/537.36 (KHTML, like Gecko; compatible; Googlebot/2.1; +http://www.google.com/bot.html) Chrome/112.0.5615.142 Safari/537.36"
66.249.70.109 - - [09/May/2023:10:31:42 -0400] "GET /wp-content/plugins/elementor-pro/assets/lib/smartmenus/jquery.smartmenus.min.js?ver=1.0.1 HTTP/1.1" 200 6935 "https://ovaltechstore.com.pe/" "Mozilla/5.0 AppleWebKit/537.36 (KHTML, like Gecko; compatible; Googlebot/2.1; +http://www.google.com/bot.html) Chrome/112.0.5615.142 Safari/537.36"
66.249.70.109 - - [09/May/2023:10:31:42 -0400] "GET /wp-content/plugins/elementor-pro/assets/js/webpack-pro.runtime.min.js?ver=3.7.7 HTTP/1.1" 200 2188 "https://ovaltechstore.com.pe/" "Mozilla/5.0 AppleWebKit/537.36 (KHTML, like Gecko; compatible; Googlebot/2.1; +http://www.google.com/bot.html) Chrome/112.0.5615.142 Safari/537.36"
66.249.70.107 - - [09/May/2023:10:31:42 -0400] "GET /wp-includes/js/wp-util.min.js?ver=6.2 HTTP/1.1" 200 690 "https://ovaltechstore.com.pe/" "Mozilla/5.0 AppleWebKit/537.36 (KHTML, like Gecko; compatible; Googlebot/2.1; +http://www.google.com/bot.html) Chrome/112.0.5615.142 Safari/537.36"
66.249.70.109 - - [09/May/2023:10:31:42 -0400] "GET /wp-content/plugins/woocommerce/assets/js/frontend/add-to-cart-variation.min.js?ver=7.0.1 HTTP/1.1" 200 3436 "https://ovaltechstore.com.pe/" "Mozilla/5.0 AppleWebKit/537.36 (KHTML, like Gecko; compatible; Googlebot/2.1; +http://www.google.com/bot.html) Chrome/112.0.5615.142 Safari/537.36"
66.249.70.109 - - [09/May/2023:10:31:42 -0400] "GET /wp-includes/js/dist/vendor/wp-polyfill.min.js?ver=3.15.0 HTTP/1.1" 200 6335 "https://ovaltechstore.com.pe/" "Mozilla/5.0 AppleWebKit/537.36 (KHTML, like Gecko; compatible; Googlebot/2.1; +http://www.google.com/bot.html) Chrome/112.0.5615.142 Safari/537.36"
66.249.70.107 - - [09/May/2023:10:31:42 -0400] "GET /wp-content/plugins/elementor/assets/js/frontend-modules.min.js?ver=3.8.0 HTTP/1.1" 200 10425 "https://ovaltechstore.com.pe/" "Mozilla/5.0 AppleWebKit/537.36 (KHTML, like Gecko; compatible; Googlebot/2.1; +http://www.google.com/bot.html) Chrome/112.0.5615.142 Safari/537.36"
66.249.70.107 - - [09/May/2023:10:31:42 -0400] "GET /wp-content/themes/top-store//js/sticky-sidebar.js?ver=1.3.2 HTTP/1.1" 200 2915 "https://ovaltechstore.com.pe/" "Mozilla/5.0 AppleWebKit/537.36 (KHTML, like Gecko; compatible; Googlebot/2.1; +http://www.google.com/bot.html) Chrome/112.0.5615.142 Safari/537.36"
66.249.70.107 - - [09/May/2023:10:31:42 -0400] "GET /wp-content/plugins/elementor-pro/assets/js/elements-handlers.min.js?ver=3.7.7 HTTP/1.1" 200 5290 "https://ovaltechstore.com.pe/" "Mozilla/5.0 AppleWebKit/537.36 (KHTML, like Gecko; compatible; Googlebot/2.1; +http://www.google.com/bot.html) Chrome/112.0.5615.142 Safari/537.36"
66.249.70.109 - - [09/May/2023:10:31:42 -0400] "GET /wp-includes/js/jquery/ui/core.min.js?ver=1.13.2 HTTP/1.1" 200 6801 "https://ovaltechstore.com.pe/" "Mozilla/5.0 AppleWebKit/537.36 (KHTML, like Gecko; compatible; Googlebot/2.1; +http://www.google.com/bot.html) Chrome/112.0.5615.142 Safari/537.36"
66.249.70.109 - - [09/May/2023:10:31:43 -0400] "GET /wp-content/plugins/elementor/assets/js/webpack.runtime.min.js?ver=3.8.0 HTTP/1.1" 200 2044 "https://ovaltechstore.com.pe/" "Mozilla/5.0 AppleWebKit/537.36 (KHTML, like Gecko; compatible; Googlebot/2.1; +http://www.google.com/bot.html) Chrome/112.0.5615.142 Safari/537.36"
66.249.70.107 - - [09/May/2023:10:31:43 -0400] "POST /?wc-ajax=get_refreshed_fragments&elementor_page_id=58 HTTP/1.1" 200 182 "https://ovaltechstore.com.pe/" "Mozilla/5.0 AppleWebKit/537.36 (KHTML, like Gecko; compatible; Googlebot/2.1; +http://www.google.com/bot.html) Chrome/112.0.5615.142 Safari/537.36"
66.249.70.107 - - [09/May/2023:10:31:44 -0400] "GET /wp-content/plugins/elementor-pro/assets/js/nav-menu.3de49ba5ef86f9a22ff5.bundle.min.js HTTP/1.1" 200 1173 "https://ovaltechstore.com.pe/" "Mozilla/5.0 AppleWebKit/537.36 (KHTML, like Gecko; compatible; Googlebot/2.1; +http://www.google.com/bot.html) Chrome/112.0.5615.142 Safari/537.36"
66.249.70.107 - - [09/May/2023:10:31:44 -0400] "GET /wp-content/plugins/elementor-pro/assets/js/woocommerce-menu-cart.37905d32f638831bc09d.bundle.min.js HTTP/1.1" 200 1457 "https://ovaltechstore.com.pe/" "Mozilla/5.0 AppleWebKit/537.36 (KHTML, like Gecko; compatible; Googlebot/2.1; +http://www.google.com/bot.html) Chrome/112.0.5615.142 Safari/537.36"
66.249.70.107 - - [09/May/2023:10:31:44 -0400] "GET /wp-content/plugins/elementor/assets/js/image-carousel.e02695895b33b77d89de.bundle.min.js HTTP/1.1" 200 1107 "https://ovaltechstore.com.pe/" "Mozilla/5.0 AppleWebKit/537.36 (KHTML, like Gecko; compatible; Googlebot/2.1; +http://www.google.com/bot.html) Chrome/112.0.5615.142 Safari/537.36"
66.249.70.107 - - [09/May/2023:10:31:44 -0400] "GET /wp-content/plugins/elementor/assets/js/text-editor.2c35aafbe5bf0e127950.bundle.min.js HTTP/1.1" 200 599 "https://ovaltechstore.com.pe/" "Mozilla/5.0 AppleWebKit/537.36 (KHTML, like Gecko; compatible; Googlebot/2.1; +http://www.google.com/bot.html) Chrome/112.0.5615.142 Safari/537.36"
66.249.70.109 - - [09/May/2023:10:31:44 -0400] "GET /wp-content/plugins/elementor/assets/lib/swiper/swiper.min.js?ver=5.3.6 HTTP/1.1" 200 34004 "https://ovaltechstore.com.pe/" "Mozilla/5.0 AppleWebKit/537.36 (KHTML, like Gecko; compatible; Googlebot/2.1; +http://www.google.com/bot.html) Chrome/112.0.5615.142 Safari/537.36"
69.46.23.98 - - [09/May/2023:10:32:33 -0400] "POST /wp-cron.php?doing_wp_cron=1683642753.1548099517822265625000 HTTP/1.1" 200 0 "-" "WordPress/6.2; https://ovaltechstore.com.pe"
66.249.70.107 - - [09/May/2023:10:32:32 -0400] "GET / HTTP/1.1" 200 24878 "-" "Mozilla/5.0 (Linux; Android 6.0.1; Nexus 5X Build/MMB29P) AppleWebKit/537.36 (KHTML, like Gecko) Chrome/112.0.5615.142 Mobile Safari/537.36 (compatible; Googlebot/2.1; +http://www.google.com/bot.html)"
69.46.23.98 - - [09/May/2023:10:38:34 -0400] "POST /wp-cron.php?doing_wp_cron=1683643114.3257079124450683593750 HTTP/1.1" 200 0 "-" "WordPress/6.2; https://ovaltechstore.com.pe"
40.77.167.85 - - [09/May/2023:10:38:32 -0400] "GET /robots.txt HTTP/2" 200 114 "-" "Mozilla/5.0 AppleWebKit/537.36 (KHTML, like Gecko; compatible; bingbot/2.0; +http://www.bing.com/bingbot.htm) Chrome/103.0.5060.134 Safari/537.36"
40.77.167.174 - - [09/May/2023:11:09:55 -0400] "GET /wp-content/uploads/2022/11/5983cf29-8c4d-4e7f-96e0-903fee5319c5.jpg HTTP/2" 200 16473 "-" "Mozilla/5.0 AppleWebKit/537.36 (KHTML, like Gecko; compatible; bingbot/2.0; +http://www.bing.com/bingbot.htm) Chrome/103.0.5060.134 Safari/537.36"
69.46.23.98 - - [09/May/2023:11:48:51 -0400] "POST /wp-cron.php?doing_wp_cron=1683647331.9327290058135986328125 HTTP/1.1" 200 0 "-" "WordPress/6.2; https://ovaltechstore.com.pe"
66.249.70.107 - - [09/May/2023:11:48:50 -0400] "GET /wp-sitemap-posts-product-1.xml HTTP/1.1" 200 1944 "-" "Mozilla/5.0 (compatible; Googlebot/2.1; +http://www.google.com/bot.html)"
69.46.23.98 - - [09/May/2023:11:48:54 -0400] "GET / HTTP/1.1" 200 28546 "-" "WordPress/6.2; https://ovaltechstore.com.pe"
69.46.23.98 - - [09/May/2023:11:48:54 -0400] "GET /wp-json/jetpack/v4/sync/spawn-sync?time=1683647334&request_lock_id=1683647334.9592 HTTP/1.1" 200 37 "-" "WordPress/6.2; https://ovaltechstore.com.pe"
69.46.23.98 - - [09/May/2023:11:48:56 -0400] "POST /wp-admin/admin-ajax.php?action=as_async_request_queue_runner&nonce=4a7c83bd5b HTTP/1.1" 200 0 "-" "WordPress/6.2; https://ovaltechstore.com.pe"
40.77.167.164 - - [09/May/2023:11:49:24 -0400] "GET /wp-content/uploads/2022/11/6aecf780-d749-4dee-8656-83451fcbf845.jpg HTTP/2" 200 16727 "-" "Mozilla/5.0 AppleWebKit/537.36 (KHTML, like Gecko; compatible; bingbot/2.0; +http://www.bing.com/bingbot.htm) Chrome/103.0.5060.134 Safari/537.36"
69.46.23.98 - - [09/May/2023:12:47:33 -0400] "POST /wp-cron.php?doing_wp_cron=1683650853.8076570034027099609375 HTTP/1.1" 200 0 "-" "WordPress/6.2; https://ovaltechstore.com.pe"
66.249.70.111 - - [09/May/2023:12:47:30 -0400] "GET /producto/silla-gamer-teraware-sgt4gro-gas-clase-2-negro-y-rojo/ HTTP/1.1" 200 19306 "-" "Mozilla/5.0 (compatible; Googlebot/2.1; +http://www.google.com/bot.html)"
66.249.70.109 - - [09/May/2023:12:47:41 -0400] "GET /wp-content/uploads/elementor/css/post-140.css?ver=1667656835 HTTP/1.1" 200 1558 "https://ovaltechstore.com.pe/producto/silla-gamer-teraware-sgt4gro-gas-clase-2-negro-y-rojo/" "Mozilla/5.0 AppleWebKit/537.36 (KHTML, like Gecko; compatible; Googlebot/2.1; +http://www.google.com/bot.html) Chrome/112.0.5615.142 Safari/537.36"
66.249.70.107 - - [09/May/2023:12:47:41 -0400] "GET /wp-content/plugins/woocommerce/assets/js/zoom/jquery.zoom.min.js?ver=1.7.21-wc.7.0.1 HTTP/1.1" 200 1041 "https://ovaltechstore.com.pe/producto/silla-gamer-teraware-sgt4gro-gas-clase-2-negro-y-rojo/" "Mozilla/5.0 AppleWebKit/537.36 (KHTML, like Gecko; compatible; Googlebot/2.1; +http://www.google.com/bot.html) Chrome/112.0.5615.142 Safari/537.36"
66.249.70.107 - - [09/May/2023:12:47:41 -0400] "GET /wp-includes/js/jquery/ui/effect.min.js?ver=1.13.2 HTTP/1.1" 200 6307 "https://ovaltechstore.com.pe/producto/silla-gamer-teraware-sgt4gro-gas-clase-2-negro-y-rojo/" "Mozilla/5.0 AppleWebKit/537.36 (KHTML, like Gecko; compatible; Googlebot/2.1; +http://www.google.com/bot.html) Chrome/112.0.5615.142 Safari/537.36"
66.249.70.109 - - [09/May/2023:12:47:41 -0400] "GET /wp-content/plugins/elementor-pro/assets/js/elements-handlers.min.js?ver=3.7.7 HTTP/1.1" 200 5290 "https://ovaltechstore.com.pe/producto/silla-gamer-teraware-sgt4gro-gas-clase-2-negro-y-rojo/" "Mozilla/5.0 AppleWebKit/537.36 (KHTML, like Gecko; compatible; Googlebot/2.1; +http://www.google.com/bot.html) Chrome/112.0.5615.142 Safari/537.36"
66.249.70.109 - - [09/May/2023:12:47:41 -0400] "GET /wp-includes/js/comment-reply.min.js?ver=6.2 HTTP/1.1" 200 1228 "https://ovaltechstore.com.pe/producto/silla-gamer-teraware-sgt4gro-gas-clase-2-negro-y-rojo/" "Mozilla/5.0 AppleWebKit/537.36 (KHTML, like Gecko; compatible; Googlebot/2.1; +http://www.google.com/bot.html) Chrome/112.0.5615.142 Safari/537.36"
66.249.70.109 - - [09/May/2023:12:47:41 -0400] "GET /wp-content/plugins/elementor-pro/assets/lib/smartmenus/jquery.smartmenus.min.js?ver=1.0.1 HTTP/1.1" 200 6935 "https://ovaltechstore.com.pe/producto/silla-gamer-teraware-sgt4gro-gas-clase-2-negro-y-rojo/" "Mozilla/5.0 AppleWebKit/537.36 (KHTML, like Gecko; compatible; Googlebot/2.1; +http://www.google.com/bot.html) Chrome/112.0.5615.142 Safari/537.36"
66.249.70.109 - - [09/May/2023:12:47:41 -0400] "GET /wp-content/plugins/woocommerce/assets/css/woocommerce-smallscreen.css?ver=7.0.1 HTTP/1.1" 200 1058 "https://ovaltechstore.com.pe/producto/silla-gamer-teraware-sgt4gro-gas-clase-2-negro-y-rojo/" "Mozilla/5.0 AppleWebKit/537.36 (KHTML, like Gecko; compatible; Googlebot/2.1; +http://www.google.com/bot.html) Chrome/112.0.5615.142 Safari/537.36"
66.249.79.67 - - [09/May/2023:12:47:42 -0400] "GET /wp-includes/js/dist/i18n.min.js?ver=9e794f35a71bb98672ae HTTP/1.1" 200 3717 "https://ovaltechstore.com.pe/producto/silla-gamer-teraware-sgt4gro-gas-clase-2-negro-y-rojo/" "Mozilla/5.0 AppleWebKit/537.36 (KHTML, like Gecko; compatible; Googlebot/2.1; +http://www.google.com/bot.html) Chrome/112.0.5615.142 Safari/537.36"
66.249.70.109 - - [09/May/2023:12:47:42 -0400] "GET /wp-content/plugins/elementor/assets/lib/dialog/dialog.min.js?ver=4.9.0 HTTP/1.1" 200 3268 "https://ovaltechstore.com.pe/producto/silla-gamer-teraware-sgt4gro-gas-clase-2-negro-y-rojo/" "Mozilla/5.0 AppleWebKit/537.36 (KHTML, like Gecko; compatible; Googlebot/2.1; +http://www.google.com/bot.html) Chrome/112.0.5615.142 Safari/537.36"
66.249.70.109 - - [09/May/2023:12:47:42 -0400] "GET /wp-content/plugins/elementor/assets/lib/share-link/share-link.min.js?ver=3.8.0 HTTP/1.1" 200 1047 "https://ovaltechstore.com.pe/producto/silla-gamer-teraware-sgt4gro-gas-clase-2-negro-y-rojo/" "Mozilla/5.0 AppleWebKit/537.36 (KHTML, like Gecko; compatible; Googlebot/2.1; +http://www.google.com/bot.html) Chrome/112.0.5615.142 Safari/537.36"
66.249.70.107 - - [09/May/2023:12:47:42 -0400] "GET /wp-content/plugins/elementor/assets/js/lightbox.2d166d71ba2a6a9e66fd.bundle.min.js HTTP/1.1" 200 9020 "https://ovaltechstore.com.pe/producto/silla-gamer-teraware-sgt4gro-gas-clase-2-negro-y-rojo/" "Mozilla/5.0 AppleWebKit/537.36 (KHTML, like Gecko; compatible; Googlebot/2.1; +http://www.google.com/bot.html) Chrome/112.0.5615.142 Safari/537.36"
66.249.70.107 - - [09/May/2023:12:47:42 -0400] "POST /?wc-ajax=get_refreshed_fragments&elementor_page_id=518 HTTP/1.1" 200 182 "https://ovaltechstore.com.pe/producto/silla-gamer-teraware-sgt4gro-gas-clase-2-negro-y-rojo/" "Mozilla/5.0 AppleWebKit/537.36 (KHTML, like Gecko; compatible; Googlebot/2.1; +http://www.google.com/bot.html) Chrome/112.0.5615.142 Safari/537.36"
66.249.70.107 - - [09/May/2023:12:47:43 -0400] "GET /wp-content/plugins/elementor-pro/assets/js/nav-menu.3de49ba5ef86f9a22ff5.bundle.min.js HTTP/1.1" 200 1173 "https://ovaltechstore.com.pe/producto/silla-gamer-teraware-sgt4gro-gas-clase-2-negro-y-rojo/" "Mozilla/5.0 AppleWebKit/537.36 (KHTML, like Gecko; compatible; Googlebot/2.1; +http://www.google.com/bot.html) Chrome/112.0.5615.142 Safari/537.36"
40.77.167.164 - - [09/May/2023:14:09:48 -0400] "GET /wp-content/uploads/2022/11/85c2eb85-7c52-4d61-b9f1-762dd569322e.jpg HTTP/2" 200 14464 "-" "Mozilla/5.0 AppleWebKit/537.36 (KHTML, like Gecko; compatible; bingbot/2.0; +http://www.bing.com/bingbot.htm) Chrome/103.0.5060.134 Safari/537.36"
52.167.144.154 - - [09/May/2023:16:14:52 -0400] "GET /wp-content/uploads/2022/11/08884ce2-654a-4729-943f-ff27d8637978.jpg HTTP/2" 200 8708 "-" "Mozilla/5.0 AppleWebKit/537.36 (KHTML, like Gecko; compatible; bingbot/2.0; +http://www.bing.com/bingbot.htm) Chrome/103.0.5060.134 Safari/537.36"
69.46.23.98 - - [09/May/2023:17:04:05 -0400] "POST /wp-cron.php?doing_wp_cron=1683666245.8688890933990478515625 HTTP/1.1" 200 0 "-" "WordPress/6.2; https://ovaltechstore.com.pe"
3.96.43.129 - - [09/May/2023:17:04:01 -0400] "HEAD / HTTP/1.1" 200 0 "-" "webprosbot/2.0 (+mailto:abuse-6337@webpros.com)"
69.46.23.98 - - [09/May/2023:19:08:57 -0400] "POST /wp-cron.php?doing_wp_cron=1683673737.1076989173889160156250 HTTP/1.1" 200 0 "-" "WordPress/6.2; https://ovaltechstore.com.pe"
179.6.18.130 - - [09/May/2023:19:08:57 -0400] "GET /wp-includes/css/dist/block-library/style.min.css?ver=6.2 HTTP/2" 200 11775 "https://ovaltechstore.com.pe/producto/monitor-curvo-49-240hz-1ms-5k-g-sync-qled-samsung-odyssey-g9/" "Mozilla/5.0 (Windows NT 10.0; Win64; x64) AppleWebKit/537.36 (KHTML, like Gecko) Chrome/112.0.0.0 Safari/537.36"
179.6.18.130 - - [09/May/2023:19:08:57 -0400] "GET /wp-includes/js/mediaelement/mediaelementplayer-legacy.min.css?ver=4.2.17 HTTP/2" 200 2394 "https://ovaltechstore.com.pe/producto/monitor-curvo-49-240hz-1ms-5k-g-sync-qled-samsung-odyssey-g9/" "Mozilla/5.0 (Windows NT 10.0; Win64; x64) AppleWebKit/537.36 (KHTML, like Gecko) Chrome/112.0.0.0 Safari/537.36"
179.6.18.130 - - [09/May/2023:19:08:57 -0400] "GET /wp-includes/js/mediaelement/wp-mediaelement.min.css?ver=6.2 HTTP/2" 200 982 "https://ovaltechstore.com.pe/producto/monitor-curvo-49-240hz-1ms-5k-g-sync-qled-samsung-odyssey-g9/" "Mozilla/5.0 (Windows NT 10.0; Win64; x64) AppleWebKit/537.36 (KHTML, like Gecko) Chrome/112.0.0.0 Safari/537.36"
179.6.18.130 - - [09/May/2023:19:08:57 -0400] "GET /wp-content/plugins/woocommerce/packages/woocommerce-blocks/build/wc-blocks-vendors-style.css?ver=8.5.2 HTTP/2" 200 1754 "https://ovaltechstore.com.pe/producto/monitor-curvo-49-240hz-1ms-5k-g-sync-qled-samsung-odyssey-g9/" "Mozilla/5.0 (Windows NT 10.0; Win64; x64) AppleWebKit/537.36 (KHTML, like Gecko) Chrome/112.0.0.0 Safari/537.36"
179.6.18.130 - - [09/May/2023:19:08:57 -0400] "GET /wp-content/plugins/woocommerce/packages/woocommerce-blocks/build/wc-blocks-style.css?ver=8.5.2 HTTP/1.1" 200 22479 "https://ovaltechstore.com.pe/producto/monitor-curvo-49-240hz-1ms-5k-g-sync-qled-samsung-odyssey-g9/" "Mozilla/5.0 (Windows NT 10.0; Win64; x64) AppleWebKit/537.36 (KHTML, like Gecko) Chrome/112.0.0.0 Safari/537.36"
179.6.18.130 - - [09/May/2023:19:08:57 -0400] "GET /wp-content/plugins/wp-whatsapp/assets/dist/css/style.css?ver=6.2 HTTP/1.1" 200 4985 "https://ovaltechstore.com.pe/producto/monitor-curvo-49-240hz-1ms-5k-g-sync-qled-samsung-odyssey-g9/" "Mozilla/5.0 (Windows NT 10.0; Win64; x64) AppleWebKit/537.36 (KHTML, like Gecko) Chrome/112.0.0.0 Safari/537.36"
179.6.18.130 - - [09/May/2023:19:08:58 -0400] "GET /wp-includes/css/classic-themes.min.css?ver=6.2 HTTP/1.1" 200 164 "https://ovaltechstore.com.pe/producto/monitor-curvo-49-240hz-1ms-5k-g-sync-qled-samsung-odyssey-g9/" "Mozilla/5.0 (Windows NT 10.0; Win64; x64) AppleWebKit/537.36 (KHTML, like Gecko) Chrome/112.0.0.0 Safari/537.36"
179.6.18.130 - - [09/May/2023:19:08:58 -0400] "GET /wp-content/plugins/woocommerce/assets/css/photoswipe/photoswipe.min.css?ver=7.0.1 HTTP/1.1" 200 857 "https://ovaltechstore.com.pe/producto/monitor-curvo-49-240hz-1ms-5k-g-sync-qled-samsung-odyssey-g9/" "Mozilla/5.0 (Windows NT 10.0; Win64; x64) AppleWebKit/537.36 (KHTML, like Gecko) Chrome/112.0.0.0 Safari/537.36"
179.6.18.130 - - [09/May/2023:19:08:58 -0400] "GET /wp-content/plugins/woocommerce/assets/css/photoswipe/default-skin/default-skin.min.css?ver=7.0.1 HTTP/1.1" 200 1728 "https://ovaltechstore.com.pe/producto/monitor-curvo-49-240hz-1ms-5k-g-sync-qled-samsung-odyssey-g9/" "Mozilla/5.0 (Windows NT 10.0; Win64; x64) AppleWebKit/537.36 (KHTML, like Gecko) Chrome/112.0.0.0 Safari/537.36"
179.6.18.130 - - [09/May/2023:19:08:58 -0400] "GET /wp-content/plugins/woocommerce/assets/css/woocommerce-layout.css?ver=7.0.1 HTTP/1.1" 200 2329 "https://ovaltechstore.com.pe/producto/monitor-curvo-49-240hz-1ms-5k-g-sync-qled-samsung-odyssey-g9/" "Mozilla/5.0 (Windows NT 10.0; Win64; x64) AppleWebKit/537.36 (KHTML, like Gecko) Chrome/112.0.0.0 Safari/537.36"
179.6.18.130 - - [09/May/2023:19:08:58 -0400] "GET /wp-content/plugins/woocommerce/assets/css/woocommerce.css?ver=7.0.1 HTTP/1.1" 200 8434 "https://ovaltechstore.com.pe/producto/monitor-curvo-49-240hz-1ms-5k-g-sync-qled-samsung-odyssey-g9/" "Mozilla/5.0 (Windows NT 10.0; Win64; x64) AppleWebKit/537.36 (KHTML, like Gecko) Chrome/112.0.0.0 Safari/537.36"
179.6.18.130 - - [09/May/2023:19:08:58 -0400] "GET /wp-content/plugins/elementor/assets/lib/font-awesome/css/font-awesome.min.css?ver=4.7.0 HTTP/1.1" 200 6657 "https://ovaltechstore.com.pe/producto/monitor-curvo-49-240hz-1ms-5k-g-sync-qled-samsung-odyssey-g9/" "Mozilla/5.0 (Windows NT 10.0; Win64; x64) AppleWebKit/537.36 (KHTML, like Gecko) Chrome/112.0.0.0 Safari/537.36"
179.6.18.130 - - [09/May/2023:19:08:53 -0400] "GET /producto/monitor-curvo-49-240hz-1ms-5k-g-sync-qled-samsung-odyssey-g9/ HTTP/2" 200 19128 "https://www.google.com/" "Mozilla/5.0 (Windows NT 10.0; Win64; x64) AppleWebKit/537.36 (KHTML, like Gecko) Chrome/112.0.0.0 Safari/537.36"
179.6.18.130 - - [09/May/2023:19:08:58 -0400] "GET /wp-content/themes/top-store//third-party/fonts/th-icon/style.css?ver=1.3.2 HTTP/1.1" 200 953 "https://ovaltechstore.com.pe/producto/monitor-curvo-49-240hz-1ms-5k-g-sync-qled-samsung-odyssey-g9/" "Mozilla/5.0 (Windows NT 10.0; Win64; x64) AppleWebKit/537.36 (KHTML, like Gecko) Chrome/112.0.0.0 Safari/537.36"
179.6.18.130 - - [09/May/2023:19:08:58 -0400] "GET /wp-content/themes/top-store//css/animate.css?ver=1.3.2 HTTP/1.1" 200 4449 "https://ovaltechstore.com.pe/producto/monitor-curvo-49-240hz-1ms-5k-g-sync-qled-samsung-odyssey-g9/" "Mozilla/5.0 (Windows NT 10.0; Win64; x64) AppleWebKit/537.36 (KHTML, like Gecko) Chrome/112.0.0.0 Safari/537.36"
179.6.18.130 - - [09/May/2023:19:08:58 -0400] "GET /wp-content/themes/top-store//css/top-store-menu.css?ver=1.3.2 HTTP/1.1" 200 4100 "https://ovaltechstore.com.pe/producto/monitor-curvo-49-240hz-1ms-5k-g-sync-qled-samsung-odyssey-g9/" "Mozilla/5.0 (Windows NT 10.0; Win64; x64) AppleWebKit/537.36 (KHTML, like Gecko) Chrome/112.0.0.0 Safari/537.36"
179.6.18.130 - - [09/May/2023:19:08:58 -0400] "GET /wp-content/themes/top-store/style.css?ver=1.3.2 HTTP/1.1" 200 35757 "https://ovaltechstore.com.pe/producto/monitor-curvo-49-240hz-1ms-5k-g-sync-qled-samsung-odyssey-g9/" "Mozilla/5.0 (Windows NT 10.0; Win64; x64) AppleWebKit/537.36 (KHTML, like Gecko) Chrome/112.0.0.0 Safari/537.36"
179.6.18.130 - - [09/May/2023:19:08:58 -0400] "GET /wp-includes/css/dashicons.min.css?ver=6.2 HTTP/1.1" 200 35110 "https://ovaltechstore.com.pe/producto/monitor-curvo-49-240hz-1ms-5k-g-sync-qled-samsung-odyssey-g9/" "Mozilla/5.0 (Windows NT 10.0; Win64; x64) AppleWebKit/537.36 (KHTML, like Gecko) Chrome/112.0.0.0 Safari/537.36"
179.6.18.130 - - [09/May/2023:19:08:58 -0400] "GET /wp-content/themes/top-store/inc/woocommerce/quick-view/css/quick-view.css?ver=6.2 HTTP/1.1" 200 1953 "https://ovaltechstore.com.pe/producto/monitor-curvo-49-240hz-1ms-5k-g-sync-qled-samsung-odyssey-g9/" "Mozilla/5.0 (Windows NT 10.0; Win64; x64) AppleWebKit/537.36 (KHTML, like Gecko) Chrome/112.0.0.0 Safari/537.36"
179.6.18.130 - - [09/May/2023:19:08:58 -0400] "GET /wp-content/plugins/elementor/assets/lib/eicons/css/elementor-icons.min.css?ver=5.16.0 HTTP/1.1" 200 3629 "https://ovaltechstore.com.pe/producto/monitor-curvo-49-240hz-1ms-5k-g-sync-qled-samsung-odyssey-g9/" "Mozilla/5.0 (Windows NT 10.0; Win64; x64) AppleWebKit/537.36 (KHTML, like Gecko) Chrome/112.0.0.0 Safari/537.36"
179.6.18.130 - - [09/May/2023:19:08:58 -0400] "GET /wp-content/uploads/elementor/css/post-6.css?ver=1667620506 HTTP/1.1" 200 327 "https://ovaltechstore.com.pe/producto/monitor-curvo-49-240hz-1ms-5k-g-sync-qled-samsung-odyssey-g9/" "Mozilla/5.0 (Windows NT 10.0; Win64; x64) AppleWebKit/537.36 (KHTML, like Gecko) Chrome/112.0.0.0 Safari/537.36"
179.6.18.130 - - [09/May/2023:19:08:58 -0400] "GET /wp-content/plugins/elementor/assets/css/frontend-lite.min.css?ver=3.8.0 HTTP/1.1" 200 12400 "https://ovaltechstore.com.pe/producto/monitor-curvo-49-240hz-1ms-5k-g-sync-qled-samsung-odyssey-g9/" "Mozilla/5.0 (Windows NT 10.0; Win64; x64) AppleWebKit/537.36 (KHTML, like Gecko) Chrome/112.0.0.0 Safari/537.36"
179.6.18.130 - - [09/May/2023:19:08:58 -0400] "GET /wp-content/plugins/elementor-pro/assets/css/frontend-lite.min.css?ver=3.7.7 HTTP/1.1" 200 1533 "https://ovaltechstore.com.pe/producto/monitor-curvo-49-240hz-1ms-5k-g-sync-qled-samsung-odyssey-g9/" "Mozilla/5.0 (Windows NT 10.0; Win64; x64) AppleWebKit/537.36 (KHTML, like Gecko) Chrome/112.0.0.0 Safari/537.36"
179.6.18.130 - - [09/May/2023:19:08:58 -0400] "GET /wp-content/uploads/elementor/css/post-15.css?ver=1669230421 HTTP/1.1" 200 740 "https://ovaltechstore.com.pe/producto/monitor-curvo-49-240hz-1ms-5k-g-sync-qled-samsung-odyssey-g9/" "Mozilla/5.0 (Windows NT 10.0; Win64; x64) AppleWebKit/537.36 (KHTML, like Gecko) Chrome/112.0.0.0 Safari/537.36"
179.6.18.130 - - [09/May/2023:19:08:58 -0400] "GET /wp-content/uploads/elementor/css/global.css?ver=1667620552 HTTP/1.1" 200 3402 "https://ovaltechstore.com.pe/producto/monitor-curvo-49-240hz-1ms-5k-g-sync-qled-samsung-odyssey-g9/" "Mozilla/5.0 (Windows NT 10.0; Win64; x64) AppleWebKit/537.36 (KHTML, like Gecko) Chrome/112.0.0.0 Safari/537.36"
179.6.18.130 - - [09/May/2023:19:08:58 -0400] "GET /wp-content/uploads/elementor/css/post-116.css?ver=1667653022 HTTP/1.1" 200 399 "https://ovaltechstore.com.pe/producto/monitor-curvo-49-240hz-1ms-5k-g-sync-qled-samsung-odyssey-g9/" "Mozilla/5.0 (Windows NT 10.0; Win64; x64) AppleWebKit/537.36 (KHTML, like Gecko) Chrome/112.0.0.0 Safari/537.36"
179.6.18.130 - - [09/May/2023:19:08:58 -0400] "GET /wp-content/plugins/elementor/assets/lib/font-awesome/css/fontawesome.min.css?ver=5.15.3 HTTP/1.1" 200 12133 "https://ovaltechstore.com.pe/producto/monitor-curvo-49-240hz-1ms-5k-g-sync-qled-samsung-odyssey-g9/" "Mozilla/5.0 (Windows NT 10.0; Win64; x64) AppleWebKit/537.36 (KHTML, like Gecko) Chrome/112.0.0.0 Safari/537.36"
179.6.18.130 - - [09/May/2023:19:08:58 -0400] "GET /wp-content/uploads/elementor/css/post-140.css?ver=1667656835 HTTP/1.1" 200 1558 "https://ovaltechstore.com.pe/producto/monitor-curvo-49-240hz-1ms-5k-g-sync-qled-samsung-odyssey-g9/" "Mozilla/5.0 (Windows NT 10.0; Win64; x64) AppleWebKit/537.36 (KHTML, like Gecko) Chrome/112.0.0.0 Safari/537.36"
69.46.23.98 - - [09/May/2023:19:08:58 -0400] "POST /wp-admin/admin-ajax.php HTTP/1.1" 200 0 "-" "WordPress/6.2; https://ovaltechstore.com.pe"
179.6.18.130 - - [09/May/2023:19:08:59 -0400] "GET /wp-content/plugins/elementor/assets/lib/font-awesome/css/solid.min.css?ver=5.15.3 HTTP/1.1" 200 286 "https://ovaltechstore.com.pe/producto/monitor-curvo-49-240hz-1ms-5k-g-sync-qled-samsung-odyssey-g9/" "Mozilla/5.0 (Windows NT 10.0; Win64; x64) AppleWebKit/537.36 (KHTML, like Gecko) Chrome/112.0.0.0 Safari/537.36"
179.6.18.130 - - [09/May/2023:19:08:59 -0400] "GET /wp-content/plugins/elementor/assets/lib/font-awesome/css/brands.min.css?ver=5.15.3 HTTP/1.1" 200 284 "https://ovaltechstore.com.pe/producto/monitor-curvo-49-240hz-1ms-5k-g-sync-qled-samsung-odyssey-g9/" "Mozilla/5.0 (Windows NT 10.0; Win64; x64) AppleWebKit/537.36 (KHTML, like Gecko) Chrome/112.0.0.0 Safari/537.36"
179.6.18.130 - - [09/May/2023:19:08:59 -0400] "GET /wp-content/plugins/jetpack/css/jetpack.css?ver=11.5.1 HTTP/1.1" 200 15569 "https://ovaltechstore.com.pe/producto/monitor-curvo-49-240hz-1ms-5k-g-sync-qled-samsung-odyssey-g9/" "Mozilla/5.0 (Windows NT 10.0; Win64; x64) AppleWebKit/537.36 (KHTML, like Gecko) Chrome/112.0.0.0 Safari/537.36"
179.6.18.130 - - [09/May/2023:19:08:59 -0400] "GET /wp-includes/js/jquery/jquery.min.js?ver=3.6.3 HTTP/1.1" 200 30376 "https://ovaltechstore.com.pe/producto/monitor-curvo-49-240hz-1ms-5k-g-sync-qled-samsung-odyssey-g9/" "Mozilla/5.0 (Windows NT 10.0; Win64; x64) AppleWebKit/537.36 (KHTML, like Gecko) Chrome/112.0.0.0 Safari/537.36"
179.6.18.130 - - [09/May/2023:19:08:59 -0400] "GET /wp-includes/js/jquery/jquery-migrate.min.js?ver=3.4.0 HTTP/1.1" 200 4603 "https://ovaltechstore.com.pe/producto/monitor-curvo-49-240hz-1ms-5k-g-sync-qled-samsung-odyssey-g9/" "Mozilla/5.0 (Windows NT 10.0; Win64; x64) AppleWebKit/537.36 (KHTML, like Gecko) Chrome/112.0.0.0 Safari/537.36"
179.6.18.130 - - [09/May/2023:19:08:59 -0400] "GET /wp-content/plugins/elementor-pro/assets/css/widget-nav-menu.min.css HTTP/1.1" 200 3343 "https://ovaltechstore.com.pe/producto/monitor-curvo-49-240hz-1ms-5k-g-sync-qled-samsung-odyssey-g9/" "Mozilla/5.0 (Windows NT 10.0; Win64; x64) AppleWebKit/537.36 (KHTML, like Gecko) Chrome/112.0.0.0 Safari/537.36"
179.6.18.130 - - [09/May/2023:19:08:59 -0400] "GET /wp-content/plugins/elementor-pro/assets/css/widget-woocommerce.min.css HTTP/1.1" 200 15574 "https://ovaltechstore.com.pe/producto/monitor-curvo-49-240hz-1ms-5k-g-sync-qled-samsung-odyssey-g9/" "Mozilla/5.0 (Windows NT 10.0; Win64; x64) AppleWebKit/537.36 (KHTML, like Gecko) Chrome/112.0.0.0 Safari/537.36"
179.6.18.130 - - [09/May/2023:19:08:59 -0400] "GET /wp-content/plugins/elementor/assets/lib/animations/animations.min.css?ver=3.8.0 HTTP/1.1" 200 2442 "https://ovaltechstore.com.pe/producto/monitor-curvo-49-240hz-1ms-5k-g-sync-qled-samsung-odyssey-g9/" "Mozilla/5.0 (Windows NT 10.0; Win64; x64) AppleWebKit/537.36 (KHTML, like Gecko) Chrome/112.0.0.0 Safari/537.36"
179.6.18.130 - - [09/May/2023:19:08:59 -0400] "GET /wp-content/plugins/woocommerce/assets/js/jquery-blockui/jquery.blockUI.min.js?ver=2.7.0-wc.7.0.1 HTTP/1.1" 200 3245 "https://ovaltechstore.com.pe/producto/monitor-curvo-49-240hz-1ms-5k-g-sync-qled-samsung-odyssey-g9/" "Mozilla/5.0 (Windows NT 10.0; Win64; x64) AppleWebKit/537.36 (KHTML, like Gecko) Chrome/112.0.0.0 Safari/537.36"
179.6.18.130 - - [09/May/2023:19:08:59 -0400] "GET /wp-content/plugins/woocommerce/assets/js/frontend/add-to-cart.min.js?ver=7.0.1 HTTP/1.1" 200 974 "https://ovaltechstore.com.pe/producto/monitor-curvo-49-240hz-1ms-5k-g-sync-qled-samsung-odyssey-g9/" "Mozilla/5.0 (Windows NT 10.0; Win64; x64) AppleWebKit/537.36 (KHTML, like Gecko) Chrome/112.0.0.0 Safari/537.36"
179.6.18.130 - - [09/May/2023:19:08:59 -0400] "GET /wp-content/plugins/woocommerce/assets/js/zoom/jquery.zoom.min.js?ver=1.7.21-wc.7.0.1 HTTP/1.1" 200 1041 "https://ovaltechstore.com.pe/producto/monitor-curvo-49-240hz-1ms-5k-g-sync-qled-samsung-odyssey-g9/" "Mozilla/5.0 (Windows NT 10.0; Win64; x64) AppleWebKit/537.36 (KHTML, like Gecko) Chrome/112.0.0.0 Safari/537.36"
179.6.18.130 - - [09/May/2023:19:08:59 -0400] "GET /wp-content/plugins/woocommerce/assets/js/flexslider/jquery.flexslider.min.js?ver=2.7.2-wc.7.0.1 HTTP/1.1" 200 6252 "https://ovaltechstore.com.pe/producto/monitor-curvo-49-240hz-1ms-5k-g-sync-qled-samsung-odyssey-g9/" "Mozilla/5.0 (Windows NT 10.0; Win64; x64) AppleWebKit/537.36 (KHTML, like Gecko) Chrome/112.0.0.0 Safari/537.36"
179.6.18.130 - - [09/May/2023:19:08:59 -0400] "GET /wp-content/plugins/woocommerce/assets/js/photoswipe/photoswipe.min.js?ver=4.1.1-wc.7.0.1 HTTP/1.1" 200 11613 "https://ovaltechstore.com.pe/producto/monitor-curvo-49-240hz-1ms-5k-g-sync-qled-samsung-odyssey-g9/" "Mozilla/5.0 (Windows NT 10.0; Win64; x64) AppleWebKit/537.36 (KHTML, like Gecko) Chrome/112.0.0.0 Safari/537.36"
179.6.18.130 - - [09/May/2023:19:08:59 -0400] "GET /wp-content/plugins/woocommerce/assets/js/photoswipe/photoswipe-ui-default.min.js?ver=4.1.1-wc.7.0.1 HTTP/1.1" 200 3432 "https://ovaltechstore.com.pe/producto/monitor-curvo-49-240hz-1ms-5k-g-sync-qled-samsung-odyssey-g9/" "Mozilla/5.0 (Windows NT 10.0; Win64; x64) AppleWebKit/537.36 (KHTML, like Gecko) Chrome/112.0.0.0 Safari/537.36"
179.6.18.130 - - [09/May/2023:19:08:59 -0400] "GET /wp-content/plugins/woocommerce/assets/js/frontend/single-product.min.js?ver=7.0.1 HTTP/1.1" 200 1713 "https://ovaltechstore.com.pe/producto/monitor-curvo-49-240hz-1ms-5k-g-sync-qled-samsung-odyssey-g9/" "Mozilla/5.0 (Windows NT 10.0; Win64; x64) AppleWebKit/537.36 (KHTML, like Gecko) Chrome/112.0.0.0 Safari/537.36"
179.6.18.130 - - [09/May/2023:19:08:59 -0400] "GET /wp-content/plugins/woocommerce/assets/js/js-cookie/js.cookie.min.js?ver=2.1.4-wc.7.0.1 HTTP/1.1" 200 899 "https://ovaltechstore.com.pe/producto/monitor-curvo-49-240hz-1ms-5k-g-sync-qled-samsung-odyssey-g9/" "Mozilla/5.0 (Windows NT 10.0; Win64; x64) AppleWebKit/537.36 (KHTML, like Gecko) Chrome/112.0.0.0 Safari/537.36"
179.6.18.130 - - [09/May/2023:19:08:59 -0400] "GET /wp-content/plugins/woocommerce/assets/js/frontend/woocommerce.min.js?ver=7.0.1 HTTP/1.1" 200 677 "https://ovaltechstore.com.pe/producto/monitor-curvo-49-240hz-1ms-5k-g-sync-qled-samsung-odyssey-g9/" "Mozilla/5.0 (Windows NT 10.0; Win64; x64) AppleWebKit/537.36 (KHTML, like Gecko) Chrome/112.0.0.0 Safari/537.36"
179.6.18.130 - - [09/May/2023:19:08:59 -0400] "GET /wp-content/plugins/woocommerce/assets/js/frontend/cart-fragments.min.js?ver=7.0.1 HTTP/1.1" 200 934 "https://ovaltechstore.com.pe/producto/monitor-curvo-49-240hz-1ms-5k-g-sync-qled-samsung-odyssey-g9/" "Mozilla/5.0 (Windows NT 10.0; Win64; x64) AppleWebKit/537.36 (KHTML, like Gecko) Chrome/112.0.0.0 Safari/537.36"
179.6.18.130 - - [09/May/2023:19:08:59 -0400] "GET /wp-content/plugins/wp-whatsapp/assets/dist/js/njt-whatsapp.js?ver=3.2 HTTP/1.1" 200 11156 "https://ovaltechstore.com.pe/producto/monitor-curvo-49-240hz-1ms-5k-g-sync-qled-samsung-odyssey-g9/" "Mozilla/5.0 (Windows NT 10.0; Win64; x64) AppleWebKit/537.36 (KHTML, like Gecko) Chrome/112.0.0.0 Safari/537.36"
179.6.18.130 - - [09/May/2023:19:08:59 -0400] "GET /wp-content/plugins/wp-whatsapp/assets/js/whatsapp-button.js?ver=3.2 HTTP/1.1" 200 389 "https://ovaltechstore.com.pe/producto/monitor-curvo-49-240hz-1ms-5k-g-sync-qled-samsung-odyssey-g9/" "Mozilla/5.0 (Windows NT 10.0; Win64; x64) AppleWebKit/537.36 (KHTML, like Gecko) Chrome/112.0.0.0 Safari/537.36"
179.6.18.130 - - [09/May/2023:19:08:59 -0400] "GET /wp-includes/js/jquery/ui/effect.min.js?ver=1.13.2 HTTP/1.1" 200 6307 "https://ovaltechstore.com.pe/producto/monitor-curvo-49-240hz-1ms-5k-g-sync-qled-samsung-odyssey-g9/" "Mozilla/5.0 (Windows NT 10.0; Win64; x64) AppleWebKit/537.36 (KHTML, like Gecko) Chrome/112.0.0.0 Safari/537.36"
179.6.18.130 - - [09/May/2023:19:08:59 -0400] "GET /wp-includes/js/jquery/ui/core.min.js?ver=1.13.2 HTTP/1.1" 200 6801 "https://ovaltechstore.com.pe/producto/monitor-curvo-49-240hz-1ms-5k-g-sync-qled-samsung-odyssey-g9/" "Mozilla/5.0 (Windows NT 10.0; Win64; x64) AppleWebKit/537.36 (KHTML, like Gecko) Chrome/112.0.0.0 Safari/537.36"
179.6.18.130 - - [09/May/2023:19:08:59 -0400] "GET /wp-includes/js/jquery/ui/menu.min.js?ver=1.13.2 HTTP/1.1" 200 2883 "https://ovaltechstore.com.pe/producto/monitor-curvo-49-240hz-1ms-5k-g-sync-qled-samsung-odyssey-g9/" "Mozilla/5.0 (Windows NT 10.0; Win64; x64) AppleWebKit/537.36 (KHTML, like Gecko) Chrome/112.0.0.0 Safari/537.36"
179.6.18.130 - - [09/May/2023:19:08:59 -0400] "GET /wp-includes/js/dist/vendor/wp-polyfill-inert.min.js?ver=3.1.2 HTTP/1.1" 200 2320 "https://ovaltechstore.com.pe/producto/monitor-curvo-49-240hz-1ms-5k-g-sync-qled-samsung-odyssey-g9/" "Mozilla/5.0 (Windows NT 10.0; Win64; x64) AppleWebKit/537.36 (KHTML, like Gecko) Chrome/112.0.0.0 Safari/537.36"
179.6.18.130 - - [09/May/2023:19:09:00 -0400] "GET /wp-includes/js/dist/vendor/regenerator-runtime.min.js?ver=0.13.11 HTTP/1.1" 200 2398 "https://ovaltechstore.com.pe/producto/monitor-curvo-49-240hz-1ms-5k-g-sync-qled-samsung-odyssey-g9/" "Mozilla/5.0 (Windows NT 10.0; Win64; x64) AppleWebKit/537.36 (KHTML, like Gecko) Chrome/112.0.0.0 Safari/537.36"
179.6.18.130 - - [09/May/2023:19:09:00 -0400] "GET /wp-includes/js/dist/vendor/wp-polyfill.min.js?ver=3.15.0 HTTP/1.1" 200 6335 "https://ovaltechstore.com.pe/producto/monitor-curvo-49-240hz-1ms-5k-g-sync-qled-samsung-odyssey-g9/" "Mozilla/5.0 (Windows NT 10.0; Win64; x64) AppleWebKit/537.36 (KHTML, like Gecko) Chrome/112.0.0.0 Safari/537.36"
179.6.18.130 - - [09/May/2023:19:09:00 -0400] "GET /wp-includes/js/dist/dom-ready.min.js?ver=392bdd43726760d1f3ca HTTP/1.1" 200 281 "https://ovaltechstore.com.pe/producto/monitor-curvo-49-240hz-1ms-5k-g-sync-qled-samsung-odyssey-g9/" "Mozilla/5.0 (Windows NT 10.0; Win64; x64) AppleWebKit/537.36 (KHTML, like Gecko) Chrome/112.0.0.0 Safari/537.36"
179.6.18.130 - - [09/May/2023:19:09:00 -0400] "GET /wp-includes/js/dist/hooks.min.js?ver=4169d3cf8e8d95a3d6d5 HTTP/1.1" 200 1575 "https://ovaltechstore.com.pe/producto/monitor-curvo-49-240hz-1ms-5k-g-sync-qled-samsung-odyssey-g9/" "Mozilla/5.0 (Windows NT 10.0; Win64; x64) AppleWebKit/537.36 (KHTML, like Gecko) Chrome/112.0.0.0 Safari/537.36"
179.6.18.130 - - [09/May/2023:19:09:00 -0400] "GET /wp-includes/js/dist/i18n.min.js?ver=9e794f35a71bb98672ae HTTP/1.1" 200 3717 "https://ovaltechstore.com.pe/producto/monitor-curvo-49-240hz-1ms-5k-g-sync-qled-samsung-odyssey-g9/" "Mozilla/5.0 (Windows NT 10.0; Win64; x64) AppleWebKit/537.36 (KHTML, like Gecko) Chrome/112.0.0.0 Safari/537.36"
179.6.18.130 - - [09/May/2023:19:09:00 -0400] "GET /wp-includes/js/dist/a11y.min.js?ver=ecce20f002eda4c19664 HTTP/1.1" 200 858 "https://ovaltechstore.com.pe/producto/monitor-curvo-49-240hz-1ms-5k-g-sync-qled-samsung-odyssey-g9/" "Mozilla/5.0 (Windows NT 10.0; Win64; x64) AppleWebKit/537.36 (KHTML, like Gecko) Chrome/112.0.0.0 Safari/537.36"
179.6.18.130 - - [09/May/2023:19:09:00 -0400] "GET /wp-includes/js/jquery/ui/autocomplete.min.js?ver=1.13.2 HTTP/1.1" 200 2677 "https://ovaltechstore.com.pe/producto/monitor-curvo-49-240hz-1ms-5k-g-sync-qled-samsung-odyssey-g9/" "Mozilla/5.0 (Windows NT 10.0; Win64; x64) AppleWebKit/537.36 (KHTML, like Gecko) Chrome/112.0.0.0 Safari/537.36"
179.6.18.130 - - [09/May/2023:19:09:00 -0400] "GET /wp-includes/js/imagesloaded.min.js?ver=4.1.4 HTTP/1.1" 200 1733 "https://ovaltechstore.com.pe/producto/monitor-curvo-49-240hz-1ms-5k-g-sync-qled-samsung-odyssey-g9/" "Mozilla/5.0 (Windows NT 10.0; Win64; x64) AppleWebKit/537.36 (KHTML, like Gecko) Chrome/112.0.0.0 Safari/537.36"
179.6.18.130 - - [09/May/2023:19:09:00 -0400] "GET /wp-content/themes/top-store//js/top-store-menu.js?ver=1.0.0 HTTP/1.1" 200 1167 "https://ovaltechstore.com.pe/producto/monitor-curvo-49-240hz-1ms-5k-g-sync-qled-samsung-odyssey-g9/" "Mozilla/5.0 (Windows NT 10.0; Win64; x64) AppleWebKit/537.36 (KHTML, like Gecko) Chrome/112.0.0.0 Safari/537.36"
179.6.18.130 - - [09/May/2023:19:09:00 -0400] "GET /wp-content/themes/top-store//js/sticky-sidebar.js?ver=1.3.2 HTTP/1.1" 200 2915 "https://ovaltechstore.com.pe/producto/monitor-curvo-49-240hz-1ms-5k-g-sync-qled-samsung-odyssey-g9/" "Mozilla/5.0 (Windows NT 10.0; Win64; x64) AppleWebKit/537.36 (KHTML, like Gecko) Chrome/112.0.0.0 Safari/537.36"
179.6.18.130 - - [09/May/2023:19:09:00 -0400] "GET /wp-content/themes/top-store//js/top-store-accordian-menu.js?ver=1.3.2 HTTP/1.1" 200 731 "https://ovaltechstore.com.pe/producto/monitor-curvo-49-240hz-1ms-5k-g-sync-qled-samsung-odyssey-g9/" "Mozilla/5.0 (Windows NT 10.0; Win64; x64) AppleWebKit/537.36 (KHTML, like Gecko) Chrome/112.0.0.0 Safari/537.36"
179.6.18.130 - - [09/May/2023:19:09:00 -0400] "GET /wp-content/themes/top-store//js/top-store-custom.js?ver=1.3.2 HTTP/1.1" 200 2789 "https://ovaltechstore.com.pe/producto/monitor-curvo-49-240hz-1ms-5k-g-sync-qled-samsung-odyssey-g9/" "Mozilla/5.0 (Windows NT 10.0; Win64; x64) AppleWebKit/537.36 (KHTML, like Gecko) Chrome/112.0.0.0 Safari/537.36"
179.6.18.130 - - [09/May/2023:19:09:00 -0400] "GET /wp-includes/js/comment-reply.min.js?ver=6.2 HTTP/1.1" 200 1228 "https://ovaltechstore.com.pe/producto/monitor-curvo-49-240hz-1ms-5k-g-sync-qled-samsung-odyssey-g9/" "Mozilla/5.0 (Windows NT 10.0; Win64; x64) AppleWebKit/537.36 (KHTML, like Gecko) Chrome/112.0.0.0 Safari/537.36"
179.6.18.130 - - [09/May/2023:19:09:00 -0400] "GET /wp-content/themes/top-store//inc/woocommerce/js/woocommerce.js?ver=1.0.0 HTTP/1.1" 200 2400 "https://ovaltechstore.com.pe/producto/monitor-curvo-49-240hz-1ms-5k-g-sync-qled-samsung-odyssey-g9/" "Mozilla/5.0 (Windows NT 10.0; Win64; x64) AppleWebKit/537.36 (KHTML, like Gecko) Chrome/112.0.0.0 Safari/537.36"
179.6.18.130 - - [09/May/2023:19:09:00 -0400] "GET /wp-content/themes/top-store/inc/woocommerce/quick-view/js/quick-view.js?ver=6.2 HTTP/1.1" 200 1850 "https://ovaltechstore.com.pe/producto/monitor-curvo-49-240hz-1ms-5k-g-sync-qled-samsung-odyssey-g9/" "Mozilla/5.0 (Windows NT 10.0; Win64; x64) AppleWebKit/537.36 (KHTML, like Gecko) Chrome/112.0.0.0 Safari/537.36"
179.6.18.130 - - [09/May/2023:19:09:01 -0400] "GET /wp-content/themes/top-store/third-party/fonts/site-font/Lato-Regular.ttf HTTP/1.1" 200 34987 "https://ovaltechstore.com.pe/wp-content/themes/top-store/style.css?ver=1.3.2" "Mozilla/5.0 (Windows NT 10.0; Win64; x64) AppleWebKit/537.36 (KHTML, like Gecko) Chrome/112.0.0.0 Safari/537.36"
